Component: ARM Compiler 5.06 update 7 (build 960) Tool: armlink [4d3601]

==============================================================================

Section Cross References

    main.o(i.main) refers to at32f403a_407_misc.o(i.nvic_priority_group_config) for nvic_priority_group_config
    main.o(i.main) refers to at32f403a_407_clock.o(i.system_clock_config) for system_clock_config
    main.o(i.main) refers to delay.o(i.delay_init) for delay_init
    main.o(i.main) refers to app.o(i.Peripherals_Init) for Peripherals_Init
    at32f403a_407_clock.o(i.system_clock_config) refers to at32f403a_407_crm.o(i.crm_reset) for crm_reset
    at32f403a_407_clock.o(i.system_clock_config) refers to at32f403a_407_crm.o(i.crm_clock_source_enable) for crm_clock_source_enable
    at32f403a_407_clock.o(i.system_clock_config) refers to at32f403a_407_crm.o(i.crm_hext_stable_wait) for crm_hext_stable_wait
    at32f403a_407_clock.o(i.system_clock_config) refers to at32f403a_407_crm.o(i.crm_pll_config) for crm_pll_config
    at32f403a_407_clock.o(i.system_clock_config) refers to at32f403a_407_crm.o(i.crm_hext_clock_div_set) for crm_hext_clock_div_set
    at32f403a_407_clock.o(i.system_clock_config) refers to at32f403a_407_crm.o(i.crm_flag_get) for crm_flag_get
    at32f403a_407_clock.o(i.system_clock_config) refers to at32f403a_407_crm.o(i.crm_ahb_div_set) for crm_ahb_div_set
    at32f403a_407_clock.o(i.system_clock_config) refers to at32f403a_407_crm.o(i.crm_apb2_div_set) for crm_apb2_div_set
    at32f403a_407_clock.o(i.system_clock_config) refers to at32f403a_407_crm.o(i.crm_apb1_div_set) for crm_apb1_div_set
    at32f403a_407_clock.o(i.system_clock_config) refers to at32f403a_407_crm.o(i.crm_auto_step_mode_enable) for crm_auto_step_mode_enable
    at32f403a_407_clock.o(i.system_clock_config) refers to at32f403a_407_crm.o(i.crm_sysclk_switch) for crm_sysclk_switch
    at32f403a_407_clock.o(i.system_clock_config) refers to at32f403a_407_crm.o(i.crm_sysclk_switch_status_get) for crm_sysclk_switch_status_get
    at32f403a_407_clock.o(i.system_clock_config) refers to system_at32f403a_407.o(i.system_core_clock_update) for system_core_clock_update
    system_at32f403a_407.o(i.system_core_clock_update) refers to at32f403a_407_crm.o(i.crm_sysclk_switch_status_get) for crm_sysclk_switch_status_get
    system_at32f403a_407.o(i.system_core_clock_update) refers to system_at32f403a_407.o(.data) for .data
    system_at32f403a_407.o(i.system_core_clock_update) refers to system_at32f403a_407.o(.constdata) for .constdata
    startup_at32f403a_407.o(STACK) refers (Special) to heapauxi.o(.text) for __use_two_region_memory
    startup_at32f403a_407.o(HEAP) refers (Special) to heapauxi.o(.text) for __use_two_region_memory
    startup_at32f403a_407.o(RESET) refers (Special) to heapauxi.o(.text) for __use_two_region_memory
    startup_at32f403a_407.o(RESET) refers to startup_at32f403a_407.o(STACK) for __initial_sp
    startup_at32f403a_407.o(RESET) refers to startup_at32f403a_407.o(.text) for Reset_Handler
    startup_at32f403a_407.o(RESET) refers to at32f403a_407_int.o(i.NMI_Handler) for NMI_Handler
    startup_at32f403a_407.o(RESET) refers to at32f403a_407_int.o(i.HardFault_Handler) for HardFault_Handler
    startup_at32f403a_407.o(RESET) refers to at32f403a_407_int.o(i.MemManage_Handler) for MemManage_Handler
    startup_at32f403a_407.o(RESET) refers to at32f403a_407_int.o(i.BusFault_Handler) for BusFault_Handler
    startup_at32f403a_407.o(RESET) refers to at32f403a_407_int.o(i.UsageFault_Handler) for UsageFault_Handler
    startup_at32f403a_407.o(RESET) refers to at32f403a_407_int.o(i.SVC_Handler) for SVC_Handler
    startup_at32f403a_407.o(RESET) refers to at32f403a_407_int.o(i.DebugMon_Handler) for DebugMon_Handler
    startup_at32f403a_407.o(RESET) refers to at32f403a_407_int.o(i.PendSV_Handler) for PendSV_Handler
    startup_at32f403a_407.o(RESET) refers to at32f403a_407_int.o(i.SysTick_Handler) for SysTick_Handler
    startup_at32f403a_407.o(RESET) refers to ws2812.o(i.DMA1_Channel3_IRQHandler) for DMA1_Channel3_IRQHandler
    startup_at32f403a_407.o(RESET) refers to adc.o(i.ADC1_2_IRQHandler) for ADC1_2_IRQHandler
    startup_at32f403a_407.o(RESET) refers to usb.o(i.USBFS_L_CAN1_RX0_IRQHandler) for USBFS_L_CAN1_RX0_IRQHandler
    startup_at32f403a_407.o(RESET) refers to timer.o(i.TMR1_TRG_HALL_TMR11_IRQHandler) for TMR1_TRG_HALL_TMR11_IRQHandler
    startup_at32f403a_407.o(RESET) refers to usart.o(i.USART1_IRQHandler) for USART1_IRQHandler
    startup_at32f403a_407.o(RESET) refers to usart.o(i.USART2_IRQHandler) for USART2_IRQHandler
    startup_at32f403a_407.o(RESET) refers to usart.o(i.USART3_IRQHandler) for USART3_IRQHandler
    startup_at32f403a_407.o(RESET) refers to usart.o(i.UART4_IRQHandler) for UART4_IRQHandler
    startup_at32f403a_407.o(RESET) refers to timer.o(i.TMR7_GLOBAL_IRQHandler) for TMR7_GLOBAL_IRQHandler
    startup_at32f403a_407.o(RESET) refers to usart.o(i.DMA2_Channel2_IRQHandler) for DMA2_Channel2_IRQHandler
[...]
    ReadW25Qxx_ID                            0x08004075   Thumb Code    66  w25q64.o(i.ReadW25Qxx_ID)
    Read_Cali_Data                           0x080040bd   Thumb Code   192  calibration.o(i.Read_Cali_Data)
    Read_M1_Encoder                          0x08004195   Thumb Code   166  encoder.o(i.Read_M1_Encoder)
    Read_M2_Encoder                          0x08004249   Thumb Code   166  encoder.o(i.Read_M2_Encoder)
    SPI1_ReadWriteByte                       0x080042fd   Thumb Code    72  encoder.o(i.SPI1_ReadWriteByte)
    SPI1_ReadWriteHalfword                   0x08004349   Thumb Code    72  encoder.o(i.SPI1_ReadWriteHalfword)
    SPI3_Init                                0x08004395   Thumb Code   206  mpu6500.o(i.SPI3_Init)
    SVC_Handler                              0x0800451f   Thumb Code     2  at32f403a_407_int.o(i.SVC_Handler)
    SpeedCompute                             0x08004521   Thumb Code   140  control.o(i.SpeedCompute)
    Start_Auto_Cali                          0x080045b9   Thumb Code    44  debug.o(i.Start_Auto_Cali)
    Start_Check_Hardware                     0x08004625   Thumb Code    44  debug.o(i.Start_Check_Hardware)
    Start_Music1                             0x08004695   Thumb Code  1256  at32f403a_foc_lib.o(i.Start_Music1)
    Start_Music8                             0x08004ba5   Thumb Code  1240  at32f403a_foc_lib.o(i.Start_Music8)
    SysTick_Handler                          0x0800509d   Thumb Code     2  at32f403a_407_int.o(i.SysTick_Handler)
    SystemInit                               0x080050a1   Thumb Code    74  system_at32f403a_407.o(i.SystemInit)
    TIM10_Init                               0x080050f9   Thumb Code   168  timer.o(i.TIM10_Init)
    TIM1_Init                                0x080051b5   Thumb Code   286  timer.o(i.TIM1_Init)
    TIM7_Init                                0x080052e9   Thumb Code    86  timer.o(i.TIM7_Init)
    TIM8_Init                                0x08005351   Thumb Code   354  timer.o(i.TIM8_Init)
    TLE5012B_Init                            0x080054cd   Thumb Code   212  encoder.o(i.TLE5012B_Init)
    TMR1_TRG_HALL_TMR11_IRQHandler           0x080055b9   Thumb Code     8  timer.o(i.TMR1_TRG_HALL_TMR11_IRQHandler)
    TMR7_GLOBAL_IRQHandler                   0x080055c5   Thumb Code    32  timer.o(i.TMR7_GLOBAL_IRQHandler)
    TriggerADC_Init                          0x080055ed   Thumb Code   398  adc.o(i.TriggerADC_Init)
    UART1_SendDataDMA                        0x08005795   Thumb Code    52  usart.o(i.UART1_SendDataDMA)
    UART3_SendDataDMA                        0x080057d5   Thumb Code    52  usart.o(i.UART3_SendDataDMA)
    UART4_IRQHandler                         0x08005815   Thumb Code    84  usart.o(i.UART4_IRQHandler)
    USART1_IRQHandler                        0x08005879   Thumb Code    84  usart.o(i.USART1_IRQHandler)
    USART1_init                              0x080058dd   Thumb Code   190  usart.o(i.USART1_init)
    USART2_IRQHandler                        0x080059ad   Thumb Code    82  usart.o(i.USART2_IRQHandler)
    USART2_init                              0x08005a15   Thumb Code   148  usart.o(i.USART2_init)
    USART3_IRQHandler                        0x08005ac1   Thumb Code    84  usart.o(i.USART3_IRQHandler)
    USART3_init                              0x08005b25   Thumb Code   206  usart.o(i.USART3_init)
    USART4_init                              0x08005c0d   Thumb Code   204  usart.o(i.USART4_init)
    USBFS_L_CAN1_RX0_IRQHandler              0x08005cf1   Thumb Code     6  usb.o(i.USBFS_L_CAN1_RX0_IRQHandler)
    UsageFault_Handler                       0x08005cfd   Thumb Code     2  at32f403a_407_int.o(i.UsageFault_Handler)
    UsartPrint                               0x08005d01   Thumb Code   188  debug.o(i.UsartPrint)
    W25Qxx_ErasePage                         0x08005dcd   Thumb Code    74  w25q64.o(i.W25Qxx_ErasePage)
    W25Qxx_Init                              0x08005e1d   Thumb Code   222  w25q64.o(i.W25Qxx_Init)
    W25Qxx_Read                              0x08005f0d   Thumb Code    86  w25q64.o(i.W25Qxx_Read)
    W25Qxx_ReadStatus                        0x08005f69   Thumb Code    38  w25q64.o(i.W25Qxx_ReadStatus)
    W25Qxx_WaitBusy                          0x08005f95   Thumb Code    12  w25q64.o(i.W25Qxx_WaitBusy)
    W25Qxx_WriteEnable                       0x08005fa1   Thumb Code    30  w25q64.o(i.W25Qxx_WriteEnable)
    W25Qxx_WritePage                         0x08005fc5   Thumb Code   102  w25q64.o(i.W25Qxx_WritePage)
    WS2812_init                              0x08006031   Thumb Code   268  ws2812.o(i.WS2812_init)
    Write_Cali_Data                          0x08006155   Thumb Code    80  calibration.o(i.Write_Cali_Data)
    __ARM_fpclassifyf                        0x080061a9   Thumb Code    38  fpclassifyf.o(i.__ARM_fpclassifyf)
    __hardfp_atan2f                          0x080061d1   Thumb Code   594  atan2f.o(i.__hardfp_atan2f)
    __hardfp_cosf                            0x0800647d   Thumb Code   280  cosf.o(i.__hardfp_cosf)
    __hardfp_fabs                            0x080065cd   Thumb Code    20  fabs.o(i.__hardfp_fabs)
    __hardfp_sinf                            0x080065e1   Thumb Code   344  sinf.o(i.__hardfp_sinf)
    __mathlib_flt_infnan                     0x08006771   Thumb Code     6  funder.o(i.__mathlib_flt_infnan)
    __mathlib_flt_infnan2                    0x08006777   Thumb Code     6  funder.o(i.__mathlib_flt_infnan2)
    __mathlib_flt_invalid                    0x0800677d   Thumb Code    10  funder.o(i.__mathlib_flt_invalid)
    __mathlib_flt_underflow                  0x0800678d   Thumb Code    10  funder.o(i.__mathlib_flt_underflow)
    __mathlib_rredf2                         0x0800679d   Thumb Code   316  rredf.o(i.__mathlib_rredf2)
    _sys_exit                                0x080068f1   Thumb Code     2  debug.o(i._sys_exit)
    acc_calibration_mode_enable              0x080068f5   Thumb Code    34  at32f403a_407_acc.o(i.acc_calibration_mode_enable)
    acc_write_c1                             0x0800691d   Thumb Code     6  at32f403a_407_acc.o(i.acc_write_c1)
    acc_write_c2                             0x08006929   Thumb Code     6  at32f403a_407_acc.o(i.acc_write_c2)
    acc_write_c3                             0x08006935   Thumb Code     6  at32f403a_407_acc.o(i.acc_write_c3)
    adc_base_config                          0x08006941   Thumb Code    44  at32f403a_407_adc.o(i.adc_base_config)
    adc_base_default_para_init               0x0800696d   Thumb Code    14  at32f403a_407_adc.o(i.adc_base_default_para_init)
    adc_calibration_init                     0x0800697b   Thumb Code    10  at32f403a_407_adc.o(i.adc_calibration_init)
    adc_calibration_init_status_get          0x08006985   Thumb Code    14  at32f403a_407_adc.o(i.adc_calibration_init_status_get)
    adc_calibration_start                    0x08006993   Thumb Code    10  at32f403a_407_adc.o(i.adc_calibration_start)
    adc_calibration_status_get               0x0800699d   Thumb Code    14  at32f403a_407_adc.o(i.adc_calibration_status_get)
    adc_combine_mode_select                  0x080069ad   Thumb Code    12  at32f403a_407_adc.o(i.adc_combine_mode_select)
    adc_dma_mode_enable                      0x08006a69   Thumb Code    10  at32f403a_407_adc.o(i.adc_dma_mode_enable)
    adc_enable                               0x08006a73   Thumb Code    10  at32f403a_407_adc.o(i.adc_enable)
    adc_flag_clear                           0x08006a7d   Thumb Code     6  at32f403a_407_adc.o(i.adc_flag_clear)
    adc_flag_get                             0x08006a83   Thumb Code    14  at32f403a_407_adc.o(i.adc_flag_get)
    adc_interrupt_enable                     0x08006a91   Thumb Code    24  at32f403a_407_adc.o(i.adc_interrupt_enable)
    adc_ordinary_channel_set                 0x08006aa9   Thumb Code   392  at32f403a_407_adc.o(i.adc_ordinary_channel_set)
    adc_ordinary_conversion_trigger_set      0x08006c31   Thumb Code    52  at32f403a_407_adc.o(i.adc_ordinary_conversion_trigger_set)
    adc_ordinary_software_trigger_enable     0x08006c65   Thumb Code    10  at32f403a_407_adc.o(i.adc_ordinary_software_trigger_enable)
    adc_preempt_auto_mode_enable             0x08006c6f   Thumb Code    10  at32f403a_407_adc.o(i.adc_preempt_auto_mode_enable)
    adc_preempt_channel_length_set           0x08006c79   Thumb Code    12  at32f403a_407_adc.o(i.adc_preempt_channel_length_set)
    adc_preempt_channel_set                  0x08006c85   Thumb Code   274  at32f403a_407_adc.o(i.adc_preempt_channel_set)
    adc_preempt_conversion_trigger_set       0x08006d97   Thumb Code    52  at32f403a_407_adc.o(i.adc_preempt_conversion_trigger_set)
    crm_adc_clock_div_set                    0x08006f75   Thumb Code    22  at32f403a_407_crm.o(i.crm_adc_clock_div_set)
    crm_ahb_div_set                          0x08006f91   Thumb Code    12  at32f403a_407_crm.o(i.crm_ahb_div_set)
    crm_apb1_div_set                         0x08006fa1   Thumb Code    12  at32f403a_407_crm.o(i.crm_apb1_div_set)
    crm_apb2_div_set                         0x08006fb1   Thumb Code    12  at32f403a_407_crm.o(i.crm_apb2_div_set)
    crm_auto_step_mode_enable                0x08006fc1   Thumb Code    26  at32f403a_407_crm.o(i.crm_auto_step_mode_enable)
    crm_clock_source_enable                  0x08006fe1   Thumb Code    66  at32f403a_407_crm.o(i.crm_clock_source_enable)
    crm_clocks_freq_get                      0x08007029   Thumb Code   206  at32f403a_407_crm.o(i.crm_clocks_freq_get)
    crm_flag_get                             0x08007111   Thumb Code    28  at32f403a_407_crm.o(i.crm_flag_get)
    crm_hext_clock_div_set                   0x08007131   Thumb Code    12  at32f403a_407_crm.o(i.crm_hext_clock_div_set)
    crm_hext_stable_wait                     0x08007141   Thumb Code    44  at32f403a_407_crm.o(i.crm_hext_stable_wait)
    crm_hick_divider_select                  0x0800716d   Thumb Code    12  at32f403a_407_crm.o(i.crm_hick_divider_select)
    crm_hick_sclk_frequency_select           0x0800717d   Thumb Code    22  at32f403a_407_crm.o(i.crm_hick_sclk_frequency_select)
    crm_periph_clock_enable                  0x08007199   Thumb Code    36  at32f403a_407_crm.o(i.crm_periph_clock_enable)
    crm_pll_config                           0x080071c1   Thumb Code    84  at32f403a_407_crm.o(i.crm_pll_config)
    crm_reset                                0x08007219   Thumb Code    54  at32f403a_407_crm.o(i.crm_reset)
    crm_sysclk_switch                        0x08007259   Thumb Code    12  at32f403a_407_crm.o(i.crm_sysclk_switch)
    crm_sysclk_switch_status_get             0x08007269   Thumb Code    10  at32f403a_407_crm.o(i.crm_sysclk_switch_status_get)
    crm_usb_clock_source_select              0x08007279   Thumb Code    24  at32f403a_407_crm.o(i.crm_usb_clock_source_select)
    delay_init                               0x08007295   Thumb Code    22  delay.o(i.delay_init)
    delay_ms                                 0x080072b1   Thumb Code    36  delay.o(i.delay_ms)
    dma_channel_enable                       0x080072d9   Thumb Code    10  at32f403a_407_dma.o(i.dma_channel_enable)
    dma_data_number_get                      0x0800735d   Thumb Code     6  at32f403a_407_dma.o(i.dma_data_number_get)
    dma_data_number_set                      0x08007363   Thumb Code     4  at32f403a_407_dma.o(i.dma_data_number_set)
    dma_default_para_init                    0x08007367   Thumb Code    24  at32f403a_407_dma.o(i.dma_default_para_init)
    dma_flag_clear                           0x08007381   Thumb Code    22  at32f403a_407_dma.o(i.dma_flag_clear)
    dma_flag_get                             0x080073a1   Thumb Code    28  at32f403a_407_dma.o(i.dma_flag_get)
    dma_flexible_config                      0x080073c5   Thumb Code   132  at32f403a_407_dma.o(i.dma_flexible_config)
    dma_init                                 0x08007449   Thumb Code    92  at32f403a_407_dma.o(i.dma_init)
    dma_interrupt_enable                     0x080074a5   Thumb Code    20  at32f403a_407_dma.o(i.dma_interrupt_enable)
    dma_reset                                0x080074b9   Thumb Code    82  at32f403a_407_dma.o(i.dma_reset)
    fputc                                    0x0800751d   Thumb Code    14  debug.o(i.fputc)
    gpio_bits_reset                          0x0800765d   Thumb Code     4  at32f403a_407_gpio.o(i.gpio_bits_reset)
    gpio_bits_set                            0x08007661   Thumb Code     4  at32f403a_407_gpio.o(i.gpio_bits_set)
    gpio_default_para_init                   0x08007691   Thumb Code    22  at32f403a_407_gpio.o(i.gpio_default_para_init)
    gpio_init                                0x080076a7   Thumb Code   166  at32f403a_407_gpio.o(i.gpio_init)
    gpio_input_data_bit_read                 0x0800774d   Thumb Code    14  at32f403a_407_gpio.o(i.gpio_input_data_bit_read)
    gpio_pin_remap_config                    0x0800775d   Thumb Code    54  at32f403a_407_gpio.o(i.gpio_pin_remap_config)
    main                                     0x08007799   Thumb Code    20  main.o(i.main)
    nvic_irq_enable                          0x080077ad   Thumb Code   116  at32f403a_407_misc.o(i.nvic_irq_enable)
    nvic_priority_group_config               0x08007825   Thumb Code    26  at32f403a_407_misc.o(i.nvic_priority_group_config)
    parameters_Init                          0x08007849   Thumb Code   730  control.o(i.parameters_Init)
    send_Data                                0x08007b65   Thumb Code   172  ws2812.o(i.send_Data)
    spi_default_para_init                    0x08007c19   Thumb Code    22  at32f403a_407_spi.o(i.spi_default_para_init)
    spi_enable                               0x08007c2f   Thumb Code    10  at32f403a_407_spi.o(i.spi_enable)
    spi_i2s_flag_get                         0x08007c39   Thumb Code    14  at32f403a_407_spi.o(i.spi_i2s_flag_get)
    spi_init                                 0x08007c47   Thumb Code   266  at32f403a_407_spi.o(i.spi_init)
    svpwm                                    0x08007d51   Thumb Code  1204  at32f403a_foc_lib.o(i.svpwm)
    system_clock_config                      0x0800820d   Thumb Code   108  at32f403a_407_clock.o(i.system_clock_config)
    system_core_clock_update                 0x08008279   Thumb Code   146  system_at32f403a_407.o(i.system_core_clock_update)
    systick_clock_source_config              0x08008329   Thumb Code    28  at32f403a_407_misc.o(i.systick_clock_source_config)
    tmr_base_init                            0x08008345   Thumb Code    14  at32f403a_407_tmr.o(i.tmr_base_init)
    tmr_brkdt_config                         0x08008353   Thumb Code    72  at32f403a_407_tmr.o(i.tmr_brkdt_config)
    tmr_brkdt_default_para_init              0x0800839b   Thumb Code    18  at32f403a_407_tmr.o(i.tmr_brkdt_default_para_init)
    tmr_channel_value_set                    0x080083ad   Thumb Code    32  at32f403a_407_tmr.o(i.tmr_channel_value_set)
    tmr_clock_source_div_set                 0x080083cd   Thumb Code    10  at32f403a_407_tmr.o(i.tmr_clock_source_div_set)
    tmr_cnt_dir_set                          0x080083d7   Thumb Code    10  at32f403a_407_tmr.o(i.tmr_cnt_dir_set)
    tmr_counter_enable                       0x080083e1   Thumb Code    10  at32f403a_407_tmr.o(i.tmr_counter_enable)
    tmr_dma_request_enable                   0x080083eb   Thumb Code    24  at32f403a_407_tmr.o(i.tmr_dma_request_enable)
    tmr_flag_clear                           0x08008403   Thumb Code     6  at32f403a_407_tmr.o(i.tmr_flag_clear)
    tmr_flag_get                             0x08008409   Thumb Code    14  at32f403a_407_tmr.o(i.tmr_flag_get)
    tmr_interrupt_enable                     0x08008417   Thumb Code    24  at32f403a_407_tmr.o(i.tmr_interrupt_enable)
    tmr_output_channel_buffer_enable         0x0800842f   Thumb Code    56  at32f403a_407_tmr.o(i.tmr_output_channel_buffer_enable)
    tmr_output_channel_config                0x08008467   Thumb Code   214  at32f403a_407_tmr.o(i.tmr_output_channel_config)
    tmr_output_default_para_init             0x0800853d   Thumb Code    18  at32f403a_407_tmr.o(i.tmr_output_default_para_init)
    tmr_output_enable                        0x0800854f   Thumb Code    10  at32f403a_407_tmr.o(i.tmr_output_enable)
    tmr_period_buffer_enable                 0x08008559   Thumb Code    10  at32f403a_407_tmr.o(i.tmr_period_buffer_enable)
    usart_dma_receiver_enable                0x08008563   Thumb Code    10  at32f403a_407_usart.o(i.usart_dma_receiver_enable)
    usart_dma_transmitter_enable             0x0800856d   Thumb Code    10  at32f403a_407_usart.o(i.usart_dma_transmitter_enable)
    usart_enable                             0x08008577   Thumb Code    10  at32f403a_407_usart.o(i.usart_enable)
    usart_flag_clear                         0x08008581   Thumb Code    16  at32f403a_407_usart.o(i.usart_flag_clear)
    usart_flag_get                           0x08008591   Thumb Code    14  at32f403a_407_usart.o(i.usart_flag_get)
    usart_init                               0x080085a1   Thumb Code   112  at32f403a_407_usart.o(i.usart_init)
    usart_interrupt_enable                   0x08008621   Thumb Code    34  at32f403a_407_usart.o(i.usart_interrupt_enable)
    usart_receiver_enable                    0x08008643   Thumb Code    10  at32f403a_407_usart.o(i.usart_receiver_enable)
    usart_transmitter_enable                 0x0800864d   Thumb Code    10  at32f403a_407_usart.o(i.usart_transmitter_enable)
    usb_ReadWrite                            0x08008659   Thumb Code    22  usb.o(i.usb_ReadWrite)
    usb_buffer_free                          0x0800867d   Thumb Code     8  at32f403a_407_usb.o(i.usb_buffer_free)
    usb_clock48m_select                      0x08008689   Thumb Code    52  usb.o(i.usb_clock48m_select)
    usb_connect                              0x080086c1   Thumb Code    18  at32f403a_407_usb.o(i.usb_connect)
    usb_dev_init                             0x080086d3   Thumb Code    28  at32f403a_407_usb.o(i.usb_dev_init)
    usb_enter_suspend                        0x080086ef   Thumb Code    18  at32f403a_407_usb.o(i.usb_enter_suspend)
    usb_ept_close                            0x08008701   Thumb Code   322  at32f403a_407_usb.o(i.usb_ept_close)
    usb_ept_open                             0x08008849   Thumb Code   896  at32f403a_407_usb.o(i.usb_ept_open)
    usb_exit_suspend                         0x08008bd5   Thumb Code    18  at32f403a_407_usb.o(i.usb_exit_suspend)
    usb_flag_clear                           0x08008be7   Thumb Code     6  at32f403a_407_usb.o(i.usb_flag_clear)
    usb_init                                 0x08008bed   Thumb Code    50  usb.o(i.usb_init)
    usb_interrupt_enable                     0x08008c35   Thumb Code    20  at32f403a_407_usb.o(i.usb_interrupt_enable)
    usb_read_packet                          0x08008c49   Thumb Code    34  at32f403a_407_usb.o(i.usb_read_packet)
    usb_set_address                          0x08008c71   Thumb Code    18  at32f403a_407_usb.o(i.usb_set_address)
    usb_vcp_get_rxdata                       0x08008cdd   Thumb Code    64  cdc_class.o(i.usb_vcp_get_rxdata)
    usb_vcp_send_data                        0x08008d1d   Thumb Code    40  cdc_class.o(i.usb_vcp_send_data)
    usb_write_packet                         0x08008d45   Thumb Code    34  at32f403a_407_usb.o(i.usb_write_packet)
    usbd_clear_stall                         0x08008db5   Thumb Code    94  usbd_core.o(i.usbd_clear_stall)
    usbd_connect                             0x08008e19   Thumb Code     6  usbd_core.o(i.usbd_connect)
    usbd_core_in_handler                     0x08008e1f   Thumb Code   168  usbd_core.o(i.usbd_core_in_handler)
    usbd_core_init                           0x08008ec7   Thumb Code    32  usbd_core.o(i.usbd_core_init)
    usbd_core_out_handler                    0x08008ee7   Thumb Code   108  usbd_core.o(i.usbd_core_out_handler)
    usbd_core_setup_handler                  0x08008f53   Thumb Code    80  usbd_core.o(i.usbd_core_setup_handler)
    usbd_ctrl_recv                           0x08008fa3   Thumb Code    24  usbd_core.o(i.usbd_ctrl_recv)
    usbd_ctrl_recv_status                    0x08008fbb   Thumb Code    16  usbd_core.o(i.usbd_ctrl_recv_status)
    usbd_ctrl_send                           0x08008fcb   Thumb Code    24  usbd_core.o(i.usbd_ctrl_send)
    usbd_ctrl_send_status                    0x08008fe3   Thumb Code    16  usbd_core.o(i.usbd_ctrl_send_status)
    usbd_ctrl_unsupport                      0x08008ff3   Thumb Code    24  usbd_core.o(i.usbd_ctrl_unsupport)
    usbd_device_request                      0x0800900b   Thumb Code    98  usbd_sdr.o(i.usbd_device_request)
    usbd_endpoint_request                    0x0800906d   Thumb Code   340  usbd_sdr.o(i.usbd_endpoint_request)
    usbd_enter_suspend                       0x080091c1   Thumb Code     6  usbd_core.o(i.usbd_enter_suspend)
    usbd_ept_buf_custom_define               0x080091c7   Thumb Code    48  usbd_core.o(i.usbd_ept_buf_custom_define)
    usbd_ept_close                           0x080091f7   Thumb Code    26  usbd_core.o(i.usbd_ept_close)
    usbd_ept_defaut_init                     0x08009211   Thumb Code    72  usbd_core.o(i.usbd_ept_defaut_init)
    usbd_ept_loop_handler                    0x08009259   Thumb Code    26  usbd_int.o(i.usbd_ept_loop_handler)
    usbd_ept_open                            0x08009273   Thumb Code    50  usbd_core.o(i.usbd_ept_open)
    usbd_ept_recv                            0x080092a5   Thumb Code    74  usbd_core.o(i.usbd_ept_recv)
    usbd_ept_send                            0x080092f5   Thumb Code   216  usbd_core.o(i.usbd_ept_send)
    usbd_eptn_handler                        0x080093d9   Thumb Code   376  usbd_int.o(i.usbd_eptn_handler)
    usbd_get_recv_len                        0x08009669   Thumb Code    14  usbd_core.o(i.usbd_get_recv_len)
    usbd_interface_request                   0x080096e7   Thumb Code    66  usbd_sdr.o(i.usbd_interface_request)
    usbd_irq_handler                         0x08009729   Thumb Code   140  usbd_int.o(i.usbd_irq_handler)
    usbd_reset_handler                       0x080097b5   Thumb Code    92  usbd_int.o(i.usbd_reset_handler)
    usbd_set_stall                           0x0800992d   Thumb Code    86  usbd_core.o(i.usbd_set_stall)
    usbd_setup_request_parse                 0x08009989   Thumb Code    40  usbd_sdr.o(i.usbd_setup_request_parse)
    usbd_sof_handler                         0x080099b1   Thumb Code    12  usbd_int.o(i.usbd_sof_handler)
    usbd_suspend_handler                     0x080099bd   Thumb Code    44  usbd_int.o(i.usbd_suspend_handler)
    usbd_wakeup_handler                      0x08009a1b   Thumb Code    38  usbd_int.o(i.usbd_wakeup_handler)
    __fpl_dcmp_Inf                           0x08009a41   Thumb Code    24  dcmpi.o(x$fpl$dcmpinf)
    __aeabi_cdcmple                          0x08009a59   Thumb Code     0  dleqf.o(x$fpl$dleqf)
    _dcmple                                  0x08009a59   Thumb Code   120  dleqf.o(x$fpl$dleqf)
    __fpl_dcmple_InfNaN                      0x08009abb   Thumb Code     0  dleqf.o(x$fpl$dleqf)
    __fpl_dnaninf                            0x08009ad1   Thumb Code   156  dnaninf.o(x$fpl$dnaninf)
    __fpl_dretinf                            0x08009b6d   Thumb Code    12  dretinf.o(x$fpl$dretinf)
    __aeabi_f2d                              0x08009b79   Thumb Code     0  f2d.o(x$fpl$f2d)
    _f2d                                     0x08009b79   Thumb Code    86  f2d.o(x$fpl$f2d)
    __fpl_fnaninf                            0x08009bcf   Thumb Code   140  fnaninf.o(x$fpl$fnaninf)
    _fp_init                                 0x08009c5b   Thumb Code    10  fpinit.o(x$fpl$fpinit)
    __fplib_config_fpu_vfp                   0x08009c63   Thumb Code     0  fpinit.o(x$fpl$fpinit)
    __fplib_config_pureend_doubles           0x08009c63   Thumb Code     0  fpinit.o(x$fpl$fpinit)
    __I$use$fp                               0x08009c64   Number         0  usenofp.o(x$fpl$usenofp)
    Region$$Table$$Base                      0x0800a1bc   Number         0  anon$$obj.o(Region$$Table)
    Region$$Table$$Limit                     0x0800a1dc   Number         0  anon$$obj.o(Region$$Table)
    system_core_clock                        0x20000000   Data           4  system_at32f403a_407.o(.data)
    g_usb_packet_address                     0x20000008   Data           4  at32f403a_407_usb.o(.data)
    R_cnt                                    0x2000000c   Data           2  led.o(.data)
    G_cnt                                    0x2000000e   Data           2  led.o(.data)
    B_cnt                                    0x20000010   Data           2  led.o(.data)
    U1_IDLE_Flag                             0x20000012   Data           1  usart.o(.data)
    U2_IDLE_Flag                             0x20000013   Data           1  usart.o(.data)
    U3_IDLE_Flag                             0x20000014   Data           1  usart.o(.data)
    U4_IDLE_Flag                             0x20000015   Data           1  usart.o(.data)
    Tx1_Flag                                 0x20000016   Data           1  usart.o(.data)
    Tx3_Flag                                 0x20000017   Data           1  usart.o(.data)
    Tx4_Flag                                 0x20000018   Data           1  usart.o(.data)
    Hardware_Status                          0x2000001a   Data           1  debug.o(.data)
    Tips_cnt                                 0x2000001c   Data           2  debug.o(.data)
    test_cnt                                 0x2000001e   Data           2  debug.o(.data)
    __stdout                                 0x20000020   Data           4  debug.o(.data)
    TIM_Flag                                 0x20000024   Data           1  timer.o(.data)
    ADC_ConvertedValue                       0x20000026   Data           6  adc.o(.data)
    Encoder_Type                             0x2000002c   Data           1  encoder.o(.data)
    Encoder_Model_0                          0x2000002d   Data           1  encoder.o(.data)
    Encoder_Model_1                          0x2000002e   Data           1  encoder.o(.data)
    Encoder_Model_2                          0x2000002f   Data           1  encoder.o(.data)
    MA732_Map_addr                           0x20000030   Data          11  encoder.o(.data)
    MA732_Map_data                           0x2000003b   Data          11  encoder.o(.data)
    Who_Am_I                                 0x20000046   Data           1  mpu6500.o(.data)
    IMU_flag                                 0x20000047   Data           1  ahrs.o(.data)
    KeyFlag                                  0x20000048   Data           1  key.o(.data)
    Key1_Count                               0x2000004a   Data           2  key.o(.data)
    KeyCnt                                   0x2000004c   Data           2  key.o(.data)
    Protection                               0x2000004e   Data           1  calibration.o(.data)
    Auto_Cali_Flag                           0x2000004f   Data           1  calibration.o(.data)
    Auto_Cali_cnt                            0x20000050   Data           2  calibration.o(.data)
    Auto_Cali_count                          0x20000052   Data           2  calibration.o(.data)
    RGB_Flag                                 0x20000054   Data           1  app.o(.data)
    LowBattery                               0x20000055   Data           1  app.o(.data)
    BatteryFlag                              0x20000056   Data           1  app.o(.data)
    seconds                                  0x20000057   Data           1  app.o(.data)
    LD1                                      0x20000058   Data           1  app.o(.data)
    LD2                                      0x20000059   Data           1  app.o(.data)
    LD3                                      0x2000005a   Data           1  app.o(.data)
    task100ms                                0x2000005b   Data           1  app.o(.data)
    RGB_Cnt                                  0x2000005c   Data           2  app.o(.data)
    Volt16                                   0x2000005e   Data           2  app.o(.data)
    RGB_LD                                   0x20000060   Data           4  app.o(.data)
    txdata                                   0x20000064   Data           4  app.o(.data)
    WS2812_SendFlag                          0x20000068   Data           1  ws2812.o(.data)
    CarSpeedCnt                              0x2000006c   Data           1  control.o(.data)
    M1SpeedCnt                               0x2000006d   Data           1  control.o(.data)
    M2SpeedCnt                               0x2000006e   Data           1  control.o(.data)
    M1_Check_cnt                             0x2000006f   Data           1  control.o(.data)
    M1_Check_flag                            0x20000070   Data           1  control.o(.data)
    M2_Check_cnt                             0x20000071   Data           1  control.o(.data)
    M2_Check_flag                            0x20000072   Data           1  control.o(.data)
    M1_Id_cnt                                0x20000073   Data           1  control.o(.data)
    M2_Id_cnt                                0x20000074   Data           1  control.o(.data)
    M1_Check_Timeout                         0x20000076   Data           2  control.o(.data)
    M2_Check_Timeout                         0x20000078   Data           2  control.o(.data)
    ControlOut_L                             0x2000007c   Data           4  control.o(.data)
    ControlOut_R                             0x20000080   Data           4  control.o(.data)
    testfloat                                0x20000084   Data           4  control.o(.data)
    Set_Speed1                               0x20000088   Data           4  control.o(.data)
    Set_Speed2                               0x2000008c   Data           4  control.o(.data)
    Rc_flag                                  0x20000090   Data           1  rcdata.o(.data)
    CH2                                      0x20000092   Data           2  rcdata.o(.data)
    CH3                                      0x20000094   Data           2  rcdata.o(.data)
    BLE_Cnt                                  0x20000096   Data           2  rcdata.o(.data)
    linecoding                               0x200000a0   Data           8  cdc_class.o(.data)
    cdc_class_handler                        0x200000a8   Data          40  cdc_class.o(.data)
    cdc_desc_handler                         0x200000d0   Data          40  cdc_desc.o(.data)
    Cubli_Cali_Status                        0x20000198   Data           1  at32f403a_foc_lib.o(.data)
    M1_CurrOffset                            0x2000019c   Data           8  at32f403a_foc_lib.o(.data)
    M2_CurrOffset                            0x200001a4   Data           8  at32f403a_foc_lib.o(.data)
    M1_ADC_Ib                                0x200001ac   Data           4  at32f403a_foc_lib.o(.data)
    M1_ADC_Ic                                0x200001b0   Data           4  at32f403a_foc_lib.o(.data)
    M2_ADC_Ib                                0x200001b4   Data           4  at32f403a_foc_lib.o(.data)
    M2_ADC_Ic                                0x200001b8   Data           4  at32f403a_foc_lib.o(.data)
    M1_OffsetCnt                             0x200001bc   Data           2  at32f403a_foc_lib.o(.data)
    M2_OffsetCnt                             0x200001be   Data           2  at32f403a_foc_lib.o(.data)
    M1_IQR_Cnt                               0x200001c0   Data           1  at32f403a_foc_lib.o(.data)
    M2_IQR_Cnt                               0x200001c1   Data           1  at32f403a_foc_lib.o(.data)
    M1_Cali_Cnt                              0x200001c2   Data           2  at32f403a_foc_lib.o(.data)
    M2_Cali_Cnt                              0x200001c4   Data           2  at32f403a_foc_lib.o(.data)
    t1_midi_pr                               0x200001c6   Data           2  at32f403a_foc_lib.o(.data)
    t1_midi_cnt                              0x200001c8   Data           2  at32f403a_foc_lib.o(.data)
    t1_midi_bit                              0x200001ca   Data           2  at32f403a_foc_lib.o(.data)
    t1_midi_flag                             0x200001cc   Data           2  at32f403a_foc_lib.o(.data)
    t8_midi_pr                               0x200001ce   Data           2  at32f403a_foc_lib.o(.data)
    t8_midi_cnt                              0x200001d0   Data           2  at32f403a_foc_lib.o(.data)
    t8_midi_bit                              0x200001d2   Data           2  at32f403a_foc_lib.o(.data)
    t8_midi_flag                             0x200001d4   Data           2  at32f403a_foc_lib.o(.data)
    delay1                                   0x200001d6   Data           2  at32f403a_foc_lib.o(.data)
    delay2                                   0x200001d8   Data           2  at32f403a_foc_lib.o(.data)
    delay_t                                  0x200001da   Data           2  at32f403a_foc_lib.o(.data)
    hz1                                      0x200001dc   Data           1  at32f403a_foc_lib.o(.data)
    hz2                                      0x200001dd   Data           1  at32f403a_foc_lib.o(.data)
    hz3                                      0x200001de   Data           1  at32f403a_foc_lib.o(.data)
    jiange_a                                 0x200001e0   Data           2  at32f403a_foc_lib.o(.data)
    jiange_b                                 0x200001e2   Data           2  at32f403a_foc_lib.o(.data)
    fpq_hz1                                  0x200001e4   Data           4  at32f403a_foc_lib.o(.data)
    fpq_hz2                                  0x200001e8   Data           4  at32f403a_foc_lib.o(.data)
    fpq_dc                                   0x200001ec   Data           4  at32f403a_foc_lib.o(.data)
    Music_flag                               0x200001f0   Data           1  at32f403a_foc_lib.o(.data)
    RC_Speed_flag                            0x200001f1   Data           1  at32f403a_foc_lib.o(.data)
    RC_Speed_cnt                             0x200001f2   Data           2  at32f403a_foc_lib.o(.data)
    Tx1_buffer                               0x200001f4   Data         128  usart.o(.bss)
    Rx1_buffer                               0x20000274   Data         128  usart.o(.bss)
    Tx2_buffer                               0x200002f4   Data         128  usart.o(.bss)
    Rx2_buffer                               0x20000374   Data         128  usart.o(.bss)
    Tx3_buffer                               0x200003f4   Data        1024  usart.o(.bss)
    Rx3_buffer                               0x200007f4   Data         128  usart.o(.bss)
    Tx4_buffer                               0x20000874   Data         128  usart.o(.bss)
    Rx4_buffer                               0x200008f4   Data         128  usart.o(.bss)
    Get_usart1_data                          0x20000974   Data         128  usart.o(.bss)
    Get_usart3_data                          0x200009f4   Data         128  usart.o(.bss)
    Get_usart4_data                          0x20000a74   Data         128  usart.o(.bss)
    Print_data                               0x20000af4   Data          64  debug.o(.bss)
    debug_buff                               0x20000b34   Data          72  debug.o(.bss)
    Tips_buff                                0x20000b7c   Data        1024  debug.o(.bss)
    crm_clocks_freq_struct                   0x20000f7c   Data          20  timer.o(.bss)
    mpu6500                                  0x20000f90   Data         160  ahrs.o(.bss)
    IMU_data                                 0x20001030   Data          14  ahrs.o(.bss)
    CaliData                                 0x2000103e   Data          46  calibration.o(.bss)
    u8_Cali_Data                             0x2000106c   Data         256  calibration.o(.bss)
    WS2812_Buffer                            0x2000116c   Data         674  ws2812.o(.bss)
    RGB_Data                                 0x20001410   Data          56  ws2812.o(.bss)
    SpeedPID                                 0x20001448   Data          56  control.o(.bss)
    TurnPID                                  0x20001480   Data          52  control.o(.bss)
    UprightPID                               0x200014b4   Data          52  control.o(.bss)
    M1SpeedPID                               0x200014e8   Data          52  control.o(.bss)
    M2SpeedPID                               0x2000151c   Data          52  control.o(.bss)
    M1CurrentIdPID                           0x20001550   Data          52  control.o(.bss)
    M1CurrentIqPID                           0x20001584   Data          52  control.o(.bss)
    M2CurrentIdPID                           0x200015b8   Data          52  control.o(.bss)
    M2CurrentIqPID                           0x200015ec   Data          52  control.o(.bss)
    M1_Encoder                               0x20001620   Data          28  control.o(.bss)
    M2_Encoder                               0x2000163c   Data          28  control.o(.bss)
    Car                                      0x20001658   Data          36  control.o(.bss)
    FaultBit                                 0x2000167c   Data          10  control.o(.bss)
    Sbus_values                              0x20001688   Data          24  rcdata.o(.bss)
    Sbus_Data                                0x200016a0   Data          32  rcdata.o(.bss)
    Rc                                       0x200016c0   Data          28  rcdata.o(.bss)
    usb_core_dev                             0x200016dc   Data         556  usb.o(.bss)
    cdc_struct                               0x20001908   Data          92  cdc_class.o(.bss)
    M1_Foc                                   0x20001a64   Data          72  at32f403a_foc_lib.o(.bss)
    M2_Foc                                   0x20001aac   Data          72  at32f403a_foc_lib.o(.bss)
    A1_Foc                                   0x20001af4   Data          72  at32f403a_foc_lib.o(.bss)
    A2_Foc                                   0x20001b3c   Data          72  at32f403a_foc_lib.o(.bss)
    __libspace_start                         0x20001b84   Data          96  libspace.o(.bss)
    __temporary_stack_top$libspace           0x20001be4   Data           0  libspace.o(.bss)



==============================================================================

Memory Map of the image

  Image Entry point : 0x08000185

  Load Region LR_IROM1 (Base: 0x08000000, Size: 0x0000a3d0, Max: 0x00100000, ABSOLUTE, COMPRESSED[0x0000a2d4])

    Execution Region ER_IROM1 (Exec base: 0x08000000, Load base: 0x08000000, Size: 0x0000a1dc, Max: 0x00100000, ABSOLUTE)

    Exec Addr    Load Addr    Size         Type   Attr      Idx    E Section Name        Object

    0x08000000   0x08000000   0x00000184   Data   RO          399    RESET               startup_at32f403a_407.o
    0x08000184   0x08000184   0x00000008   Code   RO         4578  * !!!main             c_w.l(__main.o)
    0x0800018c   0x0800018c   0x00000034   Code   RO         4830    !!!scatter          c_w.l(__scatter.o)
    0x080001c0   0x080001c0   0x0000005a   Code   RO         4828    !!dczerorl2         c_w.l(__dczerorl2.o)
    0x0800021a   0x0800021a   0x00000002   PAD
    0x0800021c   0x0800021c   0x0000001c   Code   RO         4832    !!handler_zi        c_w.l(__scatter_zi.o)
    0x08000238   0x08000238   0x00000002   Code   RO         4703    .ARM.Collect$$libinit$$00000000  c_w.l(libinit.o)
    0x0800023a   0x0800023a   0x00000004   Code   RO         4706    .ARM.Collect$$libinit$$00000001  c_w.l(libinit2.o)
    0x0800023e   0x0800023e   0x00000000   Code   RO         4709    .ARM.Collect$$libinit$$00000004  c_w.l(libinit2.o)
    0x0800023e   0x0800023e   0x00000000   Code   RO         4712    .ARM.Collect$$libinit$$0000000A  c_w.l(libinit2.o)
    0x0800023e   0x0800023e   0x00000000   Code   RO         4714    .ARM.Collect$$libinit$$0000000C  c_w.l(libinit2.o)
    0x0800023e   0x0800023e   0x00000000   Code   RO         4716    .ARM.Collect$$libinit$$0000000E  c_w.l(libinit2.o)
    0x0800023e   0x0800023e   0x00000000   Code   RO         4719    .ARM.Collect$$libinit$$00000011  c_w.l(libinit2.o)
    0x0800023e   0x0800023e   0x00000000   Code   RO         4721    .ARM.Collect$$libinit$$00000013  c_w.l(libinit2.o)
    0x0800023e   0x0800023e   0x00000000   Code   RO         4723    .ARM.Collect$$libinit$$00000015  c_w.l(libinit2.o)
    0x0800023e   0x0800023e   0x00000000   Code   RO         4725    .ARM.Collect$$libinit$$00000017  c_w.l(libinit2.o)
    0x0800023e   0x0800023e   0x00000000   Code   RO         4727    .ARM.Collect$$libinit$$00000019  c_w.l(libinit2.o)
    0x0800023e   0x0800023e   0x00000000   Code   RO         4729    .ARM.Collect$$libinit$$0000001B  c_w.l(libinit2.o)
    0x0800023e   0x0800023e   0x00000000   Code   RO         4731    .ARM.Collect$$libinit$$0000001D  c_w.l(libinit2.o)
    0x0800023e   0x0800023e   0x00000000   Code   RO         4733    .ARM.Collect$$libinit$$0000001F  c_w.l(libinit2.o)
    0x0800023e   0x0800023e   0x00000000   Code   RO         4735    .ARM.Collect$$libinit$$00000021  c_w.l(libinit2.o)
    0x0800023e   0x0800023e   0x00000000   Code   RO         4737    .ARM.Collect$$libinit$$00000023  c_w.l(libinit2.o)
    0x0800023e   0x0800023e   0x00000000   Code   RO         4739    .ARM.Collect$$libinit$$00000025  c_w.l(libinit2.o)
    0x0800023e   0x0800023e   0x00000000   Code   RO         4743    .ARM.Collect$$libinit$$0000002C  c_w.l(libinit2.o)
    0x0800023e   0x0800023e   0x00000000   Code   RO         4745    .ARM.Collect$$libinit$$0000002E  c_w.l(libinit2.o)
    0x0800023e   0x0800023e   0x00000000   Code   RO         4747    .ARM.Collect$$libinit$$00000030  c_w.l(libinit2.o)
    0x0800023e   0x0800023e   0x00000000   Code   RO         4749    .ARM.Collect$$libinit$$00000032  c_w.l(libinit2.o)
    0x0800023e   0x0800023e   0x00000002   Code   RO         4750    .ARM.Collect$$libinit$$00000033  c_w.l(libinit2.o)
    0x08000240   0x08000240   0x00000002   Code   RO         4768    .ARM.Collect$$libshutdown$$00000000  c_w.l(libshutdown.o)
    0x08000242   0x08000242   0x00000000   Code   RO         4778    .ARM.Collect$$libshutdown$$00000002  c_w.l(libshutdown2.o)
    0x08000242   0x08000242   0x00000000   Code   RO         4780    .ARM.Collect$$libshutdown$$00000004  c_w.l(libshutdown2.o)
    0x08000242   0x08000242   0x00000000   Code   RO         4782    .ARM.Collect$$libshutdown$$00000006  c_w.l(libshutdown2.o)
    0x08000242   0x08000242   0x00000000   Code   RO         4785    .ARM.Collect$$libshutdown$$00000009  c_w.l(libshutdown2.o)
    0x08000242   0x08000242   0x00000000   Code   RO         4788    .ARM.Collect$$libshutdown$$0000000C  c_w.l(libshutdown2.o)
    0x08000242   0x08000242   0x00000000   Code   RO         4790    .ARM.Collect$$libshutdown$$0000000E  c_w.l(libshutdown2.o)
    0x08000242   0x08000242   0x00000000   Code   RO         4793    .ARM.Collect$$libshutdown$$00000011  c_w.l(libshutdown2.o)
    0x08000242   0x08000242   0x00000002   Code   RO         4794    .ARM.Collect$$libshutdown$$00000012  c_w.l(libshutdown2.o)
    0x08000244   0x08000244   0x00000000   Code   RO         4628    .ARM.Collect$$rtentry$$00000000  c_w.l(__rtentry.o)
    0x08000244   0x08000244   0x00000000   Code   RO         4664    .ARM.Collect$$rtentry$$00000002  c_w.l(__rtentry2.o)
    0x08000244   0x08000244   0x00000006   Code   RO         4676    .ARM.Collect$$rtentry$$00000004  c_w.l(__rtentry4.o)
    0x0800024a   0x0800024a   0x00000000   Code   RO         4666    .ARM.Collect$$rtentry$$00000009  c_w.l(__rtentry2.o)
    0x0800024a   0x0800024a   0x00000004   Code   RO         4667    .ARM.Collect$$rtentry$$0000000A  c_w.l(__rtentry2.o)
    0x0800024e   0x0800024e   0x00000000   Code   RO         4669    .ARM.Collect$$rtentry$$0000000C  c_w.l(__rtentry2.o)
    0x0800024e   0x0800024e   0x00000008   Code   RO         4670    .ARM.Collect$$rtentry$$0000000D  c_w.l(__rtentry2.o)
    0x08000256   0x08000256   0x00000002   Code   RO         4704    .ARM.Collect$$rtexit$$00000000  c_w.l(rtexit.o)
    0x08000258   0x08000258   0x00000000   Code   RO         4752    .ARM.Collect$$rtexit$$00000002  c_w.l(rtexit2.o)
    0x08000258   0x08000258   0x00000004   Code   RO         4753    .ARM.Collect$$rtexit$$00000003  c_w.l(rtexit2.o)
    0x0800025c   0x0800025c   0x00000006   Code   RO         4754    .ARM.Collect$$rtexit$$00000004  c_w.l(rtexit2.o)
    0x08000262   0x08000262   0x00000002   PAD
    0x08000264   0x08000264   0x00000040   Code   RO          400    .text               startup_at32f403a_407.o
    0x080002a4   0x080002a4   0x00000002   Code   RO         4564    .text               c_w.l(use_no_semi_2.o)
    0x080002a6   0x080002a6   0x00000002   PAD
    0x080002a8   0x080002a8   0x00000018   Code   RO         4568    .text               c_w.l(noretval__2printf.o)
    0x080002c0   0x080002c0   0x0000008a   Code   RO         4570    .text               c_w.l(rt_memcpy_v6.o)
    0x0800034a   0x0800034a   0x00000044   Code   RO         4572    .text               c_w.l(rt_memclr.o)
    0x0800038e   0x0800038e   0x0000004e   Code   RO         4574    .text               c_w.l(rt_memclr_w.o)
    0x080003dc   0x080003dc   0x00000006   Code   RO         4576    .text               c_w.l(heapauxi.o)
    0x080003e2   0x080003e2   0x00000002   Code   RO         4626    .text               c_w.l(use_no_semi.o)
    0x080003e4   0x080003e4   0x00000016   Code   RO         4629    .text               c_w.l(_rserrno.o)
    0x080003fa   0x080003fa   0x00000002   PAD
    0x080003fc   0x080003fc   0x00000024   Code   RO         4631    .text               c_w.l(_printf_char_file.o)
    0x08000420   0x08000420   0x00000064   Code   RO         4633    .text               c_w.l(rt_memcpy_w.o)
    0x08000484   0x08000484   0x00000008   Code   RO         4681    .text               c_w.l(rt_errno_addr_intlibspace.o)
    0x0800048c   0x0800048c   0x00000030   Code   RO         4683    .text               c_w.l(_printf_char_common.o)
    0x080004bc   0x080004bc   0x00000008   Code   RO         4685    .text               c_w.l(ferror.o)
    0x080004c4   0x080004c4   0x00000008   Code   RO         4689    .text               c_w.l(libspace.o)
    0x080004cc   0x080004cc   0x0000004a   Code   RO         4692    .text               c_w.l(sys_stackheap_outer.o)
    0x08000516   0x08000516   0x00000028   Code   RO         4694    .text               c_w.l(__printf_nopercent.o)
    0x0800053e   0x0800053e   0x00000012   Code   RO         4696    .text               c_w.l(exit.o)
    0x08000550   0x08000550   0x0000004c   Code   RO         3061    i.ADC1_2_IRQHandler  adc.o
    0x0800059c   0x0800059c   0x0000000e   Code   RO         3062    i.ADC_Config        adc.o
    0x080005aa   0x080005aa   0x00000002   PAD
    0x080005ac   0x080005ac   0x00000178   Code   RO         3371    i.Auto_Cali         calibration.o
    0x08000724   0x08000724   0x00000168   Code   RO         2911    i.Auto_Cali_End     debug.o
    0x0800088c   0x0800088c   0x00000100   Code   RO         2705    i.B_LED             led.o
    0x0800098c   0x0800098c   0x00000002   Code   RO          288    i.BusFault_Handler  at32f403a_407_int.o
    0x0800098e   0x0800098e   0x00000002   PAD
    0x08000990   0x08000990   0x0000022c   Code   RO         3372    i.Car_Cali          calibration.o
    0x08000bbc   0x08000bbc   0x00000118   Code   RO         3140    i.Check_Encoder     encoder.o
    0x08000cd4   0x08000cd4   0x00000104   Code   RO         4385    i.Clarke_Park_Ipark  AT32F403A_FOC_LIB.lib(at32f403a_foc_lib.o)
    0x08000dd8   0x08000dd8   0x00000020   Code   RO         3063    i.ConventionalADC_Init  adc.o
    0x08000df8   0x08000df8   0x00000030   Code   RO         3495    i.DMA1_Channel3_IRQHandler  ws2812.o
    0x08000e28   0x08000e28   0x00000024   Code   RO         2754    i.DMA2_Channel2_IRQHandler  usart.o
    0x08000e4c   0x08000e4c   0x00000038   Code   RO         2755    i.DMA2_Channel6_7_IRQHandler  usart.o
    0x08000e84   0x08000e84   0x00000002   Code   RO          289    i.DebugMon_Handler  at32f403a_407_int.o
    0x08000e86   0x08000e86   0x00000002   PAD
    0x08000e88   0x08000e88   0x00000078   Code   RO         2756    i.Dma_rx1           usart.o
    0x08000f00   0x08000f00   0x00000078   Code   RO         2757    i.Dma_rx2           usart.o
    0x08000f78   0x08000f78   0x00000078   Code   RO         2758    i.Dma_rx3           usart.o
    0x08000ff0   0x08000ff0   0x00000078   Code   RO         2759    i.Dma_rx4           usart.o
    0x08001068   0x08001068   0x0000008c   Code   RO         2760    i.Dma_tx1           usart.o
    0x080010f4   0x080010f4   0x0000008c   Code   RO         2761    i.Dma_tx3           usart.o
    0x08001180   0x08001180   0x0000008c   Code   RO         2762    i.Dma_tx4           usart.o
    0x0800120c   0x0800120c   0x00000100   Code   RO         2706    i.G_LED             led.o
    0x0800130c   0x0800130c   0x00000088   Code   RO         3065    i.Get_InputVolt     adc.o
    0x08001394   0x08001394   0x0000003c   Code   RO         3230    i.Get_mpu6500       mpu6500.o
    0x080013d0   0x080013d0   0x00000084   Code   RO         3462    i.Gpio_config       gpio_config.o
    0x08001454   0x08001454   0x00000028   Code   RO         3373    i.Gyro_Cali         calibration.o
    0x0800147c   0x0800147c   0x00000002   Code   RO          290    i.HardFault_Handler  at32f403a_407_int.o
    0x0800147e   0x0800147e   0x00000002   PAD
    0x08001480   0x08001480   0x000001bc   Code   RO         2912    i.Hardware_Tips     debug.o
    0x0800163c   0x0800163c   0x000000b0   Code   RO         3231    i.IMU_Init          mpu6500.o
    0x080016ec   0x080016ec   0x00000034   Code   RO         3232    i.IMU_Read_Reg      mpu6500.o
    0x08001720   0x08001720   0x00000038   Code   RO         3233    i.IMU_Write_Reg     mpu6500.o
    0x08001758   0x08001758   0x0000034c   Code   RO         3291    i.IMU_handle        ahrs.o
    0x08001aa4   0x08001aa4   0x00000048   Code   RO         3330    i.Key_Init          key.o
    0x08001aec   0x08001aec   0x000000dc   Code   RO         3331    i.Key_Scan          key.o
    0x08001bc8   0x08001bc8   0x0000004c   Code   RO         2707    i.LED_Init          led.o
    0x08001c14   0x08001c14   0x00000048   Code   RO         3618    i.M1Current_ClosedLoop  control.o
    0x08001c5c   0x08001c5c   0x00000048   Code   RO         3619    i.M1SpeedControl    control.o
    0x08001ca4   0x08001ca4   0x000000b4   Code   RO         3620    i.M1_Check          control.o
    0x08001d58   0x08001d58   0x000000e4   Code   RO         3621    i.M1_Control        control.o
    0x08001e3c   0x08001e3c   0x000004f8   Code   RO         4386    i.M1_FOC_handle     AT32F403A_FOC_LIB.lib(at32f403a_foc_lib.o)
    0x08002334   0x08002334   0x00000048   Code   RO         3622    i.M2Current_ClosedLoop  control.o
    0x0800237c   0x0800237c   0x00000048   Code   RO         3623    i.M2SpeedControl    control.o
    0x080023c4   0x080023c4   0x000000b4   Code   RO         3624    i.M2_Check          control.o
    0x08002478   0x08002478   0x000000e0   Code   RO         3625    i.M2_Control        control.o
    0x08002558   0x08002558   0x000004ec   Code   RO         4387    i.M2_FOC_handle     AT32F403A_FOC_LIB.lib(at32f403a_foc_lib.o)
    0x08002a44   0x08002a44   0x0000013c   Code   RO         3141    i.MA732_Init        encoder.o
    0x08002b80   0x08002b80   0x000000a0   Code   RO         3142    i.MA732_Read_Reg    encoder.o
    0x08002c20   0x08002c20   0x000000a0   Code   RO         3143    i.MA732_Write_Reg   encoder.o
    0x08002cc0   0x08002cc0   0x000000a0   Code   RO         3144    i.MT6701_Init       encoder.o
    0x08002d60   0x08002d60   0x00000002   Code   RO          291    i.MemManage_Handler  at32f403a_407_int.o
    0x08002d62   0x08002d62   0x00000002   PAD
    0x08002d64   0x08002d64   0x0000032c   Code   RO         3626    i.MotorControl      control.o
    0x08003090   0x08003090   0x00000002   Code   RO          292    i.NMI_Handler       at32f403a_407_int.o
    0x08003092   0x08003092   0x000000c0   Code   RO         3627    i.PID_Adjust        control.o
    0x08003152   0x08003152   0x00000002   PAD
    0x08003154   0x08003154   0x00000144   Code   RO         4388    i.PID_Adjust_S      AT32F403A_FOC_LIB.lib(at32f403a_foc_lib.o)
    0x08003298   0x08003298   0x000000f2   Code   RO         3628    i.PID_Adjust_T      control.o
    0x0800338a   0x0800338a   0x00000002   Code   RO          293    i.PendSV_Handler    at32f403a_407_int.o
    0x0800338c   0x0800338c   0x000003c8   Code   RO         3430    i.Peripherals_Init  app.o
    0x08003754   0x08003754   0x00000104   Code   RO         2708    i.R_LED             led.o
    0x08003858   0x08003858   0x0000081c   Code   RO         3736    i.RcData            rcdata.o
    0x08004074   0x08004074   0x00000048   Code   RO         3543    i.ReadW25Qxx_ID     w25q64.o
    0x080040bc   0x080040bc   0x000000d8   Code   RO         3374    i.Read_Cali_Data    calibration.o
    0x08004194   0x08004194   0x000000b4   Code   RO         3145    i.Read_M1_Encoder   encoder.o
    0x08004248   0x08004248   0x000000b4   Code   RO         3146    i.Read_M2_Encoder   encoder.o
    0x080042fc   0x080042fc   0x0000004c   Code   RO         3147    i.SPI1_ReadWriteByte  encoder.o
    0x08004348   0x08004348   0x0000004c   Code   RO         3148    i.SPI1_ReadWriteHalfword  encoder.o
    0x08004394   0x08004394   0x000000ec   Code   RO         3234    i.SPI3_Init         mpu6500.o
    0x08004480   0x08004480   0x00000054   Code   RO         3235    i.SPI3_ReadWriteByte  mpu6500.o
    0x080044d4   0x080044d4   0x0000004a   Code   RO         3544    i.SPI4_ReadWriteByte  w25q64.o
    0x0800451e   0x0800451e   0x00000002   Code   RO          294    i.SVC_Handler       at32f403a_407_int.o
    0x08004520   0x08004520   0x00000098   Code   RO         3629    i.SpeedCompute      control.o
    0x080045b8   0x080045b8   0x0000006c   Code   RO         2913    i.Start_Auto_Cali   debug.o
    0x08004624   0x08004624   0x00000070   Code   RO         2914    i.Start_Check_Hardware  debug.o
    0x08004694   0x08004694   0x00000510   Code   RO         4389    i.Start_Music1      AT32F403A_FOC_LIB.lib(at32f403a_foc_lib.o)
    0x08004ba4   0x08004ba4   0x000004f8   Code   RO         4390    i.Start_Music8      AT32F403A_FOC_LIB.lib(at32f403a_foc_lib.o)
    0x0800509c   0x0800509c   0x00000002   Code   RO          295    i.SysTick_Handler   at32f403a_407_int.o
    0x0800509e   0x0800509e   0x00000002   PAD
    0x080050a0   0x080050a0   0x00000058   Code   RO          363    i.SystemInit        system_at32f403a_407.o
    0x080050f8   0x080050f8   0x000000bc   Code   RO         2984    i.TIM10_Init        timer.o
    0x080051b4   0x080051b4   0x00000134   Code   RO         2986    i.TIM1_Init         timer.o
    0x080052e8   0x080052e8   0x00000068   Code   RO         2987    i.TIM7_Init         timer.o
    0x08005350   0x08005350   0x0000017c   Code   RO         2988    i.TIM8_Init         timer.o
    0x080054cc   0x080054cc   0x000000ec   Code   RO         3149    i.TLE5012B_Init     encoder.o
    0x080055b8   0x080055b8   0x0000000c   Code   RO         2989    i.TMR1_TRG_HALL_TMR11_IRQHandler  timer.o
    0x080055c4   0x080055c4   0x00000028   Code   RO         2990    i.TMR7_GLOBAL_IRQHandler  timer.o
    0x080055ec   0x080055ec   0x000001a8   Code   RO         3066    i.TriggerADC_Init   adc.o
    0x08005794   0x08005794   0x00000040   Code   RO         2763    i.UART1_SendDataDMA  usart.o
    0x080057d4   0x080057d4   0x00000040   Code   RO         2765    i.UART3_SendDataDMA  usart.o
    0x08005814   0x08005814   0x00000064   Code   RO         2766    i.UART4_IRQHandler  usart.o
    0x08005878   0x08005878   0x00000064   Code   RO         2768    i.USART1_IRQHandler  usart.o
    0x080058dc   0x080058dc   0x000000d0   Code   RO         2769    i.USART1_init       usart.o
    0x080059ac   0x080059ac   0x00000068   Code   RO         2770    i.USART2_IRQHandler  usart.o
    0x08005a14   0x08005a14   0x000000ac   Code   RO         2771    i.USART2_init       usart.o
    0x08005ac0   0x08005ac0   0x00000064   Code   RO         2772    i.USART3_IRQHandler  usart.o
    0x08005b24   0x08005b24   0x000000e8   Code   RO         2773    i.USART3_init       usart.o
    0x08005c0c   0x08005c0c   0x000000e4   Code   RO         2774    i.USART4_init       usart.o
    0x08005cf0   0x08005cf0   0x0000000c   Code   RO         3812    i.USBFS_L_CAN1_RX0_IRQHandler  usb.o
    0x08005cfc   0x08005cfc   0x00000002   Code   RO          296    i.UsageFault_Handler  at32f403a_407_int.o
    0x08005cfe   0x08005cfe   0x00000002   PAD
    0x08005d00   0x08005d00   0x000000cc   Code   RO         2915    i.UsartPrint        debug.o
    0x08005dcc   0x08005dcc   0x00000050   Code   RO         3545    i.W25Qxx_ErasePage  w25q64.o
    0x08005e1c   0x08005e1c   0x000000f0   Code   RO         3546    i.W25Qxx_Init       w25q64.o
    0x08005f0c   0x08005f0c   0x0000005c   Code   RO         3547    i.W25Qxx_Read       w25q64.o
    0x08005f68   0x08005f68   0x0000002c   Code   RO         3548    i.W25Qxx_ReadStatus  w25q64.o
    0x08005f94   0x08005f94   0x0000000c   Code   RO         3549    i.W25Qxx_WaitBusy   w25q64.o
    0x08005fa0   0x08005fa0   0x00000024   Code   RO         3550    i.W25Qxx_WriteEnable  w25q64.o
    0x08005fc4   0x08005fc4   0x0000006c   Code   RO         3551    i.W25Qxx_WritePage  w25q64.o
    0x08006030   0x08006030   0x00000124   Code   RO         3496    i.WS2812_init       ws2812.o
    0x08006154   0x08006154   0x00000054   Code   RO         3375    i.Write_Cali_Data   calibration.o
    0x080061a8   0x080061a8   0x00000026   Code   RO         4644    i.__ARM_fpclassifyf  m_wm.l(fpclassifyf.o)
    0x080061ce   0x080061ce   0x00000002   PAD
    0x080061d0   0x080061d0   0x000002ac   Code   RO         4584    i.__hardfp_atan2f   m_wm.l(atan2f.o)
    0x0800647c   0x0800647c   0x00000150   Code   RO         4596    i.__hardfp_cosf     m_wm.l(cosf.o)
    0x080065cc   0x080065cc   0x00000014   Code   RO         4608    i.__hardfp_fabs     m_wm.l(fabs.o)
    0x080065e0   0x080065e0   0x00000190   Code   RO         4614    i.__hardfp_sinf     m_wm.l(sinf.o)
    0x08006770   0x08006770   0x00000006   Code   RO         4647    i.__mathlib_flt_infnan  m_wm.l(funder.o)
    0x08006776   0x08006776   0x00000006   Code   RO         4648    i.__mathlib_flt_infnan2  m_wm.l(funder.o)
    0x0800677c   0x0800677c   0x00000010   Code   RO         4649    i.__mathlib_flt_invalid  m_wm.l(funder.o)
    0x0800678c   0x0800678c   0x00000010   Code   RO         4652    i.__mathlib_flt_underflow  m_wm.l(funder.o)
    0x0800679c   0x0800679c   0x00000154   Code   RO         4660    i.__mathlib_rredf2  m_wm.l(rredf.o)
    0x080068f0   0x080068f0   0x00000002   Code   RO         2916    i._sys_exit         debug.o
    0x080068f2   0x080068f2   0x00000002   PAD
    0x080068f4   0x080068f4   0x00000028   Code   RO         2609    i.acc_calibration_mode_enable  at32f403a_407_acc.o
    0x0800691c   0x0800691c   0x0000000c   Code   RO         2619    i.acc_write_c1      at32f403a_407_acc.o
    0x08006928   0x08006928   0x0000000c   Code   RO         2620    i.acc_write_c2      at32f403a_407_acc.o
    0x08006934   0x08006934   0x0000000c   Code   RO         2621    i.acc_write_c3      at32f403a_407_acc.o
    0x08006940   0x08006940   0x0000002c   Code   RO         1889    i.adc_base_config   at32f403a_407_adc.o
    0x0800696c   0x0800696c   0x0000000e   Code   RO         1890    i.adc_base_default_para_init  at32f403a_407_adc.o
    0x0800697a   0x0800697a   0x0000000a   Code   RO         1891    i.adc_calibration_init  at32f403a_407_adc.o
    0x08006984   0x08006984   0x0000000e   Code   RO         1892    i.adc_calibration_init_status_get  at32f403a_407_adc.o
    0x08006992   0x08006992   0x0000000a   Code   RO         1893    i.adc_calibration_start  at32f403a_407_adc.o
    0x0800699c   0x0800699c   0x0000000e   Code   RO         1894    i.adc_calibration_status_get  at32f403a_407_adc.o
    0x080069aa   0x080069aa   0x00000002   PAD
    0x080069ac   0x080069ac   0x00000010   Code   RO         1895    i.adc_combine_mode_select  at32f403a_407_adc.o
    0x080069bc   0x080069bc   0x000000ac   Code   RO         3067    i.adc_config        adc.o
    0x08006a68   0x08006a68   0x0000000a   Code   RO         1897    i.adc_dma_mode_enable  at32f403a_407_adc.o
    0x08006a72   0x08006a72   0x0000000a   Code   RO         1898    i.adc_enable        at32f403a_407_adc.o
    0x08006a7c   0x08006a7c   0x00000006   Code   RO         1899    i.adc_flag_clear    at32f403a_407_adc.o
    0x08006a82   0x08006a82   0x0000000e   Code   RO         1900    i.adc_flag_get      at32f403a_407_adc.o
    0x08006a90   0x08006a90   0x00000018   Code   RO         1901    i.adc_interrupt_enable  at32f403a_407_adc.o
    0x08006aa8   0x08006aa8   0x00000188   Code   RO         1902    i.adc_ordinary_channel_set  at32f403a_407_adc.o
    0x08006c30   0x08006c30   0x00000034   Code   RO         1904    i.adc_ordinary_conversion_trigger_set  at32f403a_407_adc.o
    0x08006c64   0x08006c64   0x0000000a   Code   RO         1907    i.adc_ordinary_software_trigger_enable  at32f403a_407_adc.o
    0x08006c6e   0x08006c6e   0x0000000a   Code   RO         1909    i.adc_preempt_auto_mode_enable  at32f403a_407_adc.o
    0x08006c78   0x08006c78   0x0000000c   Code   RO         1910    i.adc_preempt_channel_length_set  at32f403a_407_adc.o
    0x08006c84   0x08006c84   0x00000112   Code   RO         1911    i.adc_preempt_channel_set  at32f403a_407_adc.o
    0x08006d96   0x08006d96   0x00000034   Code   RO         1913    i.adc_preempt_conversion_trigger_set  at32f403a_407_adc.o
    0x08006dca   0x08006dca   0x00000002   PAD
    0x08006dcc   0x08006dcc   0x00000028   Code   RO         4190    i.cdc_struct_init   cdc_class.o
    0x08006df4   0x08006df4   0x00000022   Code   RO         4191    i.class_clear_handler  cdc_class.o
    0x08006e16   0x08006e16   0x0000002a   Code   RO         4192    i.class_ept0_rx_handler  cdc_class.o
    0x08006e40   0x08006e40   0x00000004   Code   RO         4193    i.class_ept0_tx_handler  cdc_class.o
    0x08006e44   0x08006e44   0x00000004   Code   RO         4194    i.class_event_handler  cdc_class.o
    0x08006e48   0x08006e48   0x0000000e   Code   RO         4195    i.class_in_handler  cdc_class.o
    0x08006e56   0x08006e56   0x00000066   Code   RO         4196    i.class_init_handler  cdc_class.o
    0x08006ebc   0x08006ebc   0x00000018   Code   RO         4197    i.class_out_handler  cdc_class.o
    0x08006ed4   0x08006ed4   0x0000009c   Code   RO         4198    i.class_setup_handler  cdc_class.o
    0x08006f70   0x08006f70   0x00000004   Code   RO         4199    i.class_sof_handler  cdc_class.o
    0x08006f74   0x08006f74   0x0000001c   Code   RO          533    i.crm_adc_clock_div_set  at32f403a_407_crm.o
    0x08006f90   0x08006f90   0x00000010   Code   RO          534    i.crm_ahb_div_set   at32f403a_407_crm.o
    0x08006fa0   0x08006fa0   0x00000010   Code   RO          535    i.crm_apb1_div_set  at32f403a_407_crm.o
    0x08006fb0   0x08006fb0   0x00000010   Code   RO          536    i.crm_apb2_div_set  at32f403a_407_crm.o
    0x08006fc0   0x08006fc0   0x00000020   Code   RO          537    i.crm_auto_step_mode_enable  at32f403a_407_crm.o
    0x08006fe0   0x08006fe0   0x00000048   Code   RO          543    i.crm_clock_source_enable  at32f403a_407_crm.o
    0x08007028   0x08007028   0x000000e8   Code   RO          544    i.crm_clocks_freq_get  at32f403a_407_crm.o
    0x08007110   0x08007110   0x00000020   Code   RO          546    i.crm_flag_get      at32f403a_407_crm.o
    0x08007130   0x08007130   0x00000010   Code   RO          548    i.crm_hext_clock_div_set  at32f403a_407_crm.o
    0x08007140   0x08007140   0x0000002c   Code   RO          549    i.crm_hext_stable_wait  at32f403a_407_crm.o
    0x0800716c   0x0800716c   0x00000010   Code   RO          552    i.crm_hick_divider_select  at32f403a_407_crm.o
    0x0800717c   0x0800717c   0x0000001c   Code   RO          553    i.crm_hick_sclk_frequency_select  at32f403a_407_crm.o
    0x08007198   0x08007198   0x00000028   Code   RO          556    i.crm_periph_clock_enable  at32f403a_407_crm.o
    0x080071c0   0x080071c0   0x00000058   Code   RO          559    i.crm_pll_config    at32f403a_407_crm.o
    0x08007218   0x08007218   0x00000040   Code   RO          560    i.crm_reset         at32f403a_407_crm.o
    0x08007258   0x08007258   0x00000010   Code   RO          563    i.crm_sysclk_switch  at32f403a_407_crm.o
    0x08007268   0x08007268   0x00000010   Code   RO          564    i.crm_sysclk_switch_status_get  at32f403a_407_crm.o
    0x08007278   0x08007278   0x0000001c   Code   RO          566    i.crm_usb_clock_source_select  at32f403a_407_crm.o
    0x08007294   0x08007294   0x0000001c   Code   RO         3774    i.delay_init        delay.o
    0x080072b0   0x080072b0   0x00000028   Code   RO         3775    i.delay_ms          delay.o
    0x080072d8   0x080072d8   0x0000000a   Code   RO         1522    i.dma_channel_enable  at32f403a_407_dma.o
    0x080072e2   0x080072e2   0x00000002   PAD
    0x080072e4   0x080072e4   0x00000078   Code   RO         3068    i.dma_config        adc.o
    0x0800735c   0x0800735c   0x00000006   Code   RO         1523    i.dma_data_number_get  at32f403a_407_dma.o
    0x08007362   0x08007362   0x00000004   Code   RO         1524    i.dma_data_number_set  at32f403a_407_dma.o
    0x08007366   0x08007366   0x00000018   Code   RO         1525    i.dma_default_para_init  at32f403a_407_dma.o
    0x0800737e   0x0800737e   0x00000002   PAD
    0x08007380   0x08007380   0x00000020   Code   RO         1526    i.dma_flag_clear    at32f403a_407_dma.o
    0x080073a0   0x080073a0   0x00000024   Code   RO         1527    i.dma_flag_get      at32f403a_407_dma.o
    0x080073c4   0x080073c4   0x00000084   Code   RO         1528    i.dma_flexible_config  at32f403a_407_dma.o
    0x08007448   0x08007448   0x0000005c   Code   RO         1529    i.dma_init          at32f403a_407_dma.o
    0x080074a4   0x080074a4   0x00000014   Code   RO         1530    i.dma_interrupt_enable  at32f403a_407_dma.o
    0x080074b8   0x080074b8   0x0000005c   Code   RO         1531    i.dma_reset         at32f403a_407_dma.o
    0x08007514   0x08007514   0x00000006   Code   RO         3630    i.fabsf             control.o
    0x0800751a   0x0800751a   0x00000002   PAD
    0x0800751c   0x0800751c   0x00000018   Code   RO         2917    i.fputc             debug.o
    0x08007534   0x08007534   0x00000038   Code   RO         4287    i.get_device_config_string  cdc_desc.o
    0x0800756c   0x0800756c   0x00000008   Code   RO         4288    i.get_device_configuration  cdc_desc.o
    0x08007574   0x08007574   0x00000008   Code   RO         4289    i.get_device_descriptor  cdc_desc.o
    0x0800757c   0x0800757c   0x0000003c   Code   RO         4290    i.get_device_interface_string  cdc_desc.o
    0x080075b8   0x080075b8   0x00000008   Code   RO         4291    i.get_device_lang_id  cdc_desc.o
    0x080075c0   0x080075c0   0x00000028   Code   RO         4292    i.get_device_manufacturer_string  cdc_desc.o
    0x080075e8   0x080075e8   0x00000004   Code   RO         4293    i.get_device_other_speed  cdc_desc.o
    0x080075ec   0x080075ec   0x00000038   Code   RO         4294    i.get_device_product_string  cdc_desc.o
    0x08007624   0x08007624   0x00000004   Code   RO         4295    i.get_device_qualifier  cdc_desc.o
    0x08007628   0x08007628   0x00000010   Code   RO         4296    i.get_device_serial_string  cdc_desc.o
    0x08007638   0x08007638   0x00000024   Code   RO         4297    i.get_serial_num    cdc_desc.o
    0x0800765c   0x0800765c   0x00000004   Code   RO          407    i.gpio_bits_reset   at32f403a_407_gpio.o
    0x08007660   0x08007660   0x00000004   Code   RO          408    i.gpio_bits_set     at32f403a_407_gpio.o
    0x08007664   0x08007664   0x0000002c   Code   RO         3069    i.gpio_config       adc.o
    0x08007690   0x08007690   0x00000016   Code   RO          410    i.gpio_default_para_init  at32f403a_407_gpio.o
    0x080076a6   0x080076a6   0x000000a6   Code   RO          414    i.gpio_init         at32f403a_407_gpio.o
    0x0800774c   0x0800774c   0x0000000e   Code   RO          415    i.gpio_input_data_bit_read  at32f403a_407_gpio.o
    0x0800775a   0x0800775a   0x00000002   PAD
    0x0800775c   0x0800775c   0x0000003c   Code   RO          420    i.gpio_pin_remap_config  at32f403a_407_gpio.o
    0x08007798   0x08007798   0x00000014   Code   RO            4    i.main              main.o
    0x080077ac   0x080077ac   0x00000078   Code   RO          763    i.nvic_irq_enable   at32f403a_407_misc.o
    0x08007824   0x08007824   0x00000024   Code   RO          765    i.nvic_priority_group_config  at32f403a_407_misc.o
    0x08007848   0x08007848   0x0000031c   Code   RO         3631    i.parameters_Init   control.o
    0x08007b64   0x08007b64   0x000000b4   Code   RO         3497    i.send_Data         ws2812.o
    0x08007c18   0x08007c18   0x00000016   Code   RO         1182    i.spi_default_para_init  at32f403a_407_spi.o
    0x08007c2e   0x08007c2e   0x0000000a   Code   RO         1183    i.spi_enable        at32f403a_407_spi.o
    0x08007c38   0x08007c38   0x0000000e   Code   RO         1192    i.spi_i2s_flag_get  at32f403a_407_spi.o
    0x08007c46   0x08007c46   0x0000010a   Code   RO         1195    i.spi_init          at32f403a_407_spi.o
    0x08007d50   0x08007d50   0x000004bc   Code   RO         4391    i.svpwm             AT32F403A_FOC_LIB.lib(at32f403a_foc_lib.o)
    0x0800820c   0x0800820c   0x0000006c   Code   RO          261    i.system_clock_config  at32f403a_407_clock.o
    0x08008278   0x08008278   0x000000b0   Code   RO          364    i.system_core_clock_update  system_at32f403a_407.o
    0x08008328   0x08008328   0x0000001c   Code   RO          768    i.systick_clock_source_config  at32f403a_407_misc.o
    0x08008344   0x08008344   0x0000000e   Code   RO          827    i.tmr_base_init     at32f403a_407_tmr.o
    0x08008352   0x08008352   0x00000048   Code   RO          828    i.tmr_brkdt_config  at32f403a_407_tmr.o
    0x0800839a   0x0800839a   0x00000012   Code   RO          829    i.tmr_brkdt_default_para_init  at32f403a_407_tmr.o
    0x080083ac   0x080083ac   0x00000020   Code   RO          835    i.tmr_channel_value_set  at32f403a_407_tmr.o
    0x080083cc   0x080083cc   0x0000000a   Code   RO          836    i.tmr_clock_source_div_set  at32f403a_407_tmr.o
    0x080083d6   0x080083d6   0x0000000a   Code   RO          837    i.tmr_cnt_dir_set   at32f403a_407_tmr.o
    0x080083e0   0x080083e0   0x0000000a   Code   RO          838    i.tmr_counter_enable  at32f403a_407_tmr.o
    0x080083ea   0x080083ea   0x00000018   Code   RO          844    i.tmr_dma_request_enable  at32f403a_407_tmr.o
    0x08008402   0x08008402   0x00000006   Code   RO          850    i.tmr_flag_clear    at32f403a_407_tmr.o
    0x08008408   0x08008408   0x0000000e   Code   RO          851    i.tmr_flag_get      at32f403a_407_tmr.o
    0x08008416   0x08008416   0x00000018   Code   RO          859    i.tmr_interrupt_enable  at32f403a_407_tmr.o
    0x0800842e   0x0800842e   0x00000038   Code   RO          861    i.tmr_output_channel_buffer_enable  at32f403a_407_tmr.o
    0x08008466   0x08008466   0x000000d6   Code   RO          862    i.tmr_output_channel_config  at32f403a_407_tmr.o
    0x0800853c   0x0800853c   0x00000012   Code   RO          867    i.tmr_output_default_para_init  at32f403a_407_tmr.o
    0x0800854e   0x0800854e   0x0000000a   Code   RO          868    i.tmr_output_enable  at32f403a_407_tmr.o
    0x08008558   0x08008558   0x0000000a   Code   RO          871    i.tmr_period_buffer_enable  at32f403a_407_tmr.o
    0x08008562   0x08008562   0x0000000a   Code   RO         1336    i.usart_dma_receiver_enable  at32f403a_407_usart.o
    0x0800856c   0x0800856c   0x0000000a   Code   RO         1337    i.usart_dma_transmitter_enable  at32f403a_407_usart.o
    0x08008576   0x08008576   0x0000000a   Code   RO         1338    i.usart_enable      at32f403a_407_usart.o
    0x08008580   0x08008580   0x00000010   Code   RO         1339    i.usart_flag_clear  at32f403a_407_usart.o
    0x08008590   0x08008590   0x0000000e   Code   RO         1340    i.usart_flag_get    at32f403a_407_usart.o
    0x0800859e   0x0800859e   0x00000002   PAD
    0x080085a0   0x080085a0   0x00000080   Code   RO         1342    i.usart_init        at32f403a_407_usart.o
    0x08008620   0x08008620   0x00000022   Code   RO         1343    i.usart_interrupt_enable  at32f403a_407_usart.o
    0x08008642   0x08008642   0x0000000a   Code   RO         1349    i.usart_receiver_enable  at32f403a_407_usart.o
    0x0800864c   0x0800864c   0x0000000a   Code   RO         1356    i.usart_transmitter_enable  at32f403a_407_usart.o
    0x08008656   0x08008656   0x00000002   PAD
    0x08008658   0x08008658   0x00000024   Code   RO         3813    i.usb_ReadWrite     usb.o
    0x0800867c   0x0800867c   0x0000000c   Code   RO         2471    i.usb_buffer_free   at32f403a_407_usb.o
    0x08008688   0x08008688   0x00000038   Code   RO         3814    i.usb_clock48m_select  usb.o
    0x080086c0   0x080086c0   0x00000012   Code   RO         2473    i.usb_connect       at32f403a_407_usb.o
    0x080086d2   0x080086d2   0x0000001c   Code   RO         2474    i.usb_dev_init      at32f403a_407_usb.o
    0x080086ee   0x080086ee   0x00000012   Code   RO         2476    i.usb_enter_suspend  at32f403a_407_usb.o
    0x08008700   0x08008700   0x00000148   Code   RO         2477    i.usb_ept_close     at32f403a_407_usb.o
    0x08008848   0x08008848   0x0000038c   Code   RO         2478    i.usb_ept_open      at32f403a_407_usb.o
    0x08008bd4   0x08008bd4   0x00000012   Code   RO         2480    i.usb_exit_suspend  at32f403a_407_usb.o
    0x08008be6   0x08008be6   0x00000006   Code   RO         2481    i.usb_flag_clear    at32f403a_407_usb.o
    0x08008bec   0x08008bec   0x00000048   Code   RO         3815    i.usb_init          usb.o
    0x08008c34   0x08008c34   0x00000014   Code   RO         2483    i.usb_interrupt_enable  at32f403a_407_usb.o
    0x08008c48   0x08008c48   0x00000028   Code   RO         2484    i.usb_read_packet   at32f403a_407_usb.o
    0x08008c70   0x08008c70   0x00000012   Code   RO         2487    i.usb_set_address   at32f403a_407_usb.o
    0x08008c82   0x08008c82   0x0000005a   Code   RO         4200    i.usb_vcp_cmd_process  cdc_class.o
    0x08008cdc   0x08008cdc   0x00000040   Code   RO         4201    i.usb_vcp_get_rxdata  cdc_class.o
    0x08008d1c   0x08008d1c   0x00000028   Code   RO         4202    i.usb_vcp_send_data  cdc_class.o
    0x08008d44   0x08008d44   0x00000028   Code   RO         2489    i.usb_write_packet  at32f403a_407_usb.o
    0x08008d6c   0x08008d6c   0x00000048   Code   RO         4108    i.usbd_clear_feature  usbd_sdr.o
    0x08008db4   0x08008db4   0x00000064   Code   RO         3866    i.usbd_clear_stall  usbd_core.o
    0x08008e18   0x08008e18   0x00000006   Code   RO         3867    i.usbd_connect      usbd_core.o
    0x08008e1e   0x08008e1e   0x000000a8   Code   RO         3869    i.usbd_core_in_handler  usbd_core.o
    0x08008ec6   0x08008ec6   0x00000020   Code   RO         3870    i.usbd_core_init    usbd_core.o
    0x08008ee6   0x08008ee6   0x0000006c   Code   RO         3871    i.usbd_core_out_handler  usbd_core.o
    0x08008f52   0x08008f52   0x00000050   Code   RO         3872    i.usbd_core_setup_handler  usbd_core.o
    0x08008fa2   0x08008fa2   0x00000018   Code   RO         3873    i.usbd_ctrl_recv    usbd_core.o
    0x08008fba   0x08008fba   0x00000010   Code   RO         3874    i.usbd_ctrl_recv_status  usbd_core.o
    0x08008fca   0x08008fca   0x00000018   Code   RO         3875    i.usbd_ctrl_send    usbd_core.o
    0x08008fe2   0x08008fe2   0x00000010   Code   RO         3876    i.usbd_ctrl_send_status  usbd_core.o
    0x08008ff2   0x08008ff2   0x00000018   Code   RO         3877    i.usbd_ctrl_unsupport  usbd_core.o
    0x0800900a   0x0800900a   0x00000062   Code   RO         4109    i.usbd_device_request  usbd_sdr.o
    0x0800906c   0x0800906c   0x00000154   Code   RO         4110    i.usbd_endpoint_request  usbd_sdr.o
    0x080091c0   0x080091c0   0x00000006   Code   RO         3879    i.usbd_enter_suspend  usbd_core.o
    0x080091c6   0x080091c6   0x00000030   Code   RO         3881    i.usbd_ept_buf_custom_define  usbd_core.o
    0x080091f6   0x080091f6   0x0000001a   Code   RO         3882    i.usbd_ept_close    usbd_core.o
    0x08009210   0x08009210   0x00000048   Code   RO         3884    i.usbd_ept_defaut_init  usbd_core.o
    0x08009258   0x08009258   0x0000001a   Code   RO         4044    i.usbd_ept_loop_handler  usbd_int.o
    0x08009272   0x08009272   0x00000032   Code   RO         3885    i.usbd_ept_open     usbd_core.o
    0x080092a4   0x080092a4   0x00000050   Code   RO         3886    i.usbd_ept_recv     usbd_core.o
    0x080092f4   0x080092f4   0x000000e4   Code   RO         3887    i.usbd_ept_send     usbd_core.o
    0x080093d8   0x080093d8   0x00000184   Code   RO         4045    i.usbd_eptn_handler  usbd_int.o
    0x0800955c   0x0800955c   0x00000046   Code   RO         4111    i.usbd_get_configuration  usbd_sdr.o
    0x080095a2   0x080095a2   0x000000c6   Code   RO         4112    i.usbd_get_descriptor  usbd_sdr.o
    0x08009668   0x08009668   0x0000000e   Code   RO         3888    i.usbd_get_recv_len  usbd_core.o
    0x08009676   0x08009676   0x00000036   Code   RO         4113    i.usbd_get_status   usbd_sdr.o
    0x080096ac   0x080096ac   0x0000003a   Code   RO         4298    i.usbd_int_to_unicode  cdc_desc.o
    0x080096e6   0x080096e6   0x00000042   Code   RO         4114    i.usbd_interface_request  usbd_sdr.o
    0x08009728   0x08009728   0x0000008c   Code   RO         4046    i.usbd_irq_handler  usbd_int.o
    0x080097b4   0x080097b4   0x0000005c   Code   RO         4047    i.usbd_reset_handler  usbd_int.o
    0x08009810   0x08009810   0x00000048   Code   RO         4115    i.usbd_set_address  usbd_sdr.o
    0x08009858   0x08009858   0x000000ac   Code   RO         4116    i.usbd_set_configuration  usbd_sdr.o
    0x08009904   0x08009904   0x00000026   Code   RO         4117    i.usbd_set_feature  usbd_sdr.o
    0x0800992a   0x0800992a   0x00000002   PAD
    0x0800992c   0x0800992c   0x0000005c   Code   RO         3891    i.usbd_set_stall    usbd_core.o
    0x08009988   0x08009988   0x00000028   Code   RO         4118    i.usbd_setup_request_parse  usbd_sdr.o
    0x080099b0   0x080099b0   0x0000000c   Code   RO         4048    i.usbd_sof_handler  usbd_int.o
    0x080099bc   0x080099bc   0x0000002c   Code   RO         4049    i.usbd_suspend_handler  usbd_int.o
    0x080099e8   0x080099e8   0x00000032   Code   RO         4299    i.usbd_unicode_convert  cdc_desc.o
    0x08009a1a   0x08009a1a   0x00000026   Code   RO         4050    i.usbd_wakeup_handler  usbd_int.o
    0x08009a40   0x08009a40   0x00000018   Code   RO         4635    x$fpl$dcmpinf       fz_wm.l(dcmpi.o)
    0x08009a58   0x08009a58   0x00000078   Code   RO         4580    x$fpl$dleqf         fz_wm.l(dleqf.o)
    0x08009ad0   0x08009ad0   0x0000009c   Code   RO         4637    x$fpl$dnaninf       fz_wm.l(dnaninf.o)
    0x08009b6c   0x08009b6c   0x0000000c   Code   RO         4639    x$fpl$dretinf       fz_wm.l(dretinf.o)
    0x08009b78   0x08009b78   0x00000056   Code   RO         4582    x$fpl$f2d           fz_wm.l(f2d.o)
    0x08009bce   0x08009bce   0x0000008c   Code   RO         4641    x$fpl$fnaninf       fz_wm.l(fnaninf.o)
    0x08009c5a   0x08009c5a   0x0000000a   Code   RO         4760    x$fpl$fpinit        fz_wm.l(fpinit.o)
    0x08009c64   0x08009c64   0x00000000   Code   RO         4643    x$fpl$usenofp       fz_wm.l(usenofp.o)
    0x08009c64   0x08009c64   0x00000010   Data   RO          365    .constdata          system_at32f403a_407.o
    0x08009c74   0x08009c74   0x00000028   Data   RO          568    .constdata          at32f403a_407_crm.o
    0x08009c9c   0x08009c9c   0x00000020   Data   RO         4661    .constdata          m_wm.l(rredf.o)
    0x08009cbc   0x08009cbc   0x00000500   Data   RO         2919    .conststring        debug.o
    0x0800a1bc   0x0800a1bc   0x00000020   Data   RO         4826    Region$$Table       anon$$obj.o


    Execution Region RW_IRAM1 (Exec base: 0x20000000, Load base: 0x0800a1dc, Size: 0x000021e8, Max: 0x00018000, ABSOLUTE, COMPRESSED[0x000000f8])

    Exec Addr    Load Addr    Size         Type   Attr      Idx    E Section Name        Object

    0x20000000   COMPRESSED   0x00000004   Data   RW          366    .data               system_at32f403a_407.o
    0x20000004   COMPRESSED   0x00000008   Data   RW         2490    .data               at32f403a_407_usb.o
    0x2000000c   COMPRESSED   0x00000006   Data   RW         2709    .data               led.o
    0x20000012   COMPRESSED   0x00000007   Data   RW         2777    .data               usart.o
    0x20000019   COMPRESSED   0x00000001   PAD
    0x2000001a   COMPRESSED   0x00000006   Data   RW         2920    .data               debug.o
    0x20000020   COMPRESSED   0x00000004   Data   RW         2921    .data               debug.o
    0x20000024   COMPRESSED   0x00000001   Data   RW         2993    .data               timer.o
    0x20000025   COMPRESSED   0x00000001   PAD
    0x20000026   COMPRESSED   0x00000006   Data   RW         3070    .data               adc.o
    0x2000002c   COMPRESSED   0x0000001a   Data   RW         3152    .data               encoder.o
    0x20000046   COMPRESSED   0x00000001   Data   RW         3237    .data               mpu6500.o
    0x20000047   COMPRESSED   0x00000001   Data   RW         3293    .data               ahrs.o
    0x20000048   COMPRESSED   0x00000006   Data   RW         3332    .data               key.o
    0x2000004e   COMPRESSED   0x00000006   Data   RW         3377    .data               calibration.o
    0x20000054   COMPRESSED   0x00000014   Data   RW         3431    .data               app.o
    0x20000068   COMPRESSED   0x00000001   Data   RW         3500    .data               ws2812.o
    0x20000069   COMPRESSED   0x00000003   PAD
    0x2000006c   COMPRESSED   0x00000024   Data   RW         3634    .data               control.o
    0x20000090   COMPRESSED   0x00000008   Data   RW         3740    .data               rcdata.o
    0x20000098   COMPRESSED   0x00000004   Data   RW         3777    .data               delay.o
    0x2000009c   COMPRESSED   0x00000001   Data   RW         4119    .data               usbd_sdr.o
    0x2000009d   COMPRESSED   0x00000003   PAD
    0x200000a0   COMPRESSED   0x00000008   Data   RW         4204    .data               cdc_class.o
    0x200000a8   COMPRESSED   0x00000028   Data   RW         4205    .data               cdc_class.o
    0x200000d0   COMPRESSED   0x00000028   Data   RW         4301    .data               cdc_desc.o
    0x200000f8   COMPRESSED   0x00000012   Data   RW         4302    .data               cdc_desc.o
    0x2000010a   COMPRESSED   0x00000002   PAD
    0x2000010c   COMPRESSED   0x00000043   Data   RW         4303    .data               cdc_desc.o
    0x2000014f   COMPRESSED   0x00000001   PAD
    0x20000150   COMPRESSED   0x00000004   Data   RW         4304    .data               cdc_desc.o
    0x20000154   COMPRESSED   0x00000042   Data   RW         4305    .data               cdc_desc.o
    0x20000196   COMPRESSED   0x00000002   PAD
    0x20000198   COMPRESSED   0x0000005c   Data   RW         4393    .data               AT32F403A_FOC_LIB.lib(at32f403a_foc_lib.o)
    0x200001f4        -       0x00000900   Zero   RW         2775    .bss                usart.o
    0x20000af4        -       0x00000488   Zero   RW         2918    .bss                debug.o
    0x20000f7c        -       0x00000014   Zero   RW         2992    .bss                timer.o
    0x20000f90        -       0x000000ae   Zero   RW         3292    .bss                ahrs.o
    0x2000103e        -       0x0000012e   Zero   RW         3376    .bss                calibration.o
    0x2000116c        -       0x000002a2   Zero   RW         3498    .bss                ws2812.o
    0x2000140e   COMPRESSED   0x00000002   PAD
    0x20001410        -       0x00000038   Zero   RW         3499    .bss                ws2812.o
    0x20001448        -       0x0000023e   Zero   RW         3632    .bss                control.o
    0x20001686   COMPRESSED   0x00000002   PAD
    0x20001688        -       0x00000054   Zero   RW         3737    .bss                rcdata.o
    0x200016dc        -       0x0000022c   Zero   RW         3816    .bss                usb.o
    0x20001908        -       0x0000005c   Zero   RW         4203    .bss                cdc_class.o
    0x20001964        -       0x00000100   Zero   RW         4300    .bss                cdc_desc.o
    0x20001a64        -       0x00000120   Zero   RW         4392    .bss                AT32F403A_FOC_LIB.lib(at32f403a_foc_lib.o)
    0x20001b84        -       0x00000060   Zero   RW         4690    .bss                c_w.l(libspace.o)
    0x20001be4   COMPRESSED   0x00000004   PAD
    0x20001be8        -       0x00000200   Zero   RW          398    HEAP                startup_at32f403a_407.o
    0x20001de8        -       0x00000400   Zero   RW          397    STACK               startup_at32f403a_407.o


==============================================================================

Image component sizes


      Code (inc. data)   RO Data    RW Data    ZI Data      Debug   Object Name

      1018        104          0          6          0       5027   adc.o
       844         54          0          1        174       6332   ahrs.o
       968         78          0         20          0       2108   app.o
        76         24          0          0          0       2315   at32f403a_407_acc.o
       988         58          0          0          0      13156   at32f403a_407_adc.o
       108          0          0          0          0        566   at32f403a_407_clock.o
       800        112         40          0          0      12154   at32f403a_407_crm.o
       448         28          0          0          0       6949   at32f403a_407_dma.o
       270          6          0          0          0       4790   at32f403a_407_gpio.o
        18          0          0          0          0       4002   at32f403a_407_int.o
       184         14          0          0          0      32556   at32f403a_407_misc.o
       312          0          0          0          0       3075   at32f403a_407_spi.o
       542          0          0          0          0      11232   at32f403a_407_tmr.o
       242         16          0          0          0       6475   at32f403a_407_usart.o
      1454         34          0          8          0      17599   at32f403a_407_usb.o
      1272        150          0          6        302       5178   calibration.o
       618          4          0         48         92      10131   cdc_class.o
       404        148          0        195        256       7759   cdc_desc.o
      3300        304          0         36        574      13797   control.o
      1254        536       1280         10       1160       6686   debug.o
        68         10          0          4          0       1192   delay.o
      1824        134          0         26          0       8301   encoder.o
       132         12          0          0          0        594   gpio_config.o
       292         36          0          6          0       1469   key.o
       848         40          0          6          0       3211   led.o
        20          0          0          0          0      85322   main.o
       664         62          0          1          0       4560   mpu6500.o
      2076         88          0          8         84       3059   rcdata.o
        64         26        388          0       1536        880   startup_at32f403a_407.o
       264         44         16          4          0       2304   system_at32f403a_407.o
      1032         98          0          1         20       3937   timer.o
      2364        310          0          7       2304      12771   usart.o
       176         46          0          0        556       2666   usb.o
      1214         30          0          0          0      14099   usbd_core.o
       740         12          0          0          0       5440   usbd_int.o
      1220         30          0          1          0       8634   usbd_sdr.o
       758         54          0          0          0       6221   w25q64.o
       520         42          0          1        730       2874   ws2812.o

    ----------------------------------------------------------------------
     29432       2744       1756        408       7792     339421   Object Totals
         0          0         32          0          0          0   (incl. Generated)
        36          0          0         13          4          0   (incl. Padding)

    ----------------------------------------------------------------------

      Code (inc. data)   RO Data    RW Data    ZI Data      Debug   Library Member Name

      6896        428          0         92        288      17444   at32f403a_foc_lib.o
        90          0          0          0          0          0   __dczerorl2.o
         8          0          0          0          0         68   __main.o
        40          0          0          0          0         84   __printf_nopercent.o
         0          0          0          0          0          0   __rtentry.o
        12          0          0          0          0          0   __rtentry2.o
         6          0          0          0          0          0   __rtentry4.o
        52          8          0          0          0          0   __scatter.o
        28          0          0          0          0          0   __scatter_zi.o
        48          6          0          0          0         96   _printf_char_common.o
        36          4          0          0          0         80   _printf_char_file.o
        22          0          0          0          0        100   _rserrno.o
        18          0          0          0          0         80   exit.o
         8          0          0          0          0         68   ferror.o
         6          0          0          0          0        152   heapauxi.o
         2          0          0          0          0          0   libinit.o
         6          0          0          0          0          0   libinit2.o
         2          0          0          0          0          0   libshutdown.o
         2          0          0          0          0          0   libshutdown2.o
         8          4          0          0         96         68   libspace.o
        24          4          0          0          0         84   noretval__2printf.o
         8          4          0          0          0         68   rt_errno_addr_intlibspace.o
        68          0          0          0          0         68   rt_memclr.o
        78          0          0          0          0         80   rt_memclr_w.o
       138          0          0          0          0         68   rt_memcpy_v6.o
       100          0          0          0          0         80   rt_memcpy_w.o
         2          0          0          0          0          0   rtexit.o
        10          0          0          0          0          0   rtexit2.o
        74          0          0          0          0         80   sys_stackheap_outer.o
         2          0          0          0          0         68   use_no_semi.o
         2          0          0          0          0         68   use_no_semi_2.o
        24          0          0          0          0        116   dcmpi.o
       120          4          0          0          0        140   dleqf.o
       156          4          0          0          0        140   dnaninf.o
        12          0          0          0          0        116   dretinf.o
        86          4          0          0          0        132   f2d.o
       140          4          0          0          0        132   fnaninf.o
        10          0          0          0          0        116   fpinit.o
         0          0          0          0          0          0   usenofp.o
       684         90          0          0          0        208   atan2f.o
       336         56          0          0          0        136   cosf.o
        20          0          0          0          0        124   fabs.o
        38          0          0          0          0        116   fpclassifyf.o
        44         12          0          0          0        464   funder.o
       340         24         32          0          0        160   rredf.o
       400         56          0          0          0        212   sinf.o

    ----------------------------------------------------------------------
     10216        712         32         92        388      21216   Library Totals
        10          0          0          0          4          0   (incl. Padding)

    ----------------------------------------------------------------------

      Code (inc. data)   RO Data    RW Data    ZI Data      Debug   Library Name

      6896        428          0         92        288      17444   AT32F403A_FOC_LIB.lib
       900         30          0          0         96       1460   c_w.l
       548         16          0          0          0        892   fz_wm.l
      1862        238         32          0          0       1420   m_wm.l

    ----------------------------------------------------------------------
     10216        712         32         92        388      21216   Library Totals

    ----------------------------------------------------------------------

==============================================================================


      Code (inc. data)   RO Data    RW Data    ZI Data      Debug   

     39648       3456       1788        500       8180     330909   Grand Totals
     39648       3456       1788        248       8180     330909   ELF Image Totals (compressed)
     39648       3456       1788        248          0          0   ROM Totals

==============================================================================

    Total RO  Size (Code + RO Data)                41436 (  40.46kB)
    Total RW  Size (RW Data + ZI Data)              8680 (   8.48kB)
    Total ROM Size (Code + RO Data + RW Data)      41684 (  40.71kB)

==============================================================================

