Component: ARM Compiler 5.06 update 7 (build 960) Tool: armlink [4d3601]

==============================================================================

Section Cross References

    main.o(i.main) refers to at32f403a_407_misc.o(i.nvic_priority_group_config) for nvic_priority_group_config
    main.o(i.main) refers to at32f403a_407_clock.o(i.system_clock_config) for system_clock_config
    main.o(i.main) refers to delay.o(i.delay_init) for delay_init
    main.o(i.main) refers to app.o(i.Peripherals_Init) for Peripherals_Init
    at32f403a_407_clock.o(i.system_clock_config) refers to at32f403a_407_crm.o(i.crm_reset) for crm_reset
    at32f403a_407_clock.o(i.system_clock_config) refers to at32f403a_407_crm.o(i.crm_clock_source_enable) for crm_clock_source_enable
    at32f403a_407_clock.o(i.system_clock_config) refers to at32f403a_407_crm.o(i.crm_hext_stable_wait) for crm_hext_stable_wait
    at32f403a_407_clock.o(i.system_clock_config) refers to at32f403a_407_crm.o(i.crm_pll_config) for crm_pll_config
    at32f403a_407_clock.o(i.system_clock_config) refers to at32f403a_407_crm.o(i.crm_hext_clock_div_set) for crm_hext_clock_div_set
    at32f403a_407_clock.o(i.system_clock_config) refers to at32f403a_407_crm.o(i.crm_flag_get) for crm_flag_get
    at32f403a_407_clock.o(i.system_clock_config) refers to at32f403a_407_crm.o(i.crm_ahb_div_set) for crm_ahb_div_set
    at32f403a_407_clock.o(i.system_clock_config) refers to at32f403a_407_crm.o(i.crm_apb2_div_set) for crm_apb2_div_set
    at32f403a_407_clock.o(i.system_clock_config) refers to at32f403a_407_crm.o(i.crm_apb1_div_set) for crm_apb1_div_set
    at32f403a_407_clock.o(i.system_clock_config) refers to at32f403a_407_crm.o(i.crm_auto_step_mode_enable) for crm_auto_step_mode_enable
    at32f403a_407_clock.o(i.system_clock_config) refers to at32f403a_407_crm.o(i.crm_sysclk_switch) for crm_sysclk_switch
    at32f403a_407_clock.o(i.system_clock_config) refers to at32f403a_407_crm.o(i.crm_sysclk_switch_status_get) for crm_sysclk_switch_status_get
    at32f403a_407_clock.o(i.system_clock_config) refers to system_at32f403a_407.o(i.system_core_clock_update) for system_core_clock_update
    system_at32f403a_407.o(i.system_core_clock_update) refers to at32f403a_407_crm.o(i.crm_sysclk_switch_status_get) for crm_sysclk_switch_status_get
    system_at32f403a_407.o(i.system_core_clock_update) refers to system_at32f403a_407.o(.data) for .data
    system_at32f403a_407.o(i.system_core_clock_update) refers to system_at32f403a_407.o(.constdata) for .constdata
    include_port.o(.emb_text) refers to tasks.o(i.vTaskSwitchContext) for vTaskSwitchContext
    include_port.o(.emb_text) refers to tasks.o(.data) for pxCurrentTCB
    include_port.o(i.SysTick_Handler) refers to tasks.o(i.xTaskIncrementTick) for xTaskIncrementTick
    include_port.o(i.prvTaskExitError) refers to include_port.o(.data) for .data
    include_port.o(i.pxPortInitialiseStack) refers to include_port.o(i.prvTaskExitError) for prvTaskExitError
    include_port.o(i.vPortEndScheduler) refers to include_port.o(.data) for .data
    include_port.o(i.vPortEnterCritical) refers to include_port.o(.data) for .data
    include_port.o(i.vPortExitCritical) refers to include_port.o(.data) for .data
    include_port.o(i.vPortSetupTimerInterrupt) refers to include_port.o(.data) for .data
    include_port.o(i.vPortValidateInterruptPriority) refers to include_port.o(.emb_text) for vPortGetIPSR
    include_port.o(i.vPortValidateInterruptPriority) refers to include_port.o(.data) for .data
    include_port.o(i.xPortStartScheduler) refers to include_port.o(i.vPortSetupTimerInterrupt) for vPortSetupTimerInterrupt
    include_port.o(i.xPortStartScheduler) refers to include_port.o(.emb_text) for __asm___14_include_port_c_39a90d8d__prvEnableVFP
    include_port.o(i.xPortStartScheduler) refers to include_port.o(.data) for .data
    freertos_demo.o(i.LED_task) refers to tasks.o(i.vTaskDelay) for vTaskDelay
    freertos_demo.o(i.battery_task) refers to debug.o(i.Hardware_Tips) for Hardware_Tips
    freertos_demo.o(i.battery_task) refers to usb.o(i.usb_ReadWrite) for usb_ReadWrite
    freertos_demo.o(i.battery_task) refers to usart.o(i.UART1_SendDataDMA) for UART1_SendDataDMA
    freertos_demo.o(i.battery_task) refers to tasks.o(i.vTaskDelay) for vTaskDelay
    freertos_demo.o(i.battery_task) refers to control.o(.data) for M2_Check_flag
    freertos_demo.o(i.battery_task) refers to freertos_demo.o(.data) for .data
    freertos_demo.o(i.battery_task) refers to usb.o(.bss) for usb_core_dev
    freertos_demo.o(i.battery_task) refers to control.o(.bss) for Car
    freertos_demo.o(i.calibration_task) refers to calibration.o(i.Auto_Cali) for Auto_Cali
    freertos_demo.o(i.calibration_task) refers to calibration.o(i.Car_Cali) for Car_Cali
    freertos_demo.o(i.calibration_task) refers to rcdata.o(i.RcData) for RcData
    freertos_demo.o(i.calibration_task) refers to ahrs.o(i.IMU_handle) for IMU_handle
[...]
    adc_enable                               0x0800680f   Thumb Code    10  at32f403a_407_adc.o(i.adc_enable)
    adc_flag_clear                           0x08006819   Thumb Code     6  at32f403a_407_adc.o(i.adc_flag_clear)
    adc_flag_get                             0x0800681f   Thumb Code    14  at32f403a_407_adc.o(i.adc_flag_get)
    adc_interrupt_enable                     0x0800682d   Thumb Code    24  at32f403a_407_adc.o(i.adc_interrupt_enable)
    adc_ordinary_channel_set                 0x08006845   Thumb Code   392  at32f403a_407_adc.o(i.adc_ordinary_channel_set)
    adc_ordinary_conversion_trigger_set      0x080069cd   Thumb Code    52  at32f403a_407_adc.o(i.adc_ordinary_conversion_trigger_set)
    adc_ordinary_software_trigger_enable     0x08006a01   Thumb Code    10  at32f403a_407_adc.o(i.adc_ordinary_software_trigger_enable)
    adc_preempt_auto_mode_enable             0x08006a0b   Thumb Code    10  at32f403a_407_adc.o(i.adc_preempt_auto_mode_enable)
    adc_preempt_channel_length_set           0x08006a15   Thumb Code    12  at32f403a_407_adc.o(i.adc_preempt_channel_length_set)
    adc_preempt_channel_set                  0x08006a21   Thumb Code   274  at32f403a_407_adc.o(i.adc_preempt_channel_set)
    adc_preempt_conversion_trigger_set       0x08006b33   Thumb Code    52  at32f403a_407_adc.o(i.adc_preempt_conversion_trigger_set)
    battery_task                             0x08006b69   Thumb Code   146  freertos_demo.o(i.battery_task)
    calibration_task                         0x08006c21   Thumb Code    34  freertos_demo.o(i.calibration_task)
    communication_task                       0x08006df1   Thumb Code    32  freertos_demo.o(i.communication_task)
    control_task                             0x08006e15   Thumb Code    92  freertos_demo.o(i.control_task)
    crm_adc_clock_div_set                    0x08006e7d   Thumb Code    22  at32f403a_407_crm.o(i.crm_adc_clock_div_set)
    crm_ahb_div_set                          0x08006e99   Thumb Code    12  at32f403a_407_crm.o(i.crm_ahb_div_set)
    crm_apb1_div_set                         0x08006ea9   Thumb Code    12  at32f403a_407_crm.o(i.crm_apb1_div_set)
    crm_apb2_div_set                         0x08006eb9   Thumb Code    12  at32f403a_407_crm.o(i.crm_apb2_div_set)
    crm_auto_step_mode_enable                0x08006ec9   Thumb Code    26  at32f403a_407_crm.o(i.crm_auto_step_mode_enable)
    crm_clock_source_enable                  0x08006ee9   Thumb Code    66  at32f403a_407_crm.o(i.crm_clock_source_enable)
    crm_clocks_freq_get                      0x08006f31   Thumb Code   206  at32f403a_407_crm.o(i.crm_clocks_freq_get)
    crm_flag_get                             0x08007019   Thumb Code    28  at32f403a_407_crm.o(i.crm_flag_get)
    crm_hext_clock_div_set                   0x08007039   Thumb Code    12  at32f403a_407_crm.o(i.crm_hext_clock_div_set)
    crm_hext_stable_wait                     0x08007049   Thumb Code    44  at32f403a_407_crm.o(i.crm_hext_stable_wait)
    crm_hick_divider_select                  0x08007075   Thumb Code    12  at32f403a_407_crm.o(i.crm_hick_divider_select)
    crm_hick_sclk_frequency_select           0x08007085   Thumb Code    22  at32f403a_407_crm.o(i.crm_hick_sclk_frequency_select)
    crm_periph_clock_enable                  0x080070a1   Thumb Code    36  at32f403a_407_crm.o(i.crm_periph_clock_enable)
    crm_pll_config                           0x080070c9   Thumb Code    84  at32f403a_407_crm.o(i.crm_pll_config)
    crm_reset                                0x08007121   Thumb Code    54  at32f403a_407_crm.o(i.crm_reset)
    crm_sysclk_switch                        0x08007161   Thumb Code    12  at32f403a_407_crm.o(i.crm_sysclk_switch)
    crm_sysclk_switch_status_get             0x08007171   Thumb Code    10  at32f403a_407_crm.o(i.crm_sysclk_switch_status_get)
    crm_usb_clock_source_select              0x08007181   Thumb Code    24  at32f403a_407_crm.o(i.crm_usb_clock_source_select)
    delay_init                               0x0800719d   Thumb Code    22  delay.o(i.delay_init)
    delay_ms                                 0x080071b9   Thumb Code    36  delay.o(i.delay_ms)
    dma_channel_enable                       0x080071e1   Thumb Code    10  at32f403a_407_dma.o(i.dma_channel_enable)
    dma_data_number_get                      0x08007265   Thumb Code     6  at32f403a_407_dma.o(i.dma_data_number_get)
    dma_data_number_set                      0x0800726b   Thumb Code     4  at32f403a_407_dma.o(i.dma_data_number_set)
    dma_default_para_init                    0x0800726f   Thumb Code    24  at32f403a_407_dma.o(i.dma_default_para_init)
    dma_flag_clear                           0x08007289   Thumb Code    22  at32f403a_407_dma.o(i.dma_flag_clear)
    dma_flag_get                             0x080072a9   Thumb Code    28  at32f403a_407_dma.o(i.dma_flag_get)
    dma_flexible_config                      0x080072cd   Thumb Code   132  at32f403a_407_dma.o(i.dma_flexible_config)
    dma_init                                 0x08007351   Thumb Code    92  at32f403a_407_dma.o(i.dma_init)
    dma_interrupt_enable                     0x080073ad   Thumb Code    20  at32f403a_407_dma.o(i.dma_interrupt_enable)
    dma_reset                                0x080073c1   Thumb Code    82  at32f403a_407_dma.o(i.dma_reset)
    fputc                                    0x08007425   Thumb Code    14  debug.o(i.fputc)
    freertos_demo                            0x0800743d   Thumb Code    30  freertos_demo.o(i.freertos_demo)
    gpio_bits_reset                          0x08007599   Thumb Code     4  at32f403a_407_gpio.o(i.gpio_bits_reset)
    gpio_bits_set                            0x0800759d   Thumb Code     4  at32f403a_407_gpio.o(i.gpio_bits_set)
    gpio_default_para_init                   0x080075cd   Thumb Code    22  at32f403a_407_gpio.o(i.gpio_default_para_init)
    gpio_init                                0x080075e3   Thumb Code   166  at32f403a_407_gpio.o(i.gpio_init)
    gpio_input_data_bit_read                 0x08007689   Thumb Code    14  at32f403a_407_gpio.o(i.gpio_input_data_bit_read)
    gpio_pin_remap_config                    0x08007699   Thumb Code    54  at32f403a_407_gpio.o(i.gpio_pin_remap_config)
    main                                     0x080076d5   Thumb Code    24  main.o(i.main)
    nvic_irq_enable                          0x080076ed   Thumb Code   116  at32f403a_407_misc.o(i.nvic_irq_enable)
    nvic_priority_group_config               0x08007765   Thumb Code    26  at32f403a_407_misc.o(i.nvic_priority_group_config)
    parameters_Init                          0x08007789   Thumb Code   730  control.o(i.parameters_Init)
    pvPortMalloc                             0x08007ded   Thumb Code   232  heap_4.o(i.pvPortMalloc)
    pxPortInitialiseStack                    0x08007ed9   Thumb Code    30  include_port.o(i.pxPortInitialiseStack)
    spi_default_para_init                    0x08007efd   Thumb Code    22  at32f403a_407_spi.o(i.spi_default_para_init)
    spi_enable                               0x08007f13   Thumb Code    10  at32f403a_407_spi.o(i.spi_enable)
    spi_i2s_flag_get                         0x08007f1d   Thumb Code    14  at32f403a_407_spi.o(i.spi_i2s_flag_get)
    spi_init                                 0x08007f2b   Thumb Code   266  at32f403a_407_spi.o(i.spi_init)
    start_task                               0x08008035   Thumb Code   134  freertos_demo.o(i.start_task)
    svpwm                                    0x08008129   Thumb Code  1204  at32f403a_foc_lib.o(i.svpwm)
    system_clock_config                      0x080085e5   Thumb Code   108  at32f403a_407_clock.o(i.system_clock_config)
    system_core_clock_update                 0x08008651   Thumb Code   146  system_at32f403a_407.o(i.system_core_clock_update)
    systick_clock_source_config              0x08008701   Thumb Code    28  at32f403a_407_misc.o(i.systick_clock_source_config)
    tmr_base_init                            0x0800871d   Thumb Code    14  at32f403a_407_tmr.o(i.tmr_base_init)
    tmr_brkdt_config                         0x0800872b   Thumb Code    72  at32f403a_407_tmr.o(i.tmr_brkdt_config)
    tmr_brkdt_default_para_init              0x08008773   Thumb Code    18  at32f403a_407_tmr.o(i.tmr_brkdt_default_para_init)
    tmr_channel_value_set                    0x08008785   Thumb Code    32  at32f403a_407_tmr.o(i.tmr_channel_value_set)
    tmr_clock_source_div_set                 0x080087a5   Thumb Code    10  at32f403a_407_tmr.o(i.tmr_clock_source_div_set)
    tmr_cnt_dir_set                          0x080087af   Thumb Code    10  at32f403a_407_tmr.o(i.tmr_cnt_dir_set)
    tmr_counter_enable                       0x080087b9   Thumb Code    10  at32f403a_407_tmr.o(i.tmr_counter_enable)
    tmr_dma_request_enable                   0x080087c3   Thumb Code    24  at32f403a_407_tmr.o(i.tmr_dma_request_enable)
    tmr_flag_clear                           0x080087db   Thumb Code     6  at32f403a_407_tmr.o(i.tmr_flag_clear)
    tmr_flag_get                             0x080087e1   Thumb Code    14  at32f403a_407_tmr.o(i.tmr_flag_get)
    tmr_interrupt_enable                     0x080087ef   Thumb Code    24  at32f403a_407_tmr.o(i.tmr_interrupt_enable)
    tmr_output_channel_buffer_enable         0x08008807   Thumb Code    56  at32f403a_407_tmr.o(i.tmr_output_channel_buffer_enable)
    tmr_output_channel_config                0x0800883f   Thumb Code   214  at32f403a_407_tmr.o(i.tmr_output_channel_config)
    tmr_output_default_para_init             0x08008915   Thumb Code    18  at32f403a_407_tmr.o(i.tmr_output_default_para_init)
    tmr_output_enable                        0x08008927   Thumb Code    10  at32f403a_407_tmr.o(i.tmr_output_enable)
    tmr_period_buffer_enable                 0x08008931   Thumb Code    10  at32f403a_407_tmr.o(i.tmr_period_buffer_enable)
    usart_dma_receiver_enable                0x0800893b   Thumb Code    10  at32f403a_407_usart.o(i.usart_dma_receiver_enable)
    usart_dma_transmitter_enable             0x08008945   Thumb Code    10  at32f403a_407_usart.o(i.usart_dma_transmitter_enable)
    usart_enable                             0x0800894f   Thumb Code    10  at32f403a_407_usart.o(i.usart_enable)
    usart_flag_clear                         0x08008959   Thumb Code    16  at32f403a_407_usart.o(i.usart_flag_clear)
    usart_flag_get                           0x08008969   Thumb Code    14  at32f403a_407_usart.o(i.usart_flag_get)
    usart_init                               0x08008979   Thumb Code   112  at32f403a_407_usart.o(i.usart_init)
    usart_interrupt_enable                   0x080089f9   Thumb Code    34  at32f403a_407_usart.o(i.usart_interrupt_enable)
    usart_receiver_enable                    0x08008a1b   Thumb Code    10  at32f403a_407_usart.o(i.usart_receiver_enable)
    usart_transmitter_enable                 0x08008a25   Thumb Code    10  at32f403a_407_usart.o(i.usart_transmitter_enable)
    usb_ReadWrite                            0x08008a31   Thumb Code    22  usb.o(i.usb_ReadWrite)
    usb_buffer_free                          0x08008a55   Thumb Code     8  at32f403a_407_usb.o(i.usb_buffer_free)
    usb_clock48m_select                      0x08008a61   Thumb Code    52  usb.o(i.usb_clock48m_select)
    usb_connect                              0x08008a99   Thumb Code    18  at32f403a_407_usb.o(i.usb_connect)
    usb_dev_init                             0x08008aab   Thumb Code    28  at32f403a_407_usb.o(i.usb_dev_init)
    usb_enter_suspend                        0x08008ac7   Thumb Code    18  at32f403a_407_usb.o(i.usb_enter_suspend)
    usb_ept_close                            0x08008ad9   Thumb Code   322  at32f403a_407_usb.o(i.usb_ept_close)
    usb_ept_open                             0x08008c21   Thumb Code   896  at32f403a_407_usb.o(i.usb_ept_open)
    usb_exit_suspend                         0x08008fad   Thumb Code    18  at32f403a_407_usb.o(i.usb_exit_suspend)
    usb_flag_clear                           0x08008fbf   Thumb Code     6  at32f403a_407_usb.o(i.usb_flag_clear)
    usb_init                                 0x08008fc5   Thumb Code    50  usb.o(i.usb_init)
    usb_interrupt_enable                     0x0800900d   Thumb Code    20  at32f403a_407_usb.o(i.usb_interrupt_enable)
    usb_read_packet                          0x08009021   Thumb Code    34  at32f403a_407_usb.o(i.usb_read_packet)
    usb_set_address                          0x08009049   Thumb Code    18  at32f403a_407_usb.o(i.usb_set_address)
    usb_vcp_get_rxdata                       0x080090b5   Thumb Code    64  cdc_class.o(i.usb_vcp_get_rxdata)
    usb_vcp_send_data                        0x080090f5   Thumb Code    40  cdc_class.o(i.usb_vcp_send_data)
    usb_write_packet                         0x0800911d   Thumb Code    34  at32f403a_407_usb.o(i.usb_write_packet)
    usbd_clear_stall                         0x0800918d   Thumb Code    94  usbd_core.o(i.usbd_clear_stall)
    usbd_connect                             0x080091f1   Thumb Code     6  usbd_core.o(i.usbd_connect)
    usbd_core_in_handler                     0x080091f7   Thumb Code   168  usbd_core.o(i.usbd_core_in_handler)
    usbd_core_init                           0x0800929f   Thumb Code    32  usbd_core.o(i.usbd_core_init)
    usbd_core_out_handler                    0x080092bf   Thumb Code   108  usbd_core.o(i.usbd_core_out_handler)
    usbd_core_setup_handler                  0x0800932b   Thumb Code    80  usbd_core.o(i.usbd_core_setup_handler)
    usbd_ctrl_recv                           0x0800937b   Thumb Code    24  usbd_core.o(i.usbd_ctrl_recv)
    usbd_ctrl_recv_status                    0x08009393   Thumb Code    16  usbd_core.o(i.usbd_ctrl_recv_status)
    usbd_ctrl_send                           0x080093a3   Thumb Code    24  usbd_core.o(i.usbd_ctrl_send)
    usbd_ctrl_send_status                    0x080093bb   Thumb Code    16  usbd_core.o(i.usbd_ctrl_send_status)
    usbd_ctrl_unsupport                      0x080093cb   Thumb Code    24  usbd_core.o(i.usbd_ctrl_unsupport)
    usbd_device_request                      0x080093e3   Thumb Code    98  usbd_sdr.o(i.usbd_device_request)
    usbd_endpoint_request                    0x08009445   Thumb Code   340  usbd_sdr.o(i.usbd_endpoint_request)
    usbd_enter_suspend                       0x08009599   Thumb Code     6  usbd_core.o(i.usbd_enter_suspend)
    usbd_ept_buf_custom_define               0x0800959f   Thumb Code    48  usbd_core.o(i.usbd_ept_buf_custom_define)
    usbd_ept_close                           0x080095cf   Thumb Code    26  usbd_core.o(i.usbd_ept_close)
    usbd_ept_defaut_init                     0x080095e9   Thumb Code    72  usbd_core.o(i.usbd_ept_defaut_init)
    usbd_ept_loop_handler                    0x08009631   Thumb Code    26  usbd_int.o(i.usbd_ept_loop_handler)
    usbd_ept_open                            0x0800964b   Thumb Code    50  usbd_core.o(i.usbd_ept_open)
    usbd_ept_recv                            0x0800967d   Thumb Code    74  usbd_core.o(i.usbd_ept_recv)
    usbd_ept_send                            0x080096cd   Thumb Code   216  usbd_core.o(i.usbd_ept_send)
    usbd_eptn_handler                        0x080097b1   Thumb Code   376  usbd_int.o(i.usbd_eptn_handler)
    usbd_get_recv_len                        0x08009a41   Thumb Code    14  usbd_core.o(i.usbd_get_recv_len)
    usbd_interface_request                   0x08009abf   Thumb Code    66  usbd_sdr.o(i.usbd_interface_request)
    usbd_irq_handler                         0x08009b01   Thumb Code   140  usbd_int.o(i.usbd_irq_handler)
    usbd_reset_handler                       0x08009b8d   Thumb Code    92  usbd_int.o(i.usbd_reset_handler)
    usbd_set_stall                           0x08009d05   Thumb Code    86  usbd_core.o(i.usbd_set_stall)
    usbd_setup_request_parse                 0x08009d61   Thumb Code    40  usbd_sdr.o(i.usbd_setup_request_parse)
    usbd_sof_handler                         0x08009d89   Thumb Code    12  usbd_int.o(i.usbd_sof_handler)
    usbd_suspend_handler                     0x08009d95   Thumb Code    44  usbd_int.o(i.usbd_suspend_handler)
    usbd_wakeup_handler                      0x08009df3   Thumb Code    38  usbd_int.o(i.usbd_wakeup_handler)
    uxListRemove                             0x08009e19   Thumb Code    38  list.o(i.uxListRemove)
    vListInitialise                          0x08009e3f   Thumb Code    22  list.o(i.vListInitialise)
    vListInitialiseItem                      0x08009e55   Thumb Code     6  list.o(i.vListInitialiseItem)
    vListInsert                              0x08009e5b   Thumb Code    48  list.o(i.vListInsert)
    vListInsertEnd                           0x08009e8b   Thumb Code    24  list.o(i.vListInsertEnd)
    vPortEnterCritical                       0x08009ea5   Thumb Code    54  include_port.o(i.vPortEnterCritical)
    vPortExitCritical                        0x08009ee5   Thumb Code    38  include_port.o(i.vPortExitCritical)
    vPortFree                                0x08009f11   Thumb Code    94  heap_4.o(i.vPortFree)
    vPortSetupTimerInterrupt                 0x08009f75   Thumb Code    32  include_port.o(i.vPortSetupTimerInterrupt)
    vTaskDelay                               0x08009f99   Thumb Code    70  tasks.o(i.vTaskDelay)
    vTaskDelete                              0x08009fe9   Thumb Code   158  tasks.o(i.vTaskDelete)
    vTaskStartScheduler                      0x0800a095   Thumb Code    86  tasks.o(i.vTaskStartScheduler)
    vTaskSuspendAll                          0x0800a0fd   Thumb Code    10  tasks.o(i.vTaskSuspendAll)
    vTaskSwitchContext                       0x0800a10d   Thumb Code    86  tasks.o(i.vTaskSwitchContext)
    xPortStartScheduler                      0x0800a16d   Thumb Code   222  include_port.o(i.xPortStartScheduler)
    xTaskCreate                              0x0800a261   Thumb Code    96  tasks.o(i.xTaskCreate)
    xTaskIncrementTick                       0x0800a2c1   Thumb Code   198  tasks.o(i.xTaskIncrementTick)
    xTaskResumeAll                           0x0800a391   Thumb Code   192  tasks.o(i.xTaskResumeAll)
    __fpl_dcmp_Inf                           0x0800a45d   Thumb Code    24  dcmpi.o(x$fpl$dcmpinf)
    __aeabi_cdcmple                          0x0800a475   Thumb Code     0  dleqf.o(x$fpl$dleqf)
    _dcmple                                  0x0800a475   Thumb Code   120  dleqf.o(x$fpl$dleqf)
    __fpl_dcmple_InfNaN                      0x0800a4d7   Thumb Code     0  dleqf.o(x$fpl$dleqf)
    __fpl_dnaninf                            0x0800a4ed   Thumb Code   156  dnaninf.o(x$fpl$dnaninf)
    __fpl_dretinf                            0x0800a589   Thumb Code    12  dretinf.o(x$fpl$dretinf)
    __aeabi_f2d                              0x0800a595   Thumb Code     0  f2d.o(x$fpl$f2d)
    _f2d                                     0x0800a595   Thumb Code    86  f2d.o(x$fpl$f2d)
    __fpl_fnaninf                            0x0800a5eb   Thumb Code   140  fnaninf.o(x$fpl$fnaninf)
    _fp_init                                 0x0800a677   Thumb Code    10  fpinit.o(x$fpl$fpinit)
    __fplib_config_fpu_vfp                   0x0800a67f   Thumb Code     0  fpinit.o(x$fpl$fpinit)
    __fplib_config_pureend_doubles           0x0800a67f   Thumb Code     0  fpinit.o(x$fpl$fpinit)
    __I$use$fp                               0x0800a680   Number         0  usenofp.o(x$fpl$usenofp)
    Region$$Table$$Base                      0x0800abd8   Number         0  anon$$obj.o(Region$$Table)
    Region$$Table$$Limit                     0x0800abf8   Number         0  anon$$obj.o(Region$$Table)
    system_core_clock                        0x20000000   Data           4  system_at32f403a_407.o(.data)
    LowBattery                               0x20000014   Data           1  freertos_demo.o(.data)
    BatteryFlag                              0x20000015   Data           1  freertos_demo.o(.data)
    Volt16                                   0x20000016   Data           2  freertos_demo.o(.data)
    StartTask_Handler                        0x20000018   Data           4  freertos_demo.o(.data)
    BatteryTask_Handler                      0x2000001c   Data           4  freertos_demo.o(.data)
    CalibrationTask_Handler                  0x20000020   Data           4  freertos_demo.o(.data)
    ControlTask_Handler                      0x20000024   Data           4  freertos_demo.o(.data)
    CommunicationTask_Handler                0x20000028   Data           4  freertos_demo.o(.data)
    LEDTask_Handler                          0x2000002c   Data           4  freertos_demo.o(.data)
    txdata                                   0x20000030   Data           4  freertos_demo.o(.data)
    g_usb_packet_address                     0x20000038   Data           4  at32f403a_407_usb.o(.data)
    R_cnt                                    0x2000003c   Data           2  led.o(.data)
    G_cnt                                    0x2000003e   Data           2  led.o(.data)
    B_cnt                                    0x20000040   Data           2  led.o(.data)
    U1_IDLE_Flag                             0x20000042   Data           1  usart.o(.data)
    U2_IDLE_Flag                             0x20000043   Data           1  usart.o(.data)
    U3_IDLE_Flag                             0x20000044   Data           1  usart.o(.data)
    U4_IDLE_Flag                             0x20000045   Data           1  usart.o(.data)
    Tx1_Flag                                 0x20000046   Data           1  usart.o(.data)
    Tx3_Flag                                 0x20000047   Data           1  usart.o(.data)
    Tx4_Flag                                 0x20000048   Data           1  usart.o(.data)
    Hardware_Status                          0x2000004a   Data           1  debug.o(.data)
    Tips_cnt                                 0x2000004c   Data           2  debug.o(.data)
    test_cnt                                 0x2000004e   Data           2  debug.o(.data)
    __stdout                                 0x20000050   Data           4  debug.o(.data)
    TIM_Flag                                 0x20000054   Data           1  timer.o(.data)
    ADC_ConvertedValue                       0x20000056   Data           6  adc.o(.data)
    Encoder_Type                             0x2000005c   Data           1  encoder.o(.data)
    Encoder_Model_0                          0x2000005d   Data           1  encoder.o(.data)
    Encoder_Model_1                          0x2000005e   Data           1  encoder.o(.data)
    Encoder_Model_2                          0x2000005f   Data           1  encoder.o(.data)
    MA732_Map_addr                           0x20000060   Data          11  encoder.o(.data)
    MA732_Map_data                           0x2000006b   Data          11  encoder.o(.data)
    Who_Am_I                                 0x20000076   Data           1  mpu6500.o(.data)
    IMU_flag                                 0x20000077   Data           1  ahrs.o(.data)
    KeyFlag                                  0x20000078   Data           1  key.o(.data)
    Key1_Count                               0x2000007a   Data           2  key.o(.data)
    KeyCnt                                   0x2000007c   Data           2  key.o(.data)
    Protection                               0x2000007e   Data           1  calibration.o(.data)
    Auto_Cali_Flag                           0x2000007f   Data           1  calibration.o(.data)
    Auto_Cali_cnt                            0x20000080   Data           2  calibration.o(.data)
    Auto_Cali_count                          0x20000082   Data           2  calibration.o(.data)
    WS2812_SendFlag                          0x20000084   Data           1  ws2812.o(.data)
    CarSpeedCnt                              0x20000088   Data           1  control.o(.data)
    M1SpeedCnt                               0x20000089   Data           1  control.o(.data)
    M2SpeedCnt                               0x2000008a   Data           1  control.o(.data)
    M1_Check_cnt                             0x2000008b   Data           1  control.o(.data)
    M1_Check_flag                            0x2000008c   Data           1  control.o(.data)
    M2_Check_cnt                             0x2000008d   Data           1  control.o(.data)
    M2_Check_flag                            0x2000008e   Data           1  control.o(.data)
    M1_Id_cnt                                0x2000008f   Data           1  control.o(.data)
    M2_Id_cnt                                0x20000090   Data           1  control.o(.data)
    M1_Check_Timeout                         0x20000092   Data           2  control.o(.data)
    M2_Check_Timeout                         0x20000094   Data           2  control.o(.data)
    ControlOut_L                             0x20000098   Data           4  control.o(.data)
    ControlOut_R                             0x2000009c   Data           4  control.o(.data)
    testfloat                                0x200000a0   Data           4  control.o(.data)
    Set_Speed1                               0x200000a4   Data           4  control.o(.data)
    Set_Speed2                               0x200000a8   Data           4  control.o(.data)
    Rc_flag                                  0x200000ac   Data           1  rcdata.o(.data)
    CH2                                      0x200000ae   Data           2  rcdata.o(.data)
    CH3                                      0x200000b0   Data           2  rcdata.o(.data)
    BLE_Cnt                                  0x200000b2   Data           2  rcdata.o(.data)
    linecoding                               0x200000bc   Data           8  cdc_class.o(.data)
    cdc_class_handler                        0x200000c4   Data          40  cdc_class.o(.data)
    cdc_desc_handler                         0x200000ec   Data          40  cdc_desc.o(.data)
    pxCurrentTCB                             0x200001b4   Data           4  tasks.o(.data)
    uxTopUsedPriority                        0x200001e4   Data           4  tasks.o(.data)
    Cubli_Cali_Status                        0x20000214   Data           1  at32f403a_foc_lib.o(.data)
    M1_CurrOffset                            0x20000218   Data           8  at32f403a_foc_lib.o(.data)
    M2_CurrOffset                            0x20000220   Data           8  at32f403a_foc_lib.o(.data)
    M1_ADC_Ib                                0x20000228   Data           4  at32f403a_foc_lib.o(.data)
    M1_ADC_Ic                                0x2000022c   Data           4  at32f403a_foc_lib.o(.data)
    M2_ADC_Ib                                0x20000230   Data           4  at32f403a_foc_lib.o(.data)
    M2_ADC_Ic                                0x20000234   Data           4  at32f403a_foc_lib.o(.data)
    M1_OffsetCnt                             0x20000238   Data           2  at32f403a_foc_lib.o(.data)
    M2_OffsetCnt                             0x2000023a   Data           2  at32f403a_foc_lib.o(.data)
    M1_IQR_Cnt                               0x2000023c   Data           1  at32f403a_foc_lib.o(.data)
    M2_IQR_Cnt                               0x2000023d   Data           1  at32f403a_foc_lib.o(.data)
    M1_Cali_Cnt                              0x2000023e   Data           2  at32f403a_foc_lib.o(.data)
    M2_Cali_Cnt                              0x20000240   Data           2  at32f403a_foc_lib.o(.data)
    t1_midi_pr                               0x20000242   Data           2  at32f403a_foc_lib.o(.data)
    t1_midi_cnt                              0x20000244   Data           2  at32f403a_foc_lib.o(.data)
    t1_midi_bit                              0x20000246   Data           2  at32f403a_foc_lib.o(.data)
    t1_midi_flag                             0x20000248   Data           2  at32f403a_foc_lib.o(.data)
    t8_midi_pr                               0x2000024a   Data           2  at32f403a_foc_lib.o(.data)
    t8_midi_cnt                              0x2000024c   Data           2  at32f403a_foc_lib.o(.data)
    t8_midi_bit                              0x2000024e   Data           2  at32f403a_foc_lib.o(.data)
    t8_midi_flag                             0x20000250   Data           2  at32f403a_foc_lib.o(.data)
    delay1                                   0x20000252   Data           2  at32f403a_foc_lib.o(.data)
    delay2                                   0x20000254   Data           2  at32f403a_foc_lib.o(.data)
    delay_t                                  0x20000256   Data           2  at32f403a_foc_lib.o(.data)
    hz1                                      0x20000258   Data           1  at32f403a_foc_lib.o(.data)
    hz2                                      0x20000259   Data           1  at32f403a_foc_lib.o(.data)
    hz3                                      0x2000025a   Data           1  at32f403a_foc_lib.o(.data)
    jiange_a                                 0x2000025c   Data           2  at32f403a_foc_lib.o(.data)
    jiange_b                                 0x2000025e   Data           2  at32f403a_foc_lib.o(.data)
    fpq_hz1                                  0x20000260   Data           4  at32f403a_foc_lib.o(.data)
    fpq_hz2                                  0x20000264   Data           4  at32f403a_foc_lib.o(.data)
    fpq_dc                                   0x20000268   Data           4  at32f403a_foc_lib.o(.data)
    Music_flag                               0x2000026c   Data           1  at32f403a_foc_lib.o(.data)
    RC_Speed_flag                            0x2000026d   Data           1  at32f403a_foc_lib.o(.data)
    RC_Speed_cnt                             0x2000026e   Data           2  at32f403a_foc_lib.o(.data)
    Tx1_buffer                               0x20000270   Data         128  usart.o(.bss)
    Rx1_buffer                               0x200002f0   Data         128  usart.o(.bss)
    Tx2_buffer                               0x20000370   Data         128  usart.o(.bss)
    Rx2_buffer                               0x200003f0   Data         128  usart.o(.bss)
    Tx3_buffer                               0x20000470   Data        1024  usart.o(.bss)
    Rx3_buffer                               0x20000870   Data         128  usart.o(.bss)
    Tx4_buffer                               0x200008f0   Data         128  usart.o(.bss)
    Rx4_buffer                               0x20000970   Data         128  usart.o(.bss)
    Get_usart1_data                          0x200009f0   Data         128  usart.o(.bss)
    Get_usart3_data                          0x20000a70   Data         128  usart.o(.bss)
    Get_usart4_data                          0x20000af0   Data         128  usart.o(.bss)
    Print_data                               0x20000b70   Data          64  debug.o(.bss)
    debug_buff                               0x20000bb0   Data          72  debug.o(.bss)
    Tips_buff                                0x20000bf8   Data        1024  debug.o(.bss)
    crm_clocks_freq_struct                   0x20000ff8   Data          20  timer.o(.bss)
    mpu6500                                  0x2000100c   Data         160  ahrs.o(.bss)
    IMU_data                                 0x200010ac   Data          14  ahrs.o(.bss)
    CaliData                                 0x200010ba   Data          46  calibration.o(.bss)
    u8_Cali_Data                             0x200010e8   Data         256  calibration.o(.bss)
    WS2812_Buffer                            0x200011e8   Data         674  ws2812.o(.bss)
    SpeedPID                                 0x2000148c   Data          56  control.o(.bss)
    TurnPID                                  0x200014c4   Data          52  control.o(.bss)
    UprightPID                               0x200014f8   Data          52  control.o(.bss)
    M1SpeedPID                               0x2000152c   Data          52  control.o(.bss)
    M2SpeedPID                               0x20001560   Data          52  control.o(.bss)
    M1CurrentIdPID                           0x20001594   Data          52  control.o(.bss)
    M1CurrentIqPID                           0x200015c8   Data          52  control.o(.bss)
    M2CurrentIdPID                           0x200015fc   Data          52  control.o(.bss)
    M2CurrentIqPID                           0x20001630   Data          52  control.o(.bss)
    M1_Encoder                               0x20001664   Data          28  control.o(.bss)
    M2_Encoder                               0x20001680   Data          28  control.o(.bss)
    Car                                      0x2000169c   Data          36  control.o(.bss)
    FaultBit                                 0x200016c0   Data          10  control.o(.bss)
    Sbus_values                              0x200016cc   Data          24  rcdata.o(.bss)
    Sbus_Data                                0x200016e4   Data          32  rcdata.o(.bss)
    Rc                                       0x20001704   Data          28  rcdata.o(.bss)
    usb_core_dev                             0x20001720   Data         556  usb.o(.bss)
    cdc_struct                               0x2000194c   Data          92  cdc_class.o(.bss)
    M1_Foc                                   0x20006b70   Data          72  at32f403a_foc_lib.o(.bss)
    M2_Foc                                   0x20006bb8   Data          72  at32f403a_foc_lib.o(.bss)
    A1_Foc                                   0x20006c00   Data          72  at32f403a_foc_lib.o(.bss)
    A2_Foc                                   0x20006c48   Data          72  at32f403a_foc_lib.o(.bss)
    __libspace_start                         0x20006c90   Data          96  libspace.o(.bss)
    __temporary_stack_top$libspace           0x20006cf0   Data           0  libspace.o(.bss)



==============================================================================

Memory Map of the image

  Image Entry point : 0x08000185

  Load Region LR_IROM1 (Base: 0x08000000, Size: 0x0000ae68, Max: 0x00100000, ABSOLUTE, COMPRESSED[0x0000acfc])

    Execution Region ER_IROM1 (Exec base: 0x08000000, Load base: 0x08000000, Size: 0x0000abf8, Max: 0x00100000, ABSOLUTE)

    Exec Addr    Load Addr    Size         Type   Attr      Idx    E Section Name        Object

    0x08000000   0x08000000   0x00000184   Data   RO          580    RESET               startup_at32f403a_407.o
    0x08000184   0x08000184   0x00000008   Code   RO         5591  * !!!main             c_w.l(__main.o)
    0x0800018c   0x0800018c   0x00000034   Code   RO         5843    !!!scatter          c_w.l(__scatter.o)
    0x080001c0   0x080001c0   0x0000005a   Code   RO         5841    !!dczerorl2         c_w.l(__dczerorl2.o)
    0x0800021a   0x0800021a   0x00000002   PAD
    0x0800021c   0x0800021c   0x0000001c   Code   RO         5845    !!handler_zi        c_w.l(__scatter_zi.o)
    0x08000238   0x08000238   0x00000002   Code   RO         5716    .ARM.Collect$$libinit$$00000000  c_w.l(libinit.o)
    0x0800023a   0x0800023a   0x00000004   Code   RO         5719    .ARM.Collect$$libinit$$00000001  c_w.l(libinit2.o)
    0x0800023e   0x0800023e   0x00000000   Code   RO         5722    .ARM.Collect$$libinit$$00000004  c_w.l(libinit2.o)
    0x0800023e   0x0800023e   0x00000000   Code   RO         5725    .ARM.Collect$$libinit$$0000000A  c_w.l(libinit2.o)
    0x0800023e   0x0800023e   0x00000000   Code   RO         5727    .ARM.Collect$$libinit$$0000000C  c_w.l(libinit2.o)
    0x0800023e   0x0800023e   0x00000000   Code   RO         5729    .ARM.Collect$$libinit$$0000000E  c_w.l(libinit2.o)
    0x0800023e   0x0800023e   0x00000000   Code   RO         5732    .ARM.Collect$$libinit$$00000011  c_w.l(libinit2.o)
    0x0800023e   0x0800023e   0x00000000   Code   RO         5734    .ARM.Collect$$libinit$$00000013  c_w.l(libinit2.o)
    0x0800023e   0x0800023e   0x00000000   Code   RO         5736    .ARM.Collect$$libinit$$00000015  c_w.l(libinit2.o)
    0x0800023e   0x0800023e   0x00000000   Code   RO         5738    .ARM.Collect$$libinit$$00000017  c_w.l(libinit2.o)
    0x0800023e   0x0800023e   0x00000000   Code   RO         5740    .ARM.Collect$$libinit$$00000019  c_w.l(libinit2.o)
    0x0800023e   0x0800023e   0x00000000   Code   RO         5742    .ARM.Collect$$libinit$$0000001B  c_w.l(libinit2.o)
    0x0800023e   0x0800023e   0x00000000   Code   RO         5744    .ARM.Collect$$libinit$$0000001D  c_w.l(libinit2.o)
    0x0800023e   0x0800023e   0x00000000   Code   RO         5746    .ARM.Collect$$libinit$$0000001F  c_w.l(libinit2.o)
    0x0800023e   0x0800023e   0x00000000   Code   RO         5748    .ARM.Collect$$libinit$$00000021  c_w.l(libinit2.o)
    0x0800023e   0x0800023e   0x00000000   Code   RO         5750    .ARM.Collect$$libinit$$00000023  c_w.l(libinit2.o)
    0x0800023e   0x0800023e   0x00000000   Code   RO         5752    .ARM.Collect$$libinit$$00000025  c_w.l(libinit2.o)
    0x0800023e   0x0800023e   0x00000000   Code   RO         5756    .ARM.Collect$$libinit$$0000002C  c_w.l(libinit2.o)
    0x0800023e   0x0800023e   0x00000000   Code   RO         5758    .ARM.Collect$$libinit$$0000002E  c_w.l(libinit2.o)
    0x0800023e   0x0800023e   0x00000000   Code   RO         5760    .ARM.Collect$$libinit$$00000030  c_w.l(libinit2.o)
    0x0800023e   0x0800023e   0x00000000   Code   RO         5762    .ARM.Collect$$libinit$$00000032  c_w.l(libinit2.o)
    0x0800023e   0x0800023e   0x00000002   Code   RO         5763    .ARM.Collect$$libinit$$00000033  c_w.l(libinit2.o)
    0x08000240   0x08000240   0x00000002   Code   RO         5781    .ARM.Collect$$libshutdown$$00000000  c_w.l(libshutdown.o)
    0x08000242   0x08000242   0x00000000   Code   RO         5791    .ARM.Collect$$libshutdown$$00000002  c_w.l(libshutdown2.o)
    0x08000242   0x08000242   0x00000000   Code   RO         5793    .ARM.Collect$$libshutdown$$00000004  c_w.l(libshutdown2.o)
    0x08000242   0x08000242   0x00000000   Code   RO         5795    .ARM.Collect$$libshutdown$$00000006  c_w.l(libshutdown2.o)
    0x08000242   0x08000242   0x00000000   Code   RO         5798    .ARM.Collect$$libshutdown$$00000009  c_w.l(libshutdown2.o)
    0x08000242   0x08000242   0x00000000   Code   RO         5801    .ARM.Collect$$libshutdown$$0000000C  c_w.l(libshutdown2.o)
    0x08000242   0x08000242   0x00000000   Code   RO         5803    .ARM.Collect$$libshutdown$$0000000E  c_w.l(libshutdown2.o)
    0x08000242   0x08000242   0x00000000   Code   RO         5806    .ARM.Collect$$libshutdown$$00000011  c_w.l(libshutdown2.o)
    0x08000242   0x08000242   0x00000002   Code   RO         5807    .ARM.Collect$$libshutdown$$00000012  c_w.l(libshutdown2.o)
    0x08000244   0x08000244   0x00000000   Code   RO         5641    .ARM.Collect$$rtentry$$00000000  c_w.l(__rtentry.o)
    0x08000244   0x08000244   0x00000000   Code   RO         5677    .ARM.Collect$$rtentry$$00000002  c_w.l(__rtentry2.o)
    0x08000244   0x08000244   0x00000006   Code   RO         5689    .ARM.Collect$$rtentry$$00000004  c_w.l(__rtentry4.o)
    0x0800024a   0x0800024a   0x00000000   Code   RO         5679    .ARM.Collect$$rtentry$$00000009  c_w.l(__rtentry2.o)
    0x0800024a   0x0800024a   0x00000004   Code   RO         5680    .ARM.Collect$$rtentry$$0000000A  c_w.l(__rtentry2.o)
    0x0800024e   0x0800024e   0x00000000   Code   RO         5682    .ARM.Collect$$rtentry$$0000000C  c_w.l(__rtentry2.o)
    0x0800024e   0x0800024e   0x00000008   Code   RO         5683    .ARM.Collect$$rtentry$$0000000D  c_w.l(__rtentry2.o)
    0x08000256   0x08000256   0x00000002   Code   RO         5717    .ARM.Collect$$rtexit$$00000000  c_w.l(rtexit.o)
    0x08000258   0x08000258   0x00000000   Code   RO         5765    .ARM.Collect$$rtexit$$00000002  c_w.l(rtexit2.o)
    0x08000258   0x08000258   0x00000004   Code   RO         5766    .ARM.Collect$$rtexit$$00000003  c_w.l(rtexit2.o)
    0x0800025c   0x0800025c   0x00000006   Code   RO         5767    .ARM.Collect$$rtexit$$00000004  c_w.l(rtexit2.o)
    0x08000262   0x08000262   0x00000002   PAD
    0x08000264   0x08000264   0x000000be   Code   RO          412    .emb_text           include_port.o
    0x08000322   0x08000322   0x00000002   PAD
    0x08000324   0x08000324   0x00000040   Code   RO          581    .text               startup_at32f403a_407.o
    0x08000364   0x08000364   0x00000002   Code   RO         5575    .text               c_w.l(use_no_semi_2.o)
    0x08000366   0x08000366   0x00000002   PAD
    0x08000368   0x08000368   0x00000018   Code   RO         5579    .text               c_w.l(noretval__2printf.o)
    0x08000380   0x08000380   0x0000008a   Code   RO         5581    .text               c_w.l(rt_memcpy_v6.o)
    0x0800040a   0x0800040a   0x00000044   Code   RO         5585    .text               c_w.l(rt_memclr.o)
    0x0800044e   0x0800044e   0x0000004e   Code   RO         5587    .text               c_w.l(rt_memclr_w.o)
    0x0800049c   0x0800049c   0x00000006   Code   RO         5589    .text               c_w.l(heapauxi.o)
    0x080004a2   0x080004a2   0x00000002   Code   RO         5639    .text               c_w.l(use_no_semi.o)
    0x080004a4   0x080004a4   0x00000016   Code   RO         5642    .text               c_w.l(_rserrno.o)
    0x080004ba   0x080004ba   0x00000002   PAD
    0x080004bc   0x080004bc   0x00000024   Code   RO         5644    .text               c_w.l(_printf_char_file.o)
    0x080004e0   0x080004e0   0x00000064   Code   RO         5646    .text               c_w.l(rt_memcpy_w.o)
    0x08000544   0x08000544   0x00000008   Code   RO         5694    .text               c_w.l(rt_errno_addr_intlibspace.o)
    0x0800054c   0x0800054c   0x00000030   Code   RO         5696    .text               c_w.l(_printf_char_common.o)
    0x0800057c   0x0800057c   0x00000008   Code   RO         5698    .text               c_w.l(ferror.o)
    0x08000584   0x08000584   0x00000008   Code   RO         5702    .text               c_w.l(libspace.o)
    0x0800058c   0x0800058c   0x0000004a   Code   RO         5705    .text               c_w.l(sys_stackheap_outer.o)
    0x080005d6   0x080005d6   0x00000028   Code   RO         5707    .text               c_w.l(__printf_nopercent.o)
    0x080005fe   0x080005fe   0x00000012   Code   RO         5709    .text               c_w.l(exit.o)
    0x08000610   0x08000610   0x0000004c   Code   RO         3242    i.ADC1_2_IRQHandler  adc.o
    0x0800065c   0x0800065c   0x0000000e   Code   RO         3243    i.ADC_Config        adc.o
    0x0800066a   0x0800066a   0x00000002   PAD
    0x0800066c   0x0800066c   0x00000178   Code   RO         3552    i.Auto_Cali         calibration.o
    0x080007e4   0x080007e4   0x00000168   Code   RO         3092    i.Auto_Cali_End     debug.o
    0x0800094c   0x0800094c   0x00000100   Code   RO         2886    i.B_LED             led.o
    0x08000a4c   0x08000a4c   0x00000002   Code   RO          321    i.BusFault_Handler  at32f403a_407_int.o
    0x08000a4e   0x08000a4e   0x00000002   PAD
    0x08000a50   0x08000a50   0x0000022c   Code   RO         3553    i.Car_Cali          calibration.o
    0x08000c7c   0x08000c7c   0x00000118   Code   RO         3321    i.Check_Encoder     encoder.o
    0x08000d94   0x08000d94   0x00000104   Code   RO         5396    i.Clarke_Park_Ipark  AT32F403A_FOC_LIB.lib(at32f403a_foc_lib.o)
    0x08000e98   0x08000e98   0x00000020   Code   RO         3244    i.ConventionalADC_Init  adc.o
    0x08000eb8   0x08000eb8   0x00000030   Code   RO         3673    i.DMA1_Channel3_IRQHandler  ws2812.o
    0x08000ee8   0x08000ee8   0x00000024   Code   RO         2935    i.DMA2_Channel2_IRQHandler  usart.o
    0x08000f0c   0x08000f0c   0x00000038   Code   RO         2936    i.DMA2_Channel6_7_IRQHandler  usart.o
    0x08000f44   0x08000f44   0x00000002   Code   RO          322    i.DebugMon_Handler  at32f403a_407_int.o
    0x08000f46   0x08000f46   0x00000002   PAD
    0x08000f48   0x08000f48   0x00000078   Code   RO         2937    i.Dma_rx1           usart.o
    0x08000fc0   0x08000fc0   0x00000078   Code   RO         2938    i.Dma_rx2           usart.o
    0x08001038   0x08001038   0x00000078   Code   RO         2939    i.Dma_rx3           usart.o
    0x080010b0   0x080010b0   0x00000078   Code   RO         2940    i.Dma_rx4           usart.o
    0x08001128   0x08001128   0x0000008c   Code   RO         2941    i.Dma_tx1           usart.o
    0x080011b4   0x080011b4   0x0000008c   Code   RO         2942    i.Dma_tx3           usart.o
    0x08001240   0x08001240   0x0000008c   Code   RO         2943    i.Dma_tx4           usart.o
    0x080012cc   0x080012cc   0x00000100   Code   RO         2887    i.G_LED             led.o
    0x080013cc   0x080013cc   0x00000088   Code   RO         3246    i.Get_InputVolt     adc.o
    0x08001454   0x08001454   0x0000003c   Code   RO         3411    i.Get_mpu6500       mpu6500.o
    0x08001490   0x08001490   0x00000084   Code   RO         3640    i.Gpio_config       gpio_config.o
    0x08001514   0x08001514   0x00000028   Code   RO         3554    i.Gyro_Cali         calibration.o
    0x0800153c   0x0800153c   0x00000002   Code   RO          323    i.HardFault_Handler  at32f403a_407_int.o
    0x0800153e   0x0800153e   0x00000002   PAD
    0x08001540   0x08001540   0x000001bc   Code   RO         3093    i.Hardware_Tips     debug.o
    0x080016fc   0x080016fc   0x000000b0   Code   RO         3412    i.IMU_Init          mpu6500.o
    0x080017ac   0x080017ac   0x00000034   Code   RO         3413    i.IMU_Read_Reg      mpu6500.o
    0x080017e0   0x080017e0   0x00000038   Code   RO         3414    i.IMU_Write_Reg     mpu6500.o
    0x08001818   0x08001818   0x0000034c   Code   RO         3472    i.IMU_handle        ahrs.o
    0x08001b64   0x08001b64   0x00000048   Code   RO         3511    i.Key_Init          key.o
    0x08001bac   0x08001bac   0x000000dc   Code   RO         3512    i.Key_Scan          key.o
    0x08001c88   0x08001c88   0x0000004c   Code   RO         2888    i.LED_Init          led.o
    0x08001cd4   0x08001cd4   0x00000008   Code   RO          504    i.LED_task          freertos_demo.o
    0x08001cdc   0x08001cdc   0x00000048   Code   RO         3796    i.M1Current_ClosedLoop  control.o
    0x08001d24   0x08001d24   0x00000048   Code   RO         3797    i.M1SpeedControl    control.o
    0x08001d6c   0x08001d6c   0x000000b4   Code   RO         3798    i.M1_Check          control.o
    0x08001e20   0x08001e20   0x000000e4   Code   RO         3799    i.M1_Control        control.o
    0x08001f04   0x08001f04   0x000004f8   Code   RO         5397    i.M1_FOC_handle     AT32F403A_FOC_LIB.lib(at32f403a_foc_lib.o)
    0x080023fc   0x080023fc   0x00000048   Code   RO         3800    i.M2Current_ClosedLoop  control.o
    0x08002444   0x08002444   0x00000048   Code   RO         3801    i.M2SpeedControl    control.o
    0x0800248c   0x0800248c   0x000000b4   Code   RO         3802    i.M2_Check          control.o
    0x08002540   0x08002540   0x000000e0   Code   RO         3803    i.M2_Control        control.o
    0x08002620   0x08002620   0x000004ec   Code   RO         5398    i.M2_FOC_handle     AT32F403A_FOC_LIB.lib(at32f403a_foc_lib.o)
    0x08002b0c   0x08002b0c   0x0000013c   Code   RO         3322    i.MA732_Init        encoder.o
    0x08002c48   0x08002c48   0x000000a0   Code   RO         3323    i.MA732_Read_Reg    encoder.o
    0x08002ce8   0x08002ce8   0x000000a0   Code   RO         3324    i.MA732_Write_Reg   encoder.o
    0x08002d88   0x08002d88   0x000000a0   Code   RO         3325    i.MT6701_Init       encoder.o
    0x08002e28   0x08002e28   0x00000002   Code   RO          324    i.MemManage_Handler  at32f403a_407_int.o
    0x08002e2a   0x08002e2a   0x00000002   PAD
    0x08002e2c   0x08002e2c   0x0000032c   Code   RO         3804    i.MotorControl      control.o
    0x08003158   0x08003158   0x00000002   Code   RO          325    i.NMI_Handler       at32f403a_407_int.o
    0x0800315a   0x0800315a   0x000000c0   Code   RO         3805    i.PID_Adjust        control.o
    0x0800321a   0x0800321a   0x00000002   PAD
    0x0800321c   0x0800321c   0x00000144   Code   RO         5399    i.PID_Adjust_S      AT32F403A_FOC_LIB.lib(at32f403a_foc_lib.o)
    0x08003360   0x08003360   0x000000f2   Code   RO         3806    i.PID_Adjust_T      control.o
    0x08003452   0x08003452   0x00000002   PAD
    0x08003454   0x08003454   0x00000074   Code   RO         3611    i.Peripherals_Init  app.o
    0x080034c8   0x080034c8   0x00000104   Code   RO         2889    i.R_LED             led.o
    0x080035cc   0x080035cc   0x0000081c   Code   RO         3914    i.RcData            rcdata.o
    0x08003de8   0x08003de8   0x00000048   Code   RO         3721    i.ReadW25Qxx_ID     w25q64.o
    0x08003e30   0x08003e30   0x000000d8   Code   RO         3555    i.Read_Cali_Data    calibration.o
    0x08003f08   0x08003f08   0x000000b4   Code   RO         3326    i.Read_M1_Encoder   encoder.o
    0x08003fbc   0x08003fbc   0x000000b4   Code   RO         3327    i.Read_M2_Encoder   encoder.o
    0x08004070   0x08004070   0x0000004c   Code   RO         3328    i.SPI1_ReadWriteByte  encoder.o
    0x080040bc   0x080040bc   0x0000004c   Code   RO         3329    i.SPI1_ReadWriteHalfword  encoder.o
    0x08004108   0x08004108   0x000000ec   Code   RO         3415    i.SPI3_Init         mpu6500.o
    0x080041f4   0x080041f4   0x00000054   Code   RO         3416    i.SPI3_ReadWriteByte  mpu6500.o
    0x08004248   0x08004248   0x0000004a   Code   RO         3722    i.SPI4_ReadWriteByte  w25q64.o
    0x08004292   0x08004292   0x00000002   PAD
    0x08004294   0x08004294   0x00000098   Code   RO         3807    i.SpeedCompute      control.o
    0x0800432c   0x0800432c   0x0000006c   Code   RO         3094    i.Start_Auto_Cali   debug.o
    0x08004398   0x08004398   0x00000070   Code   RO         3095    i.Start_Check_Hardware  debug.o
    0x08004408   0x08004408   0x00000510   Code   RO         5400    i.Start_Music1      AT32F403A_FOC_LIB.lib(at32f403a_foc_lib.o)
    0x08004918   0x08004918   0x000004f8   Code   RO         5401    i.Start_Music8      AT32F403A_FOC_LIB.lib(at32f403a_foc_lib.o)
    0x08004e10   0x08004e10   0x0000002c   Code   RO          413    i.SysTick_Handler   include_port.o
    0x08004e3c   0x08004e3c   0x00000058   Code   RO          378    i.SystemInit        system_at32f403a_407.o
    0x08004e94   0x08004e94   0x000000bc   Code   RO         3165    i.TIM10_Init        timer.o
    0x08004f50   0x08004f50   0x00000134   Code   RO         3167    i.TIM1_Init         timer.o
    0x08005084   0x08005084   0x00000068   Code   RO         3168    i.TIM7_Init         timer.o
    0x080050ec   0x080050ec   0x0000017c   Code   RO         3169    i.TIM8_Init         timer.o
    0x08005268   0x08005268   0x000000ec   Code   RO         3330    i.TLE5012B_Init     encoder.o
    0x08005354   0x08005354   0x0000000c   Code   RO         3170    i.TMR1_TRG_HALL_TMR11_IRQHandler  timer.o
    0x08005360   0x08005360   0x00000028   Code   RO         3171    i.TMR7_GLOBAL_IRQHandler  timer.o
    0x08005388   0x08005388   0x000001a8   Code   RO         3247    i.TriggerADC_Init   adc.o
    0x08005530   0x08005530   0x00000040   Code   RO         2944    i.UART1_SendDataDMA  usart.o
    0x08005570   0x08005570   0x00000040   Code   RO         2946    i.UART3_SendDataDMA  usart.o
    0x080055b0   0x080055b0   0x00000064   Code   RO         2947    i.UART4_IRQHandler  usart.o
    0x08005614   0x08005614   0x00000064   Code   RO         2949    i.USART1_IRQHandler  usart.o
    0x08005678   0x08005678   0x000000d0   Code   RO         2950    i.USART1_init       usart.o
    0x08005748   0x08005748   0x00000068   Code   RO         2951    i.USART2_IRQHandler  usart.o
    0x080057b0   0x080057b0   0x000000ac   Code   RO         2952    i.USART2_init       usart.o
    0x0800585c   0x0800585c   0x00000064   Code   RO         2953    i.USART3_IRQHandler  usart.o
    0x080058c0   0x080058c0   0x000000e8   Code   RO         2954    i.USART3_init       usart.o
    0x080059a8   0x080059a8   0x000000e4   Code   RO         2955    i.USART4_init       usart.o
    0x08005a8c   0x08005a8c   0x0000000c   Code   RO         3990    i.USBFS_L_CAN1_RX0_IRQHandler  usb.o
    0x08005a98   0x08005a98   0x00000002   Code   RO          326    i.UsageFault_Handler  at32f403a_407_int.o
    0x08005a9a   0x08005a9a   0x00000002   PAD
    0x08005a9c   0x08005a9c   0x000000cc   Code   RO         3096    i.UsartPrint        debug.o
    0x08005b68   0x08005b68   0x00000050   Code   RO         3723    i.W25Qxx_ErasePage  w25q64.o
    0x08005bb8   0x08005bb8   0x000000f0   Code   RO         3724    i.W25Qxx_Init       w25q64.o
    0x08005ca8   0x08005ca8   0x0000005c   Code   RO         3725    i.W25Qxx_Read       w25q64.o
    0x08005d04   0x08005d04   0x0000002c   Code   RO         3726    i.W25Qxx_ReadStatus  w25q64.o
    0x08005d30   0x08005d30   0x0000000c   Code   RO         3727    i.W25Qxx_WaitBusy   w25q64.o
    0x08005d3c   0x08005d3c   0x00000024   Code   RO         3728    i.W25Qxx_WriteEnable  w25q64.o
    0x08005d60   0x08005d60   0x0000006c   Code   RO         3729    i.W25Qxx_WritePage  w25q64.o
    0x08005dcc   0x08005dcc   0x00000124   Code   RO         3674    i.WS2812_init       ws2812.o
    0x08005ef0   0x08005ef0   0x00000054   Code   RO         3556    i.Write_Cali_Data   calibration.o
    0x08005f44   0x08005f44   0x00000026   Code   RO         5657    i.__ARM_fpclassifyf  m_wm.l(fpclassifyf.o)
    0x08005f6a   0x08005f6a   0x00000002   PAD
    0x08005f6c   0x08005f6c   0x000002ac   Code   RO         5597    i.__hardfp_atan2f   m_wm.l(atan2f.o)
    0x08006218   0x08006218   0x00000150   Code   RO         5609    i.__hardfp_cosf     m_wm.l(cosf.o)
    0x08006368   0x08006368   0x00000014   Code   RO         5621    i.__hardfp_fabs     m_wm.l(fabs.o)
    0x0800637c   0x0800637c   0x00000190   Code   RO         5627    i.__hardfp_sinf     m_wm.l(sinf.o)
    0x0800650c   0x0800650c   0x00000006   Code   RO         5660    i.__mathlib_flt_infnan  m_wm.l(funder.o)
    0x08006512   0x08006512   0x00000006   Code   RO         5661    i.__mathlib_flt_infnan2  m_wm.l(funder.o)
    0x08006518   0x08006518   0x00000010   Code   RO         5662    i.__mathlib_flt_invalid  m_wm.l(funder.o)
    0x08006528   0x08006528   0x00000010   Code   RO         5665    i.__mathlib_flt_underflow  m_wm.l(funder.o)
    0x08006538   0x08006538   0x00000154   Code   RO         5673    i.__mathlib_rredf2  m_wm.l(rredf.o)
    0x0800668c   0x0800668c   0x00000002   Code   RO         3097    i._sys_exit         debug.o
    0x0800668e   0x0800668e   0x00000002   PAD
    0x08006690   0x08006690   0x00000028   Code   RO         2790    i.acc_calibration_mode_enable  at32f403a_407_acc.o
    0x080066b8   0x080066b8   0x0000000c   Code   RO         2800    i.acc_write_c1      at32f403a_407_acc.o
    0x080066c4   0x080066c4   0x0000000c   Code   RO         2801    i.acc_write_c2      at32f403a_407_acc.o
    0x080066d0   0x080066d0   0x0000000c   Code   RO         2802    i.acc_write_c3      at32f403a_407_acc.o
    0x080066dc   0x080066dc   0x0000002c   Code   RO         2070    i.adc_base_config   at32f403a_407_adc.o
    0x08006708   0x08006708   0x0000000e   Code   RO         2071    i.adc_base_default_para_init  at32f403a_407_adc.o
    0x08006716   0x08006716   0x0000000a   Code   RO         2072    i.adc_calibration_init  at32f403a_407_adc.o
    0x08006720   0x08006720   0x0000000e   Code   RO         2073    i.adc_calibration_init_status_get  at32f403a_407_adc.o
    0x0800672e   0x0800672e   0x0000000a   Code   RO         2074    i.adc_calibration_start  at32f403a_407_adc.o
    0x08006738   0x08006738   0x0000000e   Code   RO         2075    i.adc_calibration_status_get  at32f403a_407_adc.o
    0x08006746   0x08006746   0x00000002   PAD
    0x08006748   0x08006748   0x00000010   Code   RO         2076    i.adc_combine_mode_select  at32f403a_407_adc.o
    0x08006758   0x08006758   0x000000ac   Code   RO         3248    i.adc_config        adc.o
    0x08006804   0x08006804   0x0000000a   Code   RO         2078    i.adc_dma_mode_enable  at32f403a_407_adc.o
    0x0800680e   0x0800680e   0x0000000a   Code   RO         2079    i.adc_enable        at32f403a_407_adc.o
    0x08006818   0x08006818   0x00000006   Code   RO         2080    i.adc_flag_clear    at32f403a_407_adc.o
    0x0800681e   0x0800681e   0x0000000e   Code   RO         2081    i.adc_flag_get      at32f403a_407_adc.o
    0x0800682c   0x0800682c   0x00000018   Code   RO         2082    i.adc_interrupt_enable  at32f403a_407_adc.o
    0x08006844   0x08006844   0x00000188   Code   RO         2083    i.adc_ordinary_channel_set  at32f403a_407_adc.o
    0x080069cc   0x080069cc   0x00000034   Code   RO         2085    i.adc_ordinary_conversion_trigger_set  at32f403a_407_adc.o
    0x08006a00   0x08006a00   0x0000000a   Code   RO         2088    i.adc_ordinary_software_trigger_enable  at32f403a_407_adc.o
    0x08006a0a   0x08006a0a   0x0000000a   Code   RO         2090    i.adc_preempt_auto_mode_enable  at32f403a_407_adc.o
    0x08006a14   0x08006a14   0x0000000c   Code   RO         2091    i.adc_preempt_channel_length_set  at32f403a_407_adc.o
    0x08006a20   0x08006a20   0x00000112   Code   RO         2092    i.adc_preempt_channel_set  at32f403a_407_adc.o
    0x08006b32   0x08006b32   0x00000034   Code   RO         2094    i.adc_preempt_conversion_trigger_set  at32f403a_407_adc.o
    0x08006b66   0x08006b66   0x00000002   PAD
    0x08006b68   0x08006b68   0x000000b8   Code   RO          505    i.battery_task      freertos_demo.o
    0x08006c20   0x08006c20   0x00000028   Code   RO          506    i.calibration_task  freertos_demo.o
    0x08006c48   0x08006c48   0x00000028   Code   RO         4368    i.cdc_struct_init   cdc_class.o
    0x08006c70   0x08006c70   0x00000022   Code   RO         4369    i.class_clear_handler  cdc_class.o
    0x08006c92   0x08006c92   0x0000002a   Code   RO         4370    i.class_ept0_rx_handler  cdc_class.o
    0x08006cbc   0x08006cbc   0x00000004   Code   RO         4371    i.class_ept0_tx_handler  cdc_class.o
    0x08006cc0   0x08006cc0   0x00000004   Code   RO         4372    i.class_event_handler  cdc_class.o
    0x08006cc4   0x08006cc4   0x0000000e   Code   RO         4373    i.class_in_handler  cdc_class.o
    0x08006cd2   0x08006cd2   0x00000066   Code   RO         4374    i.class_init_handler  cdc_class.o
    0x08006d38   0x08006d38   0x00000018   Code   RO         4375    i.class_out_handler  cdc_class.o
    0x08006d50   0x08006d50   0x0000009c   Code   RO         4376    i.class_setup_handler  cdc_class.o
    0x08006dec   0x08006dec   0x00000004   Code   RO         4377    i.class_sof_handler  cdc_class.o
    0x08006df0   0x08006df0   0x00000024   Code   RO          507    i.communication_task  freertos_demo.o
    0x08006e14   0x08006e14   0x00000068   Code   RO          508    i.control_task      freertos_demo.o
    0x08006e7c   0x08006e7c   0x0000001c   Code   RO          714    i.crm_adc_clock_div_set  at32f403a_407_crm.o
    0x08006e98   0x08006e98   0x00000010   Code   RO          715    i.crm_ahb_div_set   at32f403a_407_crm.o
    0x08006ea8   0x08006ea8   0x00000010   Code   RO          716    i.crm_apb1_div_set  at32f403a_407_crm.o
    0x08006eb8   0x08006eb8   0x00000010   Code   RO          717    i.crm_apb2_div_set  at32f403a_407_crm.o
    0x08006ec8   0x08006ec8   0x00000020   Code   RO          718    i.crm_auto_step_mode_enable  at32f403a_407_crm.o
    0x08006ee8   0x08006ee8   0x00000048   Code   RO          724    i.crm_clock_source_enable  at32f403a_407_crm.o
    0x08006f30   0x08006f30   0x000000e8   Code   RO          725    i.crm_clocks_freq_get  at32f403a_407_crm.o
    0x08007018   0x08007018   0x00000020   Code   RO          727    i.crm_flag_get      at32f403a_407_crm.o
    0x08007038   0x08007038   0x00000010   Code   RO          729    i.crm_hext_clock_div_set  at32f403a_407_crm.o
    0x08007048   0x08007048   0x0000002c   Code   RO          730    i.crm_hext_stable_wait  at32f403a_407_crm.o
    0x08007074   0x08007074   0x00000010   Code   RO          733    i.crm_hick_divider_select  at32f403a_407_crm.o
    0x08007084   0x08007084   0x0000001c   Code   RO          734    i.crm_hick_sclk_frequency_select  at32f403a_407_crm.o
    0x080070a0   0x080070a0   0x00000028   Code   RO          737    i.crm_periph_clock_enable  at32f403a_407_crm.o
    0x080070c8   0x080070c8   0x00000058   Code   RO          740    i.crm_pll_config    at32f403a_407_crm.o
    0x08007120   0x08007120   0x00000040   Code   RO          741    i.crm_reset         at32f403a_407_crm.o
    0x08007160   0x08007160   0x00000010   Code   RO          744    i.crm_sysclk_switch  at32f403a_407_crm.o
    0x08007170   0x08007170   0x00000010   Code   RO          745    i.crm_sysclk_switch_status_get  at32f403a_407_crm.o
    0x08007180   0x08007180   0x0000001c   Code   RO          747    i.crm_usb_clock_source_select  at32f403a_407_crm.o
    0x0800719c   0x0800719c   0x0000001c   Code   RO         3952    i.delay_init        delay.o
    0x080071b8   0x080071b8   0x00000028   Code   RO         3953    i.delay_ms          delay.o
    0x080071e0   0x080071e0   0x0000000a   Code   RO         1703    i.dma_channel_enable  at32f403a_407_dma.o
    0x080071ea   0x080071ea   0x00000002   PAD
    0x080071ec   0x080071ec   0x00000078   Code   RO         3249    i.dma_config        adc.o
    0x08007264   0x08007264   0x00000006   Code   RO         1704    i.dma_data_number_get  at32f403a_407_dma.o
    0x0800726a   0x0800726a   0x00000004   Code   RO         1705    i.dma_data_number_set  at32f403a_407_dma.o
    0x0800726e   0x0800726e   0x00000018   Code   RO         1706    i.dma_default_para_init  at32f403a_407_dma.o
    0x08007286   0x08007286   0x00000002   PAD
    0x08007288   0x08007288   0x00000020   Code   RO         1707    i.dma_flag_clear    at32f403a_407_dma.o
    0x080072a8   0x080072a8   0x00000024   Code   RO         1708    i.dma_flag_get      at32f403a_407_dma.o
    0x080072cc   0x080072cc   0x00000084   Code   RO         1709    i.dma_flexible_config  at32f403a_407_dma.o
    0x08007350   0x08007350   0x0000005c   Code   RO         1710    i.dma_init          at32f403a_407_dma.o
    0x080073ac   0x080073ac   0x00000014   Code   RO         1711    i.dma_interrupt_enable  at32f403a_407_dma.o
    0x080073c0   0x080073c0   0x0000005c   Code   RO         1712    i.dma_reset         at32f403a_407_dma.o
    0x0800741c   0x0800741c   0x00000006   Code   RO         3808    i.fabsf             control.o
    0x08007422   0x08007422   0x00000002   PAD
    0x08007424   0x08007424   0x00000018   Code   RO         3098    i.fputc             debug.o
    0x0800743c   0x0800743c   0x00000034   Code   RO          509    i.freertos_demo     freertos_demo.o
    0x08007470   0x08007470   0x00000038   Code   RO         4465    i.get_device_config_string  cdc_desc.o
    0x080074a8   0x080074a8   0x00000008   Code   RO         4466    i.get_device_configuration  cdc_desc.o
    0x080074b0   0x080074b0   0x00000008   Code   RO         4467    i.get_device_descriptor  cdc_desc.o
    0x080074b8   0x080074b8   0x0000003c   Code   RO         4468    i.get_device_interface_string  cdc_desc.o
    0x080074f4   0x080074f4   0x00000008   Code   RO         4469    i.get_device_lang_id  cdc_desc.o
    0x080074fc   0x080074fc   0x00000028   Code   RO         4470    i.get_device_manufacturer_string  cdc_desc.o
    0x08007524   0x08007524   0x00000004   Code   RO         4471    i.get_device_other_speed  cdc_desc.o
    0x08007528   0x08007528   0x00000038   Code   RO         4472    i.get_device_product_string  cdc_desc.o
    0x08007560   0x08007560   0x00000004   Code   RO         4473    i.get_device_qualifier  cdc_desc.o
    0x08007564   0x08007564   0x00000010   Code   RO         4474    i.get_device_serial_string  cdc_desc.o
    0x08007574   0x08007574   0x00000024   Code   RO         4475    i.get_serial_num    cdc_desc.o
    0x08007598   0x08007598   0x00000004   Code   RO          588    i.gpio_bits_reset   at32f403a_407_gpio.o
    0x0800759c   0x0800759c   0x00000004   Code   RO          589    i.gpio_bits_set     at32f403a_407_gpio.o
    0x080075a0   0x080075a0   0x0000002c   Code   RO         3250    i.gpio_config       adc.o
    0x080075cc   0x080075cc   0x00000016   Code   RO          591    i.gpio_default_para_init  at32f403a_407_gpio.o
    0x080075e2   0x080075e2   0x000000a6   Code   RO          595    i.gpio_init         at32f403a_407_gpio.o
    0x08007688   0x08007688   0x0000000e   Code   RO          596    i.gpio_input_data_bit_read  at32f403a_407_gpio.o
    0x08007696   0x08007696   0x00000002   PAD
    0x08007698   0x08007698   0x0000003c   Code   RO          601    i.gpio_pin_remap_config  at32f403a_407_gpio.o
    0x080076d4   0x080076d4   0x00000018   Code   RO            4    i.main              main.o
    0x080076ec   0x080076ec   0x00000078   Code   RO          944    i.nvic_irq_enable   at32f403a_407_misc.o
    0x08007764   0x08007764   0x00000024   Code   RO          946    i.nvic_priority_group_config  at32f403a_407_misc.o
    0x08007788   0x08007788   0x0000031c   Code   RO         3809    i.parameters_Init   control.o
    0x08007aa4   0x08007aa4   0x00000070   Code   RO         5005    i.prvAddCurrentTaskToDelayedList  tasks.o
    0x08007b14   0x08007b14   0x00000088   Code   RO         5006    i.prvAddNewTaskToReadyList  tasks.o
    0x08007b9c   0x08007b9c   0x0000003c   Code   RO         5007    i.prvCheckTasksWaitingTermination  tasks.o
    0x08007bd8   0x08007bd8   0x00000014   Code   RO         5008    i.prvDeleteTCB      tasks.o
    0x08007bec   0x08007bec   0x0000004c   Code   RO         5326    i.prvHeapInit       heap_4.o
    0x08007c38   0x08007c38   0x00000028   Code   RO         5009    i.prvIdleTask       tasks.o
    0x08007c60   0x08007c60   0x00000094   Code   RO         5010    i.prvInitialiseNewTask  tasks.o
    0x08007cf4   0x08007cf4   0x00000058   Code   RO         5011    i.prvInitialiseTaskLists  tasks.o
    0x08007d4c   0x08007d4c   0x00000054   Code   RO         5327    i.prvInsertBlockIntoFreeList  heap_4.o
    0x08007da0   0x08007da0   0x00000020   Code   RO         5012    i.prvResetNextTaskUnblockTime  tasks.o
    0x08007dc0   0x08007dc0   0x0000002c   Code   RO          414    i.prvTaskExitError  include_port.o
    0x08007dec   0x08007dec   0x000000ec   Code   RO         5328    i.pvPortMalloc      heap_4.o
    0x08007ed8   0x08007ed8   0x00000024   Code   RO          415    i.pxPortInitialiseStack  include_port.o
    0x08007efc   0x08007efc   0x00000016   Code   RO         1363    i.spi_default_para_init  at32f403a_407_spi.o
    0x08007f12   0x08007f12   0x0000000a   Code   RO         1364    i.spi_enable        at32f403a_407_spi.o
    0x08007f1c   0x08007f1c   0x0000000e   Code   RO         1373    i.spi_i2s_flag_get  at32f403a_407_spi.o
    0x08007f2a   0x08007f2a   0x0000010a   Code   RO         1376    i.spi_init          at32f403a_407_spi.o
    0x08008034   0x08008034   0x000000f4   Code   RO          510    i.start_task        freertos_demo.o
    0x08008128   0x08008128   0x000004bc   Code   RO         5402    i.svpwm             AT32F403A_FOC_LIB.lib(at32f403a_foc_lib.o)
    0x080085e4   0x080085e4   0x0000006c   Code   RO          294    i.system_clock_config  at32f403a_407_clock.o
    0x08008650   0x08008650   0x000000b0   Code   RO          379    i.system_core_clock_update  system_at32f403a_407.o
    0x08008700   0x08008700   0x0000001c   Code   RO          949    i.systick_clock_source_config  at32f403a_407_misc.o
    0x0800871c   0x0800871c   0x0000000e   Code   RO         1008    i.tmr_base_init     at32f403a_407_tmr.o
    0x0800872a   0x0800872a   0x00000048   Code   RO         1009    i.tmr_brkdt_config  at32f403a_407_tmr.o
    0x08008772   0x08008772   0x00000012   Code   RO         1010    i.tmr_brkdt_default_para_init  at32f403a_407_tmr.o
    0x08008784   0x08008784   0x00000020   Code   RO         1016    i.tmr_channel_value_set  at32f403a_407_tmr.o
    0x080087a4   0x080087a4   0x0000000a   Code   RO         1017    i.tmr_clock_source_div_set  at32f403a_407_tmr.o
    0x080087ae   0x080087ae   0x0000000a   Code   RO         1018    i.tmr_cnt_dir_set   at32f403a_407_tmr.o
    0x080087b8   0x080087b8   0x0000000a   Code   RO         1019    i.tmr_counter_enable  at32f403a_407_tmr.o
    0x080087c2   0x080087c2   0x00000018   Code   RO         1025    i.tmr_dma_request_enable  at32f403a_407_tmr.o
    0x080087da   0x080087da   0x00000006   Code   RO         1031    i.tmr_flag_clear    at32f403a_407_tmr.o
    0x080087e0   0x080087e0   0x0000000e   Code   RO         1032    i.tmr_flag_get      at32f403a_407_tmr.o
    0x080087ee   0x080087ee   0x00000018   Code   RO         1040    i.tmr_interrupt_enable  at32f403a_407_tmr.o
    0x08008806   0x08008806   0x00000038   Code   RO         1042    i.tmr_output_channel_buffer_enable  at32f403a_407_tmr.o
    0x0800883e   0x0800883e   0x000000d6   Code   RO         1043    i.tmr_output_channel_config  at32f403a_407_tmr.o
    0x08008914   0x08008914   0x00000012   Code   RO         1048    i.tmr_output_default_para_init  at32f403a_407_tmr.o
    0x08008926   0x08008926   0x0000000a   Code   RO         1049    i.tmr_output_enable  at32f403a_407_tmr.o
    0x08008930   0x08008930   0x0000000a   Code   RO         1052    i.tmr_period_buffer_enable  at32f403a_407_tmr.o
    0x0800893a   0x0800893a   0x0000000a   Code   RO         1517    i.usart_dma_receiver_enable  at32f403a_407_usart.o
    0x08008944   0x08008944   0x0000000a   Code   RO         1518    i.usart_dma_transmitter_enable  at32f403a_407_usart.o
    0x0800894e   0x0800894e   0x0000000a   Code   RO         1519    i.usart_enable      at32f403a_407_usart.o
    0x08008958   0x08008958   0x00000010   Code   RO         1520    i.usart_flag_clear  at32f403a_407_usart.o
    0x08008968   0x08008968   0x0000000e   Code   RO         1521    i.usart_flag_get    at32f403a_407_usart.o
    0x08008976   0x08008976   0x00000002   PAD
    0x08008978   0x08008978   0x00000080   Code   RO         1523    i.usart_init        at32f403a_407_usart.o
    0x080089f8   0x080089f8   0x00000022   Code   RO         1524    i.usart_interrupt_enable  at32f403a_407_usart.o
    0x08008a1a   0x08008a1a   0x0000000a   Code   RO         1530    i.usart_receiver_enable  at32f403a_407_usart.o
    0x08008a24   0x08008a24   0x0000000a   Code   RO         1537    i.usart_transmitter_enable  at32f403a_407_usart.o
    0x08008a2e   0x08008a2e   0x00000002   PAD
    0x08008a30   0x08008a30   0x00000024   Code   RO         3991    i.usb_ReadWrite     usb.o
    0x08008a54   0x08008a54   0x0000000c   Code   RO         2652    i.usb_buffer_free   at32f403a_407_usb.o
    0x08008a60   0x08008a60   0x00000038   Code   RO         3992    i.usb_clock48m_select  usb.o
    0x08008a98   0x08008a98   0x00000012   Code   RO         2654    i.usb_connect       at32f403a_407_usb.o
    0x08008aaa   0x08008aaa   0x0000001c   Code   RO         2655    i.usb_dev_init      at32f403a_407_usb.o
    0x08008ac6   0x08008ac6   0x00000012   Code   RO         2657    i.usb_enter_suspend  at32f403a_407_usb.o
    0x08008ad8   0x08008ad8   0x00000148   Code   RO         2658    i.usb_ept_close     at32f403a_407_usb.o
    0x08008c20   0x08008c20   0x0000038c   Code   RO         2659    i.usb_ept_open      at32f403a_407_usb.o
    0x08008fac   0x08008fac   0x00000012   Code   RO         2661    i.usb_exit_suspend  at32f403a_407_usb.o
    0x08008fbe   0x08008fbe   0x00000006   Code   RO         2662    i.usb_flag_clear    at32f403a_407_usb.o
    0x08008fc4   0x08008fc4   0x00000048   Code   RO         3993    i.usb_init          usb.o
    0x0800900c   0x0800900c   0x00000014   Code   RO         2664    i.usb_interrupt_enable  at32f403a_407_usb.o
    0x08009020   0x08009020   0x00000028   Code   RO         2665    i.usb_read_packet   at32f403a_407_usb.o
    0x08009048   0x08009048   0x00000012   Code   RO         2668    i.usb_set_address   at32f403a_407_usb.o
    0x0800905a   0x0800905a   0x0000005a   Code   RO         4378    i.usb_vcp_cmd_process  cdc_class.o
    0x080090b4   0x080090b4   0x00000040   Code   RO         4379    i.usb_vcp_get_rxdata  cdc_class.o
    0x080090f4   0x080090f4   0x00000028   Code   RO         4380    i.usb_vcp_send_data  cdc_class.o
    0x0800911c   0x0800911c   0x00000028   Code   RO         2670    i.usb_write_packet  at32f403a_407_usb.o
    0x08009144   0x08009144   0x00000048   Code   RO         4286    i.usbd_clear_feature  usbd_sdr.o
    0x0800918c   0x0800918c   0x00000064   Code   RO         4044    i.usbd_clear_stall  usbd_core.o
    0x080091f0   0x080091f0   0x00000006   Code   RO         4045    i.usbd_connect      usbd_core.o
    0x080091f6   0x080091f6   0x000000a8   Code   RO         4047    i.usbd_core_in_handler  usbd_core.o
    0x0800929e   0x0800929e   0x00000020   Code   RO         4048    i.usbd_core_init    usbd_core.o
    0x080092be   0x080092be   0x0000006c   Code   RO         4049    i.usbd_core_out_handler  usbd_core.o
    0x0800932a   0x0800932a   0x00000050   Code   RO         4050    i.usbd_core_setup_handler  usbd_core.o
    0x0800937a   0x0800937a   0x00000018   Code   RO         4051    i.usbd_ctrl_recv    usbd_core.o
    0x08009392   0x08009392   0x00000010   Code   RO         4052    i.usbd_ctrl_recv_status  usbd_core.o
    0x080093a2   0x080093a2   0x00000018   Code   RO         4053    i.usbd_ctrl_send    usbd_core.o
    0x080093ba   0x080093ba   0x00000010   Code   RO         4054    i.usbd_ctrl_send_status  usbd_core.o
    0x080093ca   0x080093ca   0x00000018   Code   RO         4055    i.usbd_ctrl_unsupport  usbd_core.o
    0x080093e2   0x080093e2   0x00000062   Code   RO         4287    i.usbd_device_request  usbd_sdr.o
    0x08009444   0x08009444   0x00000154   Code   RO         4288    i.usbd_endpoint_request  usbd_sdr.o
    0x08009598   0x08009598   0x00000006   Code   RO         4057    i.usbd_enter_suspend  usbd_core.o
    0x0800959e   0x0800959e   0x00000030   Code   RO         4059    i.usbd_ept_buf_custom_define  usbd_core.o
    0x080095ce   0x080095ce   0x0000001a   Code   RO         4060    i.usbd_ept_close    usbd_core.o
    0x080095e8   0x080095e8   0x00000048   Code   RO         4062    i.usbd_ept_defaut_init  usbd_core.o
    0x08009630   0x08009630   0x0000001a   Code   RO         4222    i.usbd_ept_loop_handler  usbd_int.o
    0x0800964a   0x0800964a   0x00000032   Code   RO         4063    i.usbd_ept_open     usbd_core.o
    0x0800967c   0x0800967c   0x00000050   Code   RO         4064    i.usbd_ept_recv     usbd_core.o
    0x080096cc   0x080096cc   0x000000e4   Code   RO         4065    i.usbd_ept_send     usbd_core.o
    0x080097b0   0x080097b0   0x00000184   Code   RO         4223    i.usbd_eptn_handler  usbd_int.o
    0x08009934   0x08009934   0x00000046   Code   RO         4289    i.usbd_get_configuration  usbd_sdr.o
    0x0800997a   0x0800997a   0x000000c6   Code   RO         4290    i.usbd_get_descriptor  usbd_sdr.o
    0x08009a40   0x08009a40   0x0000000e   Code   RO         4066    i.usbd_get_recv_len  usbd_core.o
    0x08009a4e   0x08009a4e   0x00000036   Code   RO         4291    i.usbd_get_status   usbd_sdr.o
    0x08009a84   0x08009a84   0x0000003a   Code   RO         4476    i.usbd_int_to_unicode  cdc_desc.o
    0x08009abe   0x08009abe   0x00000042   Code   RO         4292    i.usbd_interface_request  usbd_sdr.o
    0x08009b00   0x08009b00   0x0000008c   Code   RO         4224    i.usbd_irq_handler  usbd_int.o
    0x08009b8c   0x08009b8c   0x0000005c   Code   RO         4225    i.usbd_reset_handler  usbd_int.o
    0x08009be8   0x08009be8   0x00000048   Code   RO         4293    i.usbd_set_address  usbd_sdr.o
    0x08009c30   0x08009c30   0x000000ac   Code   RO         4294    i.usbd_set_configuration  usbd_sdr.o
    0x08009cdc   0x08009cdc   0x00000026   Code   RO         4295    i.usbd_set_feature  usbd_sdr.o
    0x08009d02   0x08009d02   0x00000002   PAD
    0x08009d04   0x08009d04   0x0000005c   Code   RO         4069    i.usbd_set_stall    usbd_core.o
    0x08009d60   0x08009d60   0x00000028   Code   RO         4296    i.usbd_setup_request_parse  usbd_sdr.o
    0x08009d88   0x08009d88   0x0000000c   Code   RO         4226    i.usbd_sof_handler  usbd_int.o
    0x08009d94   0x08009d94   0x0000002c   Code   RO         4227    i.usbd_suspend_handler  usbd_int.o
    0x08009dc0   0x08009dc0   0x00000032   Code   RO         4477    i.usbd_unicode_convert  cdc_desc.o
    0x08009df2   0x08009df2   0x00000026   Code   RO         4228    i.usbd_wakeup_handler  usbd_int.o
    0x08009e18   0x08009e18   0x00000026   Code   RO         4658    i.uxListRemove      list.o
    0x08009e3e   0x08009e3e   0x00000016   Code   RO         4659    i.vListInitialise   list.o
    0x08009e54   0x08009e54   0x00000006   Code   RO         4660    i.vListInitialiseItem  list.o
    0x08009e5a   0x08009e5a   0x00000030   Code   RO         4661    i.vListInsert       list.o
    0x08009e8a   0x08009e8a   0x00000018   Code   RO         4662    i.vListInsertEnd    list.o
    0x08009ea2   0x08009ea2   0x00000002   PAD
    0x08009ea4   0x08009ea4   0x00000040   Code   RO          417    i.vPortEnterCritical  include_port.o
    0x08009ee4   0x08009ee4   0x0000002c   Code   RO          418    i.vPortExitCritical  include_port.o
    0x08009f10   0x08009f10   0x00000064   Code   RO         5329    i.vPortFree         heap_4.o
    0x08009f74   0x08009f74   0x00000024   Code   RO          419    i.vPortSetupTimerInterrupt  include_port.o
    0x08009f98   0x08009f98   0x00000050   Code   RO         5021    i.vTaskDelay        tasks.o
    0x08009fe8   0x08009fe8   0x000000ac   Code   RO         5022    i.vTaskDelete       tasks.o
    0x0800a094   0x0800a094   0x00000068   Code   RO         5034    i.vTaskStartScheduler  tasks.o
    0x0800a0fc   0x0800a0fc   0x00000010   Code   RO         5036    i.vTaskSuspendAll   tasks.o
    0x0800a10c   0x0800a10c   0x00000060   Code   RO         5037    i.vTaskSwitchContext  tasks.o
    0x0800a16c   0x0800a16c   0x000000f4   Code   RO          421    i.xPortStartScheduler  include_port.o
    0x0800a260   0x0800a260   0x00000060   Code   RO         5040    i.xTaskCreate       tasks.o
    0x0800a2c0   0x0800a2c0   0x000000d0   Code   RO         5049    i.xTaskIncrementTick  tasks.o
    0x0800a390   0x0800a390   0x000000cc   Code   RO         5053    i.xTaskResumeAll    tasks.o
    0x0800a45c   0x0800a45c   0x00000018   Code   RO         5648    x$fpl$dcmpinf       fz_wm.l(dcmpi.o)
    0x0800a474   0x0800a474   0x00000078   Code   RO         5593    x$fpl$dleqf         fz_wm.l(dleqf.o)
    0x0800a4ec   0x0800a4ec   0x0000009c   Code   RO         5650    x$fpl$dnaninf       fz_wm.l(dnaninf.o)
    0x0800a588   0x0800a588   0x0000000c   Code   RO         5652    x$fpl$dretinf       fz_wm.l(dretinf.o)
    0x0800a594   0x0800a594   0x00000056   Code   RO         5595    x$fpl$f2d           fz_wm.l(f2d.o)
    0x0800a5ea   0x0800a5ea   0x0000008c   Code   RO         5654    x$fpl$fnaninf       fz_wm.l(fnaninf.o)
    0x0800a676   0x0800a676   0x0000000a   Code   RO         5773    x$fpl$fpinit        fz_wm.l(fpinit.o)
    0x0800a680   0x0800a680   0x00000000   Code   RO         5656    x$fpl$usenofp       fz_wm.l(usenofp.o)
    0x0800a680   0x0800a680   0x00000010   Data   RO          380    .constdata          system_at32f403a_407.o
    0x0800a690   0x0800a690   0x00000028   Data   RO          749    .constdata          at32f403a_407_crm.o
    0x0800a6b8   0x0800a6b8   0x00000020   Data   RO         5674    .constdata          m_wm.l(rredf.o)
    0x0800a6d8   0x0800a6d8   0x00000500   Data   RO         3100    .conststring        debug.o
    0x0800abd8   0x0800abd8   0x00000020   Data   RO         5839    Region$$Table       anon$$obj.o


    Execution Region RW_IRAM1 (Exec base: 0x20000000, Load base: 0x0800abf8, Size: 0x000072f0, Max: 0x00018000, ABSOLUTE, COMPRESSED[0x00000104])

    Exec Addr    Load Addr    Size         Type   Attr      Idx    E Section Name        Object

    0x20000000   COMPRESSED   0x00000004   Data   RW          381    .data               system_at32f403a_407.o
    0x20000004   COMPRESSED   0x00000010   Data   RW          422    .data               include_port.o
    0x20000014   COMPRESSED   0x00000020   Data   RW          513    .data               freertos_demo.o
    0x20000034   COMPRESSED   0x00000008   Data   RW         2671    .data               at32f403a_407_usb.o
    0x2000003c   COMPRESSED   0x00000006   Data   RW         2890    .data               led.o
    0x20000042   COMPRESSED   0x00000007   Data   RW         2958    .data               usart.o
    0x20000049   COMPRESSED   0x00000001   PAD
    0x2000004a   COMPRESSED   0x00000006   Data   RW         3101    .data               debug.o
    0x20000050   COMPRESSED   0x00000004   Data   RW         3102    .data               debug.o
    0x20000054   COMPRESSED   0x00000001   Data   RW         3174    .data               timer.o
    0x20000055   COMPRESSED   0x00000001   PAD
    0x20000056   COMPRESSED   0x00000006   Data   RW         3251    .data               adc.o
    0x2000005c   COMPRESSED   0x0000001a   Data   RW         3333    .data               encoder.o
    0x20000076   COMPRESSED   0x00000001   Data   RW         3418    .data               mpu6500.o
    0x20000077   COMPRESSED   0x00000001   Data   RW         3474    .data               ahrs.o
    0x20000078   COMPRESSED   0x00000006   Data   RW         3513    .data               key.o
    0x2000007e   COMPRESSED   0x00000006   Data   RW         3558    .data               calibration.o
    0x20000084   COMPRESSED   0x00000001   Data   RW         3678    .data               ws2812.o
    0x20000085   COMPRESSED   0x00000003   PAD
    0x20000088   COMPRESSED   0x00000024   Data   RW         3812    .data               control.o
    0x200000ac   COMPRESSED   0x00000008   Data   RW         3918    .data               rcdata.o
    0x200000b4   COMPRESSED   0x00000004   Data   RW         3955    .data               delay.o
    0x200000b8   COMPRESSED   0x00000001   Data   RW         4297    .data               usbd_sdr.o
    0x200000b9   COMPRESSED   0x00000003   PAD
    0x200000bc   COMPRESSED   0x00000008   Data   RW         4382    .data               cdc_class.o
    0x200000c4   COMPRESSED   0x00000028   Data   RW         4383    .data               cdc_class.o
    0x200000ec   COMPRESSED   0x00000028   Data   RW         4479    .data               cdc_desc.o
    0x20000114   COMPRESSED   0x00000012   Data   RW         4480    .data               cdc_desc.o
    0x20000126   COMPRESSED   0x00000002   PAD
    0x20000128   COMPRESSED   0x00000043   Data   RW         4481    .data               cdc_desc.o
    0x2000016b   COMPRESSED   0x00000001   PAD
    0x2000016c   COMPRESSED   0x00000004   Data   RW         4482    .data               cdc_desc.o
    0x20000170   COMPRESSED   0x00000042   Data   RW         4483    .data               cdc_desc.o
    0x200001b2   COMPRESSED   0x00000002   PAD
    0x200001b4   COMPRESSED   0x00000040   Data   RW         5056    .data               tasks.o
    0x200001f4   COMPRESSED   0x00000020   Data   RW         5335    .data               heap_4.o
    0x20000214   COMPRESSED   0x0000005c   Data   RW         5404    .data               AT32F403A_FOC_LIB.lib(at32f403a_foc_lib.o)
    0x20000270        -       0x00000900   Zero   RW         2956    .bss                usart.o
    0x20000b70        -       0x00000488   Zero   RW         3099    .bss                debug.o
    0x20000ff8        -       0x00000014   Zero   RW         3173    .bss                timer.o
    0x2000100c        -       0x000000ae   Zero   RW         3473    .bss                ahrs.o
    0x200010ba        -       0x0000012e   Zero   RW         3557    .bss                calibration.o
    0x200011e8        -       0x000002a2   Zero   RW         3676    .bss                ws2812.o
    0x2000148a   COMPRESSED   0x00000002   PAD
    0x2000148c        -       0x0000023e   Zero   RW         3810    .bss                control.o
    0x200016ca   COMPRESSED   0x00000002   PAD
    0x200016cc        -       0x00000054   Zero   RW         3915    .bss                rcdata.o
    0x20001720        -       0x0000022c   Zero   RW         3994    .bss                usb.o
    0x2000194c        -       0x0000005c   Zero   RW         4381    .bss                cdc_class.o
    0x200019a8        -       0x00000100   Zero   RW         4478    .bss                cdc_desc.o
    0x20001aa8        -       0x000000c8   Zero   RW         5055    .bss                tasks.o
    0x20001b70        -       0x00005000   Zero   RW         5334    .bss                heap_4.o
    0x20006b70        -       0x00000120   Zero   RW         5403    .bss                AT32F403A_FOC_LIB.lib(at32f403a_foc_lib.o)
    0x20006c90        -       0x00000060   Zero   RW         5703    .bss                c_w.l(libspace.o)
    0x20006cf0        -       0x00000200   Zero   RW          579    HEAP                startup_at32f403a_407.o
    0x20006ef0        -       0x00000400   Zero   RW          578    STACK               startup_at32f403a_407.o


==============================================================================

Image component sizes


      Code (inc. data)   RO Data    RW Data    ZI Data      Debug   Object Name

      1018        104          0          6          0       5223   adc.o
       844         54          0          1        174       6404   ahrs.o
       116          4          0          0          0        587   app.o
        76         24          0          0          0       2395   at32f403a_407_acc.o
       988         58          0          0          0      13536   at32f403a_407_adc.o
       108          0          0          0          0        586   at32f403a_407_clock.o
       800        112         40          0          0      12506   at32f403a_407_crm.o
       448         28          0          0          0       7161   at32f403a_407_dma.o
       270          6          0          0          0       4922   at32f403a_407_gpio.o
        12          0          0          0          0       2793   at32f403a_407_int.o
       184         14          0          0          0      32636   at32f403a_407_misc.o
       312          0          0          0          0       3171   at32f403a_407_spi.o
       542          0          0          0          0      11540   at32f403a_407_tmr.o
       242         16          0          0          0       6663   at32f403a_407_usart.o
      1454         34          0          8          0      17883   at32f403a_407_usb.o
      1272        150          0          6        302       5334   calibration.o
       618          4          0         48         92      10427   cdc_class.o
       404        148          0        195        256       8047   cdc_desc.o
      3300        304          0         36        574      14129   control.o
      1254        536       1280         10       1160       6870   debug.o
        68         10          0          4          0       1252   delay.o
      1824        134          0         26          0       8533   encoder.o
         0          0          0          0          0       5240   event_groups.o
       668        192          0         32          0       5581   freertos_demo.o
       132         12          0          0          0        610   gpio_config.o
       496         24          0         32      20480       7599   heap_4.o
       702         74          0         16          0      11108   include_port.o
       292         36          0          6          0       1529   key.o
       848         40          0          6          0       3307   led.o
       138          0          0          0          0       3554   list.o
        24          0          0          0          0     101498   main.o
       664         62          0          1          0       4720   mpu6500.o
      2076         88          0          8         84       3135   rcdata.o
        64         26        388          0       1536        896   startup_at32f403a_407.o
       264         44         16          4          0       2376   system_at32f403a_407.o
      1612        132          0         64        200      22485   tasks.o
      1032         98          0          1         20       4069   timer.o
      2364        310          0          7       2304      13171   usart.o
       176         46          0          0        556       2786   usb.o
      1214         30          0          0          0      14495   usbd_core.o
       740         12          0          0          0       5588   usbd_int.o
      1220         30          0          1          0       8866   usbd_sdr.o
       758         54          0          0          0       6409   w25q64.o
       340         34          0          1        674       2054   ws2812.o

    ----------------------------------------------------------------------
     32020       3084       1756        532      28416     413674   Object Totals
         0          0         32          0          0          0   (incl. Generated)
        42          0          0         13          4          0   (incl. Padding)

    ----------------------------------------------------------------------

      Code (inc. data)   RO Data    RW Data    ZI Data      Debug   Library Member Name

      6896        428          0         92        288      17444   at32f403a_foc_lib.o
        90          0          0          0          0          0   __dczerorl2.o
         8          0          0          0          0         68   __main.o
        40          0          0          0          0         84   __printf_nopercent.o
         0          0          0          0          0          0   __rtentry.o
        12          0          0          0          0          0   __rtentry2.o
         6          0          0          0          0          0   __rtentry4.o
        52          8          0          0          0          0   __scatter.o
        28          0          0          0          0          0   __scatter_zi.o
        48          6          0          0          0         96   _printf_char_common.o
        36          4          0          0          0         80   _printf_char_file.o
        22          0          0          0          0        100   _rserrno.o
        18          0          0          0          0         80   exit.o
         8          0          0          0          0         68   ferror.o
         6          0          0          0          0        152   heapauxi.o
         2          0          0          0          0          0   libinit.o
         6          0          0          0          0          0   libinit2.o
         2          0          0          0          0          0   libshutdown.o
         2          0          0          0          0          0   libshutdown2.o
         8          4          0          0         96         68   libspace.o
        24          4          0          0          0         84   noretval__2printf.o
         8          4          0          0          0         68   rt_errno_addr_intlibspace.o
        68          0          0          0          0         68   rt_memclr.o
        78          0          0          0          0         80   rt_memclr_w.o
       138          0          0          0          0         68   rt_memcpy_v6.o
       100          0          0          0          0         80   rt_memcpy_w.o
         2          0          0          0          0          0   rtexit.o
        10          0          0          0          0          0   rtexit2.o
        74          0          0          0          0         80   sys_stackheap_outer.o
         2          0          0          0          0         68   use_no_semi.o
         2          0          0          0          0         68   use_no_semi_2.o
        24          0          0          0          0        116   dcmpi.o
       120          4          0          0          0        140   dleqf.o
       156          4          0          0          0        140   dnaninf.o
        12          0          0          0          0        116   dretinf.o
        86          4          0          0          0        132   f2d.o
       140          4          0          0          0        132   fnaninf.o
        10          0          0          0          0        116   fpinit.o
         0          0          0          0          0          0   usenofp.o
       684         90          0          0          0        208   atan2f.o
       336         56          0          0          0        136   cosf.o
        20          0          0          0          0        124   fabs.o
        38          0          0          0          0        116   fpclassifyf.o
        44         12          0          0          0        464   funder.o
       340         24         32          0          0        160   rredf.o
       400         56          0          0          0        212   sinf.o

    ----------------------------------------------------------------------
     10216        712         32         92        384      21216   Library Totals
        10          0          0          0          0          0   (incl. Padding)

    ----------------------------------------------------------------------

      Code (inc. data)   RO Data    RW Data    ZI Data      Debug   Library Name

      6896        428          0         92        288      17444   AT32F403A_FOC_LIB.lib
       900         30          0          0         96       1460   c_w.l
       548         16          0          0          0        892   fz_wm.l
      1862        238         32          0          0       1420   m_wm.l

    ----------------------------------------------------------------------
     10216        712         32         92        384      21216   Library Totals

    ----------------------------------------------------------------------

==============================================================================


      Code (inc. data)   RO Data    RW Data    ZI Data      Debug   

     42236       3796       1788        624      28800     401562   Grand Totals
     42236       3796       1788        260      28800     401562   ELF Image Totals (compressed)
     42236       3796       1788        260          0          0   ROM Totals

==============================================================================

    Total RO  Size (Code + RO Data)                44024 (  42.99kB)
    Total RW  Size (RW Data + ZI Data)             29424 (  28.73kB)
    Total ROM Size (Code + RO Data + RW Data)      44284 (  43.25kB)

==============================================================================

