<html>
<body>
<pre>
<h1>µVision Build Log</h1>
<h2>Tool Versions:</h2>
IDE-Version: ¦ÌVision V5.40.0.0
Copyright (C) 2024 ARM Ltd and ARM Germany GmbH. All rights reserved.
License Information: z whyt, 1113, LIC=8VRJ7-E5MKU-QDFKD-8SYQF-N90MX-W1GUQ
 
Tool Versions:
Toolchain:       MDK-ARM Plus  Version: 5.40.0.3
Toolchain Path:  F:\Keil_v5\ARM\ARMCompiler_506\Bin
C Compiler:      Armcc.exe V5.06 update 7 (build 960)
Assembler:       Armasm.exe V5.06 update 7 (build 960)
Linker/Locator:  ArmLink.exe V5.06 update 7 (build 960)
Library Manager: ArmAr.exe V5.06 update 7 (build 960)
Hex Converter:   FromElf.exe V5.06 update 7 (build 960)
CPU DLL:         SARMCM3.DLL V5.40.0.3
Dialog DLL:      DCM.DLL V1.17.5.0
Target DLL:      UL2CM3.DLL V1.164.11.0
Dialog DLL:      TCM.DLL V1.56.4.0
 
<h2>Project:</h2>
D:\Desktop\RTOS\Super_Balance-master - RTOS_AT_Ô­\USER\AT32F403A.uvprojx
Project File Date:  11/30/2024

<h2>Output:</h2>
*** Using Compiler 'V5.06 update 7 (build 960)', folder: 'F:\Keil_v5\ARM\ARMCompiler_506\Bin'
Rebuild target 'Target 1'
assembling startup_at32f403a_407.s...
compiling at32f403a_407_adc.c...
compiling at32f403a_407_usart.c...
compiling include_port.c...
compiling at32f403a_407_spi.c...
compiling system_at32f403a_407.c...
compiling at32f403a_407_int.c...
compiling at32f403a_407_crm.c...
compiling at32f403a_407_gpio.c...
compiling at32f403a_407_tmr.c...
compiling at32f403a_407_misc.c...
compiling at32f403a_407_clock.c...
compiling at32f403a_407_dma.c...
compiling at32f403a_407_flash.c...
compiling main.c...
compiling at32f403a_407_can.c...
compiling at32f403a_407_i2c.c...
compiling at32f403a_407_usb.c...
compiling at32f403a_407_acc.c...
compiling Debug.c...
compiling usart.c...
compiling led.c...
compiling timer.c...
compiling Encoder.c...
compiling MPU6500.c...
compiling adc.c...
compiling app.c...
compiling key.c...
compiling AHRS.c...
compiling WS2812.c...
compiling Gpio_Config.c...
compiling Calibration.c...
compiling W25Q64.c...
compiling croutine.c...
compiling list.c...
compiling event_groups.c...
compiling Control.c...
compiling delay.c...
compiling RcData.c...
compiling stream_buffer.c...
compiling queue.c...
compiling usbd_core.c...
compiling usb.c...
compiling usbd_sdr.c...
compiling cdc_desc.c...
compiling timers.c...
compiling cdc_class.c...
compiling heap_4.c...
compiling usbd_int.c...
compiling tasks.c...
linking...
Program Size: Code=40280 RO-data=1788 RW-data=564 ZI-data=8380  
FromELF: creating hex file...
After Build - User command #1: fromelf --bin .\Objects\AT32F403A.axf --output "../bin/AT32_Super_Balance.bin"
".\Objects\AT32F403A.axf" - 0 Error(s), 0 Warning(s).

<h2>Software Packages used:</h2>

Package Vendor: ArteryTek
                
                ArteryTek::AT32F403A_407_DFP@2.2.0
                ArteryTek AT32F403A_407 Series Device Support,Drivers

<h2>Collection of Component include folders:</h2>
  F:/Keil_v5/Packs/ArteryTek/AT32F403A_407_DFP/2.2.0/Device/Include

<h2>Collection of Component Files used:</h2>
Build Time Elapsed:  00:00:13
</pre>
</body>
</html>
