<html>
<body>
<pre>
<h1>µVision Build Log</h1>
<h2>Tool Versions:</h2>
IDE-Version: ¦ÌVision V5.40.0.0
Copyright (C) 2024 ARM Ltd and ARM Germany GmbH. All rights reserved.
License Information: z whyt, 1113, LIC=8VRJ7-E5MKU-QDFKD-8SYQF-N90MX-W1GUQ
 
Tool Versions:
Toolchain:       MDK-ARM Plus  Version: 5.40.0.3
Toolchain Path:  F:\Keil_v5\ARM\ARMCompiler_506\Bin
C Compiler:      Armcc.exe V5.06 update 7 (build 960)
Assembler:       Armasm.exe V5.06 update 7 (build 960)
Linker/Locator:  ArmLink.exe V5.06 update 7 (build 960)
Library Manager: ArmAr.exe V5.06 update 7 (build 960)
Hex Converter:   FromElf.exe V5.06 update 7 (build 960)
CPU DLL:         SARMCM3.DLL V5.40.0.3
Dialog DLL:      DCM.DLL V1.17.5.0
Target DLL:      UL2CM3.DLL V1.164.11.0
Dialog DLL:      TCM.DLL V1.56.4.0
 
<h2>Project:</h2>
D:\Desktop\RTOS\Super_Balance-master\USER\AT32F403A.uvprojx
Project File Date:  11/18/2024

<h2>Output:</h2>
*** Using Compiler 'V5.06 update 7 (build 960)', folder: 'F:\Keil_v5\ARM\ARMCompiler_506\Bin'
Build target 'Target 1'
compiling Control.c...
linking...
Program Size: Code=39648 RO-data=1788 RW-data=500 ZI-data=8180  
FromELF: creating hex file...
After Build - User command #1: fromelf --bin .\Objects\AT32F403A.axf --output "../bin/AT32_Super_Balance.bin"
".\Objects\AT32F403A.axf" - 0 Error(s), 0 Warning(s).

<h2>Software Packages used:</h2>

Package Vendor: ArteryTek
                
                ArteryTek::AT32F403A_407_DFP@2.2.0
                ArteryTek AT32F403A_407 Series Device Support,Drivers

<h2>Collection of Component include folders:</h2>
  F:/Keil_v5/Packs/ArteryTek/AT32F403A_407_DFP/2.2.0/Device/Include

<h2>Collection of Component Files used:</h2>
Build Time Elapsed:  00:00:05
</pre>
</body>
</html>
